49.44.82.7 - - [22/Dec/2022:02:26:58 -0800] "GET / HTTP/1.1" 301 438 "-" "Mozilla/5.0 (Windows NT 10.0; Win64; x64) AppleWebKit/537.36 (KHTML, like Gecko) Chrome/107.0.0.0 Safari/537.36" 
49.44.82.7 - - [22/Dec/2022:02:27:00 -0800] "GET / HTTP/1.1" 200 13159 "-" "Mozilla/5.0 (Windows NT 10.0; Win64; x64) AppleWebKit/537.36 (KHTML, like Gecko) Chrome/107.0.0.0 Safari/537.36" 
49.44.87.74 - - [22/Dec/2022:02:27:00 -0800] "GET / HTTP/1.1" 301 438 "-" "Mozilla/5.0 (Windows NT 10.0; Win64; x64) AppleWebKit/537.36 (KHTML, like Gecko) Chrome/107.0.0.0 Safari/537.36" 
49.44.82.7 - - [22/Dec/2022:02:27:01 -0800] "GET /GitHub-Mark.png HTTP/1.1" 200 7529 "http://www.secrepo.com/" "Mozilla/5.0 (Windows NT 10.0; Win64; x64) AppleWebKit/537.36 (KHTML, like Gecko) Chrome/107.0.0.0 Safari/537.36" 
49.44.82.7 - - [22/Dec/2022:02:27:01 -0800] "GET /css/style.css HTTP/1.1" 404 301 "http://www.secrepo.com/" "Mozilla/5.0 (Windows NT 10.0; Win64; x64) AppleWebKit/537.36 (KHTML, like Gecko) Chrome/107.0.0.0 Safari/537.36" 
49.44.82.7 - - [22/Dec/2022:02:27:01 -0800] "GET /twitter-icon.png HTTP/1.1" 200 27889 "http://www.secrepo.com/" "Mozilla/5.0 (Windows NT 10.0; Win64; x64) AppleWebKit/537.36 (KHTML, like Gecko) Chrome/107.0.0.0 Safari/537.36" 
49.44.87.74 - - [22/Dec/2022:02:27:01 -0800] "GET / HTTP/1.1" 200 13159 "-" "Mozilla/5.0 (Windows NT 10.0; Win64; x64) AppleWebKit/537.36 (KHTML, like Gecko) Chrome/107.0.0.0 Safari/537.36" 
49.44.87.74 - - [22/Dec/2022:02:27:03 -0800] "GET /css/style.css HTTP/1.1" 404 301 "http://www.secrepo.com/" "Mozilla/5.0 (Windows NT 10.0; Win64; x64) AppleWebKit/537.36 (KHTML, like Gecko) Chrome/107.0.0.0 Safari/537.36" 
49.44.87.74 - - [22/Dec/2022:02:27:03 -0800] "GET /GitHub-Mark.png HTTP/1.1" 200 7529 "http://www.secrepo.com/" "Mozilla/5.0 (Windows NT 10.0; Win64; x64) AppleWebKit/537.36 (KHTML, like Gecko) Chrome/107.0.0.0 Safari/537.36" 
49.44.87.74 - - [22/Dec/2022:02:27:03 -0800] "GET /twitter-icon.png HTTP/1.1" 200 27889 "http://www.secrepo.com/" "Mozilla/5.0 (Windows NT 10.0; Win64; x64) AppleWebKit/537.36 (KHTML, like Gecko) Chrome/107.0.0.0 Safari/537.36" 
40.77.167.60 - - [22/Dec/2022:02:27:09 -0800] "GET /self.logs/access.log.2021-08-25.gz HTTP/1.1" 200 16783 "-" "Mozilla/5.0 AppleWebKit/537.36 (KHTML, like Gecko; compatible; bingbot/2.0; +http://www.bing.com/bingbot.htm) Chrome/103.0.5060.134 Safari/537.36" 
103.131.71.208 - - [22/Dec/2022:02:34:32 -0800] "GET /robots.txt HTTP/1.1" 301 458 "-" "Mozilla/5.0 (compatible; coccocbot-image/1.0; +http://help.coccoc.com/searchengine)" 
103.131.71.208 - - [22/Dec/2022:02:34:34 -0800] "GET /robots.txt HTTP/1.1" 200 350 "-" "Mozilla/5.0 (compatible; coccocbot-image/1.0; +http://help.coccoc.com/searchengine)" 
157.55.39.161 - - [22/Dec/2022:02:34:48 -0800] "GET /self.logs/access.log.2017-07-19.gz HTTP/1.1" 200 22626 "-" "Mozilla/5.0 (compatible; bingbot/2.0; +http://www.bing.com/bingbot.htm)" 
40.77.167.60 - - [22/Dec/2022:02:39:30 -0800] "GET /self.logs/access.log.2019-09-09.gz HTTP/1.1" 200 27499 "-" "Mozilla/5.0 AppleWebKit/537.36 (KHTML, like Gecko; compatible; bingbot/2.0; +http://www.bing.com/bingbot.htm) Chrome/103.0.5060.134 Safari/537.36" 
98.51.1.93 - - [22/Dec/2022:02:40:18 -0800] "GET / HTTP/1.1" 200 13195 "-" "Mozilla/5.0 (iPhone; CPU iPhone OS 16_2 like Mac OS X) AppleWebKit/605.1.15 (KHTML, like Gecko) Version/16.2 Mobile/15E148 Safari/604.1" 
98.51.1.93 - - [22/Dec/2022:02:40:18 -0800] "GET /css/style.css HTTP/1.1" 404 315 "http://www.secrepo.com/" "Mozilla/5.0 (iPhone; CPU iPhone OS 16_2 like Mac OS X) AppleWebKit/605.1.15 (KHTML, like Gecko) Version/16.2 Mobile/15E148 Safari/604.1" 
98.51.1.93 - - [22/Dec/2022:02:40:18 -0800] "GET /twitter-icon.png HTTP/1.1" 200 27926 "http://www.secrepo.com/" "Mozilla/5.0 (iPhone; CPU iPhone OS 16_2 like Mac OS X) AppleWebKit/605.1.15 (KHTML, like Gecko) Version/16.2 Mobile/15E148 Safari/604.1" 
98.51.1.93 - - [22/Dec/2022:02:40:20 -0800] "GET /css/style.css HTTP/1.1" 404 338 "http://www.secrepo.com/" "Mozilla/5.0 (iPhone; CPU iPhone OS 16_2 like Mac OS X) AppleWebKit/605.1.15 (KHTML, like Gecko) Version/16.2 Mobile/15E148 Safari/604.1" 
98.51.1.93 - - [22/Dec/2022:02:40:20 -0800] "GET /GitHub-Mark.png HTTP/1.1" 200 7543 "http://www.secrepo.com/" "Mozilla/5.0 (iPhone; CPU iPhone OS 16_2 like Mac OS X) AppleWebKit/605.1.15 (KHTML, like Gecko) Version/16.2 Mobile/15E148 Safari/604.1" 
98.51.1.93 - - [22/Dec/2022:02:40:20 -0800] "GET /twitter-icon.png HTTP/1.1" 200 27926 "http://www.secrepo.com/" "Mozilla/5.0 (iPhone; CPU iPhone OS 16_2 like Mac OS X) AppleWebKit/605.1.15 (KHTML, like Gecko) Version/16.2 Mobile/15E148 Safari/604.1" 
40.77.167.50 - - [22/Dec/2022:02:40:20 -0800] "GET /self.logs/ HTTP/1.1" 200 40333 "-" "Mozilla/5.0 (compatible; bingbot/2.0; +http://www.bing.com/bingbot.htm)" 
207.46.13.45 - - [22/Dec/2022:02:41:54 -0800] "GET /self.logs/error.log.2018-06-10.gz HTTP/1.1" 200 8142 "-" "Mozilla/5.0 AppleWebKit/537.36 (KHTML, like Gecko; compatible; bingbot/2.0; +http://www.bing.com/bingbot.htm) Chrome/103.0.5060.134 Safari/537.36" 
5.255.231.118 - - [22/Dec/2022:02:42:09 -0800] "GET /robots.txt HTTP/1.1" 301 495 "-" "Mozilla/5.0 (compatible; YandexBot/3.0; +http://yandex.com/bots)" 
5.255.231.118 - - [22/Dec/2022:02:42:10 -0800] "GET /robots.txt HTTP/1.1" 200 364 "-" "Mozilla/5.0 (compatible; YandexBot/3.0; +http://yandex.com/bots)" 
5.255.231.118 - - [22/Dec/2022:02:42:13 -0800] "GET / HTTP/1.1" 301 474 "-" "Mozilla/5.0 (compatible; YandexBot/3.0; +http://yandex.com/bots)" 
5.255.231.118 - - [22/Dec/2022:02:42:17 -0800] "GET /robots.txt HTTP/1.1" 200 364 "-" "Mozilla/5.0 (compatible; YandexBot/3.0; +http://yandex.com/bots)" 
5.255.231.118 - - [22/Dec/2022:02:42:21 -0800] "GET / HTTP/1.1" 200 13172 "-" "Mozilla/5.0 (compatible; YandexBot/3.0; +http://yandex.com/bots)" 
207.46.13.45 - - [22/Dec/2022:02:42:54 -0800] "GET /self.logs/error.log.2018-05-22.gz HTTP/1.1" 200 3819 "-" "Mozilla/5.0 AppleWebKit/537.36 (KHTML, like Gecko; compatible; bingbot/2.0; +http://www.bing.com/bingbot.htm) Chrome/103.0.5060.134 Safari/537.36" 
207.46.13.201 - - [22/Dec/2022:02:49:46 -0800] "GET /self.logs/access.log.2021-12-12.gz HTTP/1.1" 200 11275 "-" "Mozilla/5.0 AppleWebKit/537.36 (KHTML, like Gecko; compatible; bingbot/2.0; +http://www.bing.com/bingbot.htm) Chrome/103.0.5060.134 Safari/537.36" 
40.77.167.60 - - [22/Dec/2022:02:52:11 -0800] "GET /self.logs/access.log.2020-02-14.gz HTTP/1.1" 200 14785 "-" "Mozilla/5.0 AppleWebKit/537.36 (KHTML, like Gecko; compatible; bingbot/2.0; +http://www.bing.com/bingbot.htm) Chrome/103.0.5060.134 Safari/537.36" 
40.77.167.50 - - [22/Dec/2022:02:53:01 -0800] "GET /self.logs/error.log.2021-10-14.gz HTTP/1.1" 200 2484 "-" "Mozilla/5.0 AppleWebKit/537.36 (KHTML, like Gecko; compatible; bingbot/2.0; +http://www.bing.com/bingbot.htm) Chrome/103.0.5060.134 Safari/537.36" 
40.77.167.60 - - [22/Dec/2022:02:54:11 -0800] "GET /self.logs/2016/access.log.2016-10-17.gz HTTP/1.1" 200 9234 "-" "Mozilla/5.0 AppleWebKit/537.36 (KHTML, like Gecko; compatible; bingbot/2.0; +http://www.bing.com/bingbot.htm) Chrome/103.0.5060.134 Safari/537.36" 
157.55.39.161 - - [22/Dec/2022:02:55:29 -0800] "GET /self.logs/error.log.2020-10-11.gz HTTP/1.1" 200 918 "-" "Mozilla/5.0 AppleWebKit/537.36 (KHTML, like Gecko; compatible; bingbot/2.0; +http://www.bing.com/bingbot.htm) Chrome/103.0.5060.134 Safari/537.36" 
207.46.13.45 - - [22/Dec/2022:02:56:46 -0800] "GET /self.logs/access.log.2019-10-04.gz HTTP/1.1" 200 56063 "-" "Mozilla/5.0 (compatible; bingbot/2.0; +http://www.bing.com/bingbot.htm)" 
40.77.167.50 - - [22/Dec/2022:02:57:41 -0800] "GET /self.logs/access.log.2020-05-23.gz HTTP/1.1" 200 24795 "-" "Mozilla/5.0 (compatible; bingbot/2.0; +http://www.bing.com/bingbot.htm)" 
157.55.39.161 - - [22/Dec/2022:02:58:51 -0800] "GET /self.logs/error.log.2020-08-01.gz HTTP/1.1" 200 877 "-" "Mozilla/5.0 AppleWebKit/537.36 (KHTML, like Gecko; compatible; bingbot/2.0; +http://www.bing.com/bingbot.htm) Chrome/103.0.5060.134 Safari/537.36" 
40.77.167.50 - - [22/Dec/2022:03:00:02 -0800] "GET /self.logs/access.log.2021-11-08.gz HTTP/1.1" 200 33399 "-" "Mozilla/5.0 AppleWebKit/537.36 (KHTML, like Gecko; compatible; bingbot/2.0; +http://www.bing.com/bingbot.htm) Chrome/103.0.5060.134 Safari/537.36" 
40.77.167.60 - - [22/Dec/2022:03:00:52 -0800] "GET /self.logs/access.log.2017-01-07.gz HTTP/1.1" 304 290 "-" "Mozilla/5.0 (compatible; bingbot/2.0; +http://www.bing.com/bingbot.htm)" 
40.77.167.50 - - [22/Dec/2022:03:02:13 -0800] "GET /self.logs/2016/access.log.2016-10-02.gz HTTP/1.1" 200 9478 "-" "Mozilla/5.0 (compatible; bingbot/2.0; +http://www.bing.com/bingbot.htm)" 
207.46.13.45 - - [22/Dec/2022:03:04:36 -0800] "GET /self.logs/error.log.2019-09-08.gz HTTP/1.1" 200 1625 "-" "Mozilla/5.0 (compatible; bingbot/2.0; +http://www.bing.com/bingbot.htm)" 
40.77.167.60 - - [22/Dec/2022:03:04:43 -0800] "GET /self.logs/error.log.2017-09-29.gz HTTP/1.1" 200 2318 "-" "Mozilla/5.0 (compatible; bingbot/2.0; +http://www.bing.com/bingbot.htm)" 
207.46.13.201 - - [22/Dec/2022:03:06:39 -0800] "GET /self.logs/error.log.2018-08-10.gz HTTP/1.1" 200 6957 "-" "Mozilla/5.0 AppleWebKit/537.36 (KHTML, like Gecko; compatible; bingbot/2.0; +http://www.bing.com/bingbot.htm) Chrome/103.0.5060.134 Safari/537.36" 
207.46.13.45 - - [22/Dec/2022:03:11:17 -0800] "GET /self.logs/2016/access.log.2016-07-06.gz HTTP/1.1" 200 12564 "-" "Mozilla/5.0 (compatible; bingbot/2.0; +http://www.bing.com/bingbot.htm)" 
40.77.167.50 - - [22/Dec/2022:03:15:04 -0800] "GET /self.logs/2016/access.log.2016-09-25.gz HTTP/1.1" 200 7190 "-" "Mozilla/5.0 AppleWebKit/537.36 (KHTML, like Gecko; compatible; bingbot/2.0; +http://www.bing.com/bingbot.htm) Chrome/103.0.5060.134 Safari/537.36" 
66.249.66.93 - - [22/Dec/2022:03:16:48 -0800] "GET /robots.txt HTTP/1.1" 200 387 "-" "Mozilla/5.0 (compatible; Googlebot/2.1; +http://www.google.com/bot.html)" 
66.249.66.92 - - [22/Dec/2022:03:16:48 -0800] "GET /ads.txt HTTP/1.1" 404 338 "-" "Mozilla/5.0 (compatible; Googlebot/2.1; +http://www.google.com/bot.html)" 
81.108.236.88 - - [22/Dec/2022:03:17:05 -0800] "GET / HTTP/1.1" 200 13196 "-" "Mozilla/5.0 (Windows NT 10.0; Win64; x64) AppleWebKit/537.36 (KHTML, like Gecko) Chrome/108.0.0.0 Safari/537.36 Edg/108.0.1462.54" 
81.108.236.88 - - [22/Dec/2022:03:17:06 -0800] "GET /css/style.css HTTP/1.1" 404 315 "http://www.secrepo.com/" "Mozilla/5.0 (Windows NT 10.0; Win64; x64) AppleWebKit/537.36 (KHTML, like Gecko) Chrome/108.0.0.0 Safari/537.36 Edg/108.0.1462.54" 
81.108.236.88 - - [22/Dec/2022:03:17:06 -0800] "GET /twitter-icon.png HTTP/1.1" 200 27903 "http://www.secrepo.com/" "Mozilla/5.0 (Windows NT 10.0; Win64; x64) AppleWebKit/537.36 (KHTML, like Gecko) Chrome/108.0.0.0 Safari/537.36 Edg/108.0.1462.54" 
81.108.236.88 - - [22/Dec/2022:03:17:06 -0800] "GET /GitHub-Mark.png HTTP/1.1" 200 7566 "http://www.secrepo.com/" "Mozilla/5.0 (Windows NT 10.0; Win64; x64) AppleWebKit/537.36 (KHTML, like Gecko) Chrome/108.0.0.0 Safari/537.36 Edg/108.0.1462.54" 
81.108.236.88 - - [22/Dec/2022:03:17:06 -0800] "GET /bootstrap/img/favicon.ico HTTP/1.1" 200 700 "http://www.secrepo.com/" "Mozilla/5.0 (Windows NT 10.0; Win64; x64) AppleWebKit/537.36 (KHTML, like Gecko) Chrome/108.0.0.0 Safari/537.36 Edg/108.0.1462.54" 
207.46.13.45 - - [22/Dec/2022:03:18:28 -0800] "GET /self.logs/error.log.2019-05-23.gz HTTP/1.1" 200 5341 "-" "Mozilla/5.0 (compatible; bingbot/2.0; +http://www.bing.com/bingbot.htm)" 
40.77.167.50 - - [22/Dec/2022:03:21:34 -0800] "GET /self.logs/2016/access.log.2016-04-07.gz HTTP/1.1" 200 8284 "-" "Mozilla/5.0 (compatible; bingbot/2.0; +http://www.bing.com/bingbot.htm)" 
207.46.13.201 - - [22/Dec/2022:03:25:22 -0800] "GET /self.logs/access.log.2020-04-23.gz HTTP/1.1" 200 25852 "-" "Mozilla/5.0 AppleWebKit/537.36 (KHTML, like Gecko; compatible; bingbot/2.0; +http://www.bing.com/bingbot.htm) Chrome/103.0.5060.134 Safari/537.36" 
157.55.39.139 - - [22/Dec/2022:03:25:26 -0800] "GET /self.logs/error.log.2018-06-02.gz HTTP/1.1" 200 4536 "-" "Mozilla/5.0 (compatible; bingbot/2.0; +http://www.bing.com/bingbot.htm)" 
157.55.39.161 - - [22/Dec/2022:03:26:28 -0800] "GET /self.logs/2016/error.log.2016-10-11.gz HTTP/1.1" 200 1107 "-" "Mozilla/5.0 AppleWebKit/537.36 (KHTML, like Gecko; compatible; bingbot/2.0; +http://www.bing.com/bingbot.htm) Chrome/103.0.5060.134 Safari/537.36" 
40.77.167.50 - - [22/Dec/2022:03:31:26 -0800] "GET /self.logs/ HTTP/1.1" 200 40333 "-" "Mozilla/5.0 AppleWebKit/537.36 (KHTML, like Gecko; compatible; bingbot/2.0; +http://www.bing.com/bingbot.htm) Chrome/103.0.5060.134 Safari/537.36" 
40.77.167.60 - - [22/Dec/2022:03:33:05 -0800] "GET /self.logs/access.log.2020-10-03.gz HTTP/1.1" 200 10963 "-" "Mozilla/5.0 (compatible; bingbot/2.0; +http://www.bing.com/bingbot.htm)" 
157.55.39.161 - - [22/Dec/2022:03:35:27 -0800] "GET /self.logs/access.log.2021-07-14.gz HTTP/1.1" 200 19624 "-" "Mozilla/5.0 AppleWebKit/537.36 (KHTML, like Gecko; compatible; bingbot/2.0; +http://www.bing.com/bingbot.htm) Chrome/103.0.5060.134 Safari/537.36" 
220.181.51.118 - - [22/Dec/2022:03:43:09 -0800] "GET /robots.txt HTTP/1.1" 200 350 "-" "Mozilla/5.0 (Windows NT 10.0; WOW64) AppleWebKit/537.36 (KHTML, like Gecko) Chrome/48.0.2564.116 Safari/537.36" 
116.179.32.48 - - [22/Dec/2022:03:43:09 -0800] "GET /domaindata/domainmovement.zip HTTP/1.1" 200 7437809 "-" "Mozilla/5.0 (compatible; Baiduspider/2.0; +http://www.baidu.com/search/spider.html)" 
123.125.109.138 - - [22/Dec/2022:03:47:43 -0800] "GET / HTTP/1.1" 200 13159 "-" "Sogou web spider/4.0(+http://www.sogou.com/docs/help/webmasters.htm#07)" 
40.77.167.50 - - [22/Dec/2022:03:50:17 -0800] "GET /self.logs/error.log.2019-12-24 HTTP/1.1" 200 361 "-" "Mozilla/5.0 (compatible; bingbot/2.0; +http://www.bing.com/bingbot.htm)" 
157.55.39.161 - - [22/Dec/2022:03:56:06 -0800] "GET /self.logs/2016/error.log.2016-03-29.gz HTTP/1.1" 200 815 "-" "Mozilla/5.0 AppleWebKit/537.36 (KHTML, like Gecko; compatible; bingbot/2.0; +http://www.bing.com/bingbot.htm) Chrome/103.0.5060.134 Safari/537.36" 
207.148.72.51 - - [22/Dec/2022:04:03:03 -0800] "GET / HTTP/1.1" 200 13195 "http://www.secrepo.com" "Mozilla/5.0 (Windows NT 10.0; WOW64) AppleWebKit/537.36 (KHTML, like Gecko) Chrome/86.0.4240.198 Safari/537.36" 
203.187.235.241 - - [22/Dec/2022:04:04:32 -0800] "GET / HTTP/1.1" 301 475 "-" "Mozilla/5.0 (X11; Linux x86_64) AppleWebKit/537.36 (KHTML, like Gecko) Chrome/107.0.0.0 Safari/537.36" 
203.187.235.241 - - [22/Dec/2022:04:04:32 -0800] "GET / HTTP/1.1" 200 13195 "-" "Mozilla/5.0 (X11; Linux x86_64) AppleWebKit/537.36 (KHTML, like Gecko) Chrome/107.0.0.0 Safari/537.36" 
203.187.235.241 - - [22/Dec/2022:04:04:33 -0800] "GET /css/style.css HTTP/1.1" 404 315 "http://www.secrepo.com/" "Mozilla/5.0 (X11; Linux x86_64) AppleWebKit/537.36 (KHTML, like Gecko) Chrome/107.0.0.0 Safari/537.36" 
203.187.235.241 - - [22/Dec/2022:04:04:33 -0800] "GET /twitter-icon.png HTTP/1.1" 200 27926 "http://www.secrepo.com/" "Mozilla/5.0 (X11; Linux x86_64) AppleWebKit/537.36 (KHTML, like Gecko) Chrome/107.0.0.0 Safari/537.36" 
203.187.235.241 - - [22/Dec/2022:04:04:33 -0800] "GET /GitHub-Mark.png HTTP/1.1" 200 7543 "http://www.secrepo.com/" "Mozilla/5.0 (X11; Linux x86_64) AppleWebKit/537.36 (KHTML, like Gecko) Chrome/107.0.0.0 Safari/537.36" 
203.187.235.241 - - [22/Dec/2022:04:04:34 -0800] "GET /bootstrap/img/favicon.ico HTTP/1.1" 200 700 "http://www.secrepo.com/" "Mozilla/5.0 (X11; Linux x86_64) AppleWebKit/537.36 (KHTML, like Gecko) Chrome/107.0.0.0 Safari/537.36" 
185.191.171.45 - - [22/Dec/2022:04:06:09 -0800] "GET /Datasets%20Description/HTML_Bro_log_2/dns.html HTTP/1.1" 200 1804 "-" "Mozilla/5.0 (compatible; SemrushBot/7~bl; +http://www.semrush.com/bot.html)" 
40.77.167.60 - - [22/Dec/2022:04:06:28 -0800] "GET /self.logs/2016/access.log.2016-10-06.gz HTTP/1.1" 200 16054 "-" "Mozilla/5.0 AppleWebKit/537.36 (KHTML, like Gecko; compatible; bingbot/2.0; +http://www.bing.com/bingbot.htm) Chrome/103.0.5060.134 Safari/537.36" 
20.124.98.146 - - [22/Dec/2022:04:09:19 -0800] "GET /wp-content/plugins/ioptimization/IOptimize.php?rchk HTTP/1.1" 404 338 "www.google.com" "Mozlila/5.0 (Linux; Android 7.0; SM-G892A Bulid/NRD90M; wv) AppleWebKit/537.36 (KHTML, like Gecko) Version/4.0 Chrome/60.0.3112.107 Moblie Safari/537.36" 
93.105.176.150 - - [22/Dec/2022:04:10:46 -0800] "GET /maccdc2012/http.log.gz HTTP/1.1" 200 56420998 "-" "Mozilla/5.0 (Macintosh; Intel Mac OS X 10_15_7) AppleWebKit/537.36 (KHTML, like Gecko) Chrome/108.0.0.0 Safari/537.36" 
40.77.167.50 - - [22/Dec/2022:04:11:08 -0800] "GET /self.logs/2016/error.log.2016-07-17.gz HTTP/1.1" 200 984 "-" "Mozilla/5.0 AppleWebKit/537.36 (KHTML, like Gecko; compatible; bingbot/2.0; +http://www.bing.com/bingbot.htm) Chrome/103.0.5060.134 Safari/537.36" 
157.55.39.161 - - [22/Dec/2022:04:13:26 -0800] "GET /self.logs/access.log.2021-11-30.gz HTTP/1.1" 200 20530 "-" "Mozilla/5.0 AppleWebKit/537.36 (KHTML, like Gecko; compatible; bingbot/2.0; +http://www.bing.com/bingbot.htm) Chrome/103.0.5060.134 Safari/537.36" 
136.226.253.33 - - [22/Dec/2022:04:16:00 -0800] "GET / HTTP/1.1" 200 13196 "-" "Mozilla/5.0 (Macintosh; Intel Mac OS X 10_15_7) AppleWebKit/537.36 (KHTML, like Gecko) Chrome/108.0.0.0 Safari/537.36" 
136.226.253.33 - - [22/Dec/2022:04:16:01 -0800] "GET /css/style.css HTTP/1.1" 404 315 "http://www.secrepo.com/" "Mozilla/5.0 (Macintosh; Intel Mac OS X 10_15_7) AppleWebKit/537.36 (KHTML, like Gecko) Chrome/108.0.0.0 Safari/537.36" 
136.226.253.33 - - [22/Dec/2022:04:16:01 -0800] "GET /twitter-icon.png HTTP/1.1" 200 27903 "http://www.secrepo.com/" "Mozilla/5.0 (Macintosh; Intel Mac OS X 10_15_7) AppleWebKit/537.36 (KHTML, like Gecko) Chrome/108.0.0.0 Safari/537.36" 
136.226.253.33 - - [22/Dec/2022:04:16:02 -0800] "GET /GitHub-Mark.png HTTP/1.1" 200 7566 "http://www.secrepo.com/" "Mozilla/5.0 (Macintosh; Intel Mac OS X 10_15_7) AppleWebKit/537.36 (KHTML, like Gecko) Chrome/108.0.0.0 Safari/537.36" 
136.226.253.33 - - [22/Dec/2022:04:16:02 -0800] "GET /bootstrap/img/favicon.ico HTTP/1.1" 200 700 "http://www.secrepo.com/" "Mozilla/5.0 (Macintosh; Intel Mac OS X 10_15_7) AppleWebKit/537.36 (KHTML, like Gecko) Chrome/108.0.0.0 Safari/537.36" 
66.249.66.159 - - [22/Dec/2022:04:16:55 -0800] "GET /ads.txt HTTP/1.1" 301 489 "-" "Mozilla/5.0 (compatible; Googlebot/2.1; +http://www.google.com/bot.html)" 
185.191.171.15 - - [22/Dec/2022:04:19:30 -0800] "GET /robots.txt HTTP/1.1" 200 350 "-" "Mozilla/5.0 (compatible; SemrushBot/7~bl; +http://www.semrush.com/bot.html)" 
185.191.171.18 - - [22/Dec/2022:04:19:31 -0800] "GET /Datasets%20Description/HTML_Bro_log_3/files.html HTTP/1.1" 200 1883 "-" "Mozilla/5.0 (compatible; SemrushBot/7~bl; +http://www.semrush.com/bot.html)" 
207.46.13.45 - - [22/Dec/2022:04:21:23 -0800] "GET /self.logs/error.log.2017-10-21.gz HTTP/1.1" 200 2229 "-" "Mozilla/5.0 AppleWebKit/537.36 (KHTML, like Gecko; compatible; bingbot/2.0; +http://www.bing.com/bingbot.htm) Chrome/103.0.5060.134 Safari/537.36" 
40.77.167.50 - - [22/Dec/2022:04:22:40 -0800] "GET /self.logs/ HTTP/1.1" 200 40333 "-" "Mozilla/5.0 AppleWebKit/537.36 (KHTML, like Gecko; compatible; bingbot/2.0; +http://www.bing.com/bingbot.htm) Chrome/103.0.5060.134 Safari/537.36" 
207.46.13.45 - - [22/Dec/2022:04:28:14 -0800] "GET /self.logs/error.log.2019-10-09.gz HTTP/1.1" 200 876 "-" "Mozilla/5.0 AppleWebKit/537.36 (KHTML, like Gecko; compatible; bingbot/2.0; +http://www.bing.com/bingbot.htm) Chrome/103.0.5060.134 Safari/537.36" 
157.51.92.147 - - [22/Dec/2022:04:34:13 -0800] "GET / HTTP/1.1" 301 475 "-" "Mozilla/5.0 (Windows NT 10.0; Win64; x64) AppleWebKit/537.36 (KHTML, like Gecko) Chrome/108.0.0.0 Safari/537.36" 
157.51.92.147 - - [22/Dec/2022:04:34:14 -0800] "GET / HTTP/1.1" 200 13195 "-" "Mozilla/5.0 (Windows NT 10.0; Win64; x64) AppleWebKit/537.36 (KHTML, like Gecko) Chrome/108.0.0.0 Safari/537.36" 
157.51.92.147 - - [22/Dec/2022:04:34:14 -0800] "GET /twitter-icon.png HTTP/1.1" 200 27926 "http://www.secrepo.com/" "Mozilla/5.0 (Windows NT 10.0; Win64; x64) AppleWebKit/537.36 (KHTML, like Gecko) Chrome/108.0.0.0 Safari/537.36" 
157.51.92.147 - - [22/Dec/2022:04:34:14 -0800] "GET /css/style.css HTTP/1.1" 404 315 "http://www.secrepo.com/" "Mozilla/5.0 (Windows NT 10.0; Win64; x64) AppleWebKit/537.36 (KHTML, like Gecko) Chrome/108.0.0.0 Safari/537.36" 
157.51.92.147 - - [22/Dec/2022:04:34:15 -0800] "GET /GitHub-Mark.png HTTP/1.1" 200 7566 "http://www.secrepo.com/" "Mozilla/5.0 (Windows NT 10.0; Win64; x64) AppleWebKit/537.36 (KHTML, like Gecko) Chrome/108.0.0.0 Safari/537.36" 
49.44.86.202 - - [22/Dec/2022:04:34:17 -0800] "GET / HTTP/1.1" 301 438 "-" "Mozilla/5.0 (Windows NT 10.0; Win64; x64) AppleWebKit/537.36 (KHTML, like Gecko) Chrome/107.0.0.0 Safari/537.36" 
157.51.92.147 - - [22/Dec/2022:04:34:17 -0800] "GET /bootstrap/img/favicon.ico HTTP/1.1" 200 700 "http://www.secrepo.com/" "Mozilla/5.0 (Windows NT 10.0; Win64; x64) AppleWebKit/537.36 (KHTML, like Gecko) Chrome/108.0.0.0 Safari/537.36" 
49.44.86.202 - - [22/Dec/2022:04:34:18 -0800] "GET / HTTP/1.1" 200 13158 "-" "Mozilla/5.0 (Windows NT 10.0; Win64; x64) AppleWebKit/537.36 (KHTML, like Gecko) Chrome/107.0.0.0 Safari/537.36" 
49.44.86.202 - - [22/Dec/2022:04:34:20 -0800] "GET /css/style.css HTTP/1.1" 404 301 "http://www.secrepo.com/" "Mozilla/5.0 (Windows NT 10.0; Win64; x64) AppleWebKit/537.36 (KHTML, like Gecko) Chrome/107.0.0.0 Safari/537.36" 
49.44.86.202 - - [22/Dec/2022:04:34:20 -0800] "GET /twitter-icon.png HTTP/1.1" 200 27889 "http://www.secrepo.com/" "Mozilla/5.0 (Windows NT 10.0; Win64; x64) AppleWebKit/537.36 (KHTML, like Gecko) Chrome/107.0.0.0 Safari/537.36" 
49.44.86.202 - - [22/Dec/2022:04:34:20 -0800] "GET /GitHub-Mark.png HTTP/1.1" 200 7529 "http://www.secrepo.com/" "Mozilla/5.0 (Windows NT 10.0; Win64; x64) AppleWebKit/537.36 (KHTML, like Gecko) Chrome/107.0.0.0 Safari/537.36" 
207.46.13.45 - - [22/Dec/2022:04:39:25 -0800] "GET /index.html HTTP/1.1" 200 13195 "-" "Mozilla/5.0 AppleWebKit/537.36 (KHTML, like Gecko; compatible; bingbot/2.0; +http://www.bing.com/bingbot.htm) Chrome/103.0.5060.134 Safari/537.36" 
157.55.39.161 - - [22/Dec/2022:04:41:49 -0800] "GET /self.logs/access.log.2020-07-17.gz HTTP/1.1" 200 16007 "-" "Mozilla/5.0 AppleWebKit/537.36 (KHTML, like Gecko; compatible; bingbot/2.0; +http://www.bing.com/bingbot.htm) Chrome/103.0.5060.134 Safari/537.36" 
114.119.156.134 - - [22/Dec/2022:04:44:43 -0800] "GET /self.logs/error.log.2019-04-22.gz HTTP/1.1" 200 3851 "-" "Mozilla/5.0 (compatible;PetalBot;+https://webmaster.petalsearch.com/site/petalbot)" 
40.77.167.50 - - [22/Dec/2022:04:47:32 -0800] "GET /self.logs/access.log.2020-12-07.gz HTTP/1.1" 200 16457 "-" "Mozilla/5.0 AppleWebKit/537.36 (KHTML, like Gecko; compatible; bingbot/2.0; +http://www.bing.com/bingbot.htm) Chrome/103.0.5060.134 Safari/537.36" 
114.119.154.59 - - [22/Dec/2022:04:49:32 -0800] "GET /robots.txt HTTP/1.1" 301 495 "-" "Mozilla/5.0 (compatible;PetalBot;+https://webmaster.petalsearch.com/site/petalbot)" 
114.119.154.59 - - [22/Dec/2022:04:49:33 -0800] "GET /robots.txt HTTP/1.1" 200 387 "-" "Mozilla/5.0 (compatible;PetalBot;+https://webmaster.petalsearch.com/site/petalbot)" 
157.55.39.139 - - [22/Dec/2022:04:50:57 -0800] "GET /self.logs/error.log.2020-09-18.gz HTTP/1.1" 200 806 "-" "Mozilla/5.0 (compatible; bingbot/2.0; +http://www.bing.com/bingbot.htm)" 
165.21.23.50 - - [22/Dec/2022:04:52:39 -0800] "GET /Security-Data-Analysis/Lab_1/conn.log.zip HTTP/1.1" 200 78840 "-" "Mozilla/5.0 (Windows NT 10.0; Win64; x64) AppleWebKit/537.36 (KHTML, like Gecko) Chrome/108.0.0.0 Safari/537.36" 
165.21.23.50 - - [22/Dec/2022:04:52:48 -0800] "GET /Security-Data-Analysis/Lab_1/conn.log.zip HTTP/1.1" 206 457 "-" "Mozilla/5.0 (Windows NT 10.0; Win64; x64) AppleWebKit/537.36 (KHTML, like Gecko) Chrome/108.0.0.0 Safari/537.36" 
165.21.23.50 - - [22/Dec/2022:04:52:48 -0800] "GET /Security-Data-Analysis/Lab_1/conn.log.zip HTTP/1.1" 206 78840 "-" "Mozilla/5.0 (Windows NT 10.0; Win64; x64) AppleWebKit/537.36 (KHTML, like Gecko) Chrome/108.0.0.0 Safari/537.36" 
165.21.23.50 - - [22/Dec/2022:04:52:53 -0800] "GET /Security-Data-Analysis/Lab_1/conn.log.zip HTTP/1.1" 206 457 "-" "Mozilla/5.0 (Windows NT 10.0; Win64; x64) AppleWebKit/537.36 (KHTML, like Gecko) Chrome/108.0.0.0 Safari/537.36" 
165.21.23.50 - - [22/Dec/2022:04:52:53 -0800] "GET /Security-Data-Analysis/Lab_1/conn.log.zip HTTP/1.1" 206 78840 "-" "Mozilla/5.0 (Windows NT 10.0; Win64; x64) AppleWebKit/537.36 (KHTML, like Gecko) Chrome/108.0.0.0 Safari/537.36" 
182.65.46.7 - - [22/Dec/2022:04:58:14 -0800] "GET / HTTP/1.1" 301 475 "android-app://com.google.android.gm/" "Mozilla/5.0 (Linux; Android 12; EB2101) AppleWebKit/537.36 (KHTML, like Gecko) Chrome/108.0.0.0 Mobile Safari/537.36" 
182.65.46.7 - - [22/Dec/2022:04:58:15 -0800] "GET / HTTP/1.1" 200 13196 "android-app://com.google.android.gm/" "Mozilla/5.0 (Linux; Android 12; EB2101) AppleWebKit/537.36 (KHTML, like Gecko) Chrome/108.0.0.0 Mobile Safari/537.36" 
182.65.46.7 - - [22/Dec/2022:04:58:16 -0800] "GET /css/style.css HTTP/1.1" 404 315 "http://www.secrepo.com/" "Mozilla/5.0 (Linux; Android 12; EB2101) AppleWebKit/537.36 (KHTML, like Gecko) Chrome/108.0.0.0 Mobile Safari/537.36" 
182.65.46.7 - - [22/Dec/2022:04:58:16 -0800] "GET /twitter-icon.png HTTP/1.1" 200 27926 "http://www.secrepo.com/" "Mozilla/5.0 (Linux; Android 12; EB2101) AppleWebKit/537.36 (KHTML, like Gecko) Chrome/108.0.0.0 Mobile Safari/537.36" 
182.65.46.7 - - [22/Dec/2022:04:58:16 -0800] "GET /GitHub-Mark.png HTTP/1.1" 200 7543 "http://www.secrepo.com/" "Mozilla/5.0 (Linux; Android 12; EB2101) AppleWebKit/537.36 (KHTML, like Gecko) Chrome/108.0.0.0 Mobile Safari/537.36" 
182.65.46.7 - - [22/Dec/2022:04:58:17 -0800] "GET /bootstrap/img/favicon.ico HTTP/1.1" 200 700 "http://www.secrepo.com/" "Mozilla/5.0 (Linux; Android 12; EB2101) AppleWebKit/537.36 (KHTML, like Gecko) Chrome/108.0.0.0 Mobile Safari/537.36" 
40.77.167.50 - - [22/Dec/2022:05:05:34 -0800] "GET /self.logs/access.log.2021-08-14.gz HTTP/1.1" 200 13312 "-" "Mozilla/5.0 AppleWebKit/537.36 (KHTML, like Gecko; compatible; bingbot/2.0; +http://www.bing.com/bingbot.htm) Chrome/103.0.5060.134 Safari/537.36" 
157.55.39.161 - - [22/Dec/2022:05:09:24 -0800] "GET /self.logs/access.log.2021-04-02.gz HTTP/1.1" 200 29506 "-" "Mozilla/5.0 (compatible; bingbot/2.0; +http://www.bing.com/bingbot.htm)" 
222.186.180.134 - - [22/Dec/2022:05:15:10 -0800] "GET /data/admin/allowurl.txt HTTP/1.1" 404 338 "-" "Mozilla/5.0 (Windows NT 10.0; WOW64; rv:48.0) Gecko/20100101 Firefox/48.0" 
40.77.167.50 - - [22/Dec/2022:05:16:06 -0800] "GET /self.logs/ HTTP/1.1" 200 40349 "-" "Mozilla/5.0 AppleWebKit/537.36 (KHTML, like Gecko; compatible; bingbot/2.0; +http://www.bing.com/bingbot.htm) Chrome/103.0.5060.134 Safari/537.36" 
36.227.223.73 - - [22/Dec/2022:05:23:25 -0800] "GET /css/style.css HTTP/1.1" 404 294 "http://www.secrepo.com/" "Mozilla/5.0 (Windows NT 10.0; WOW64) AppleWebKit/537.36 (KHTML, like Gecko) Chrome/100.0.4896.127 Safari/537.36 OPR/86.0.4363.50" 
207.46.13.201 - - [22/Dec/2022:05:26:12 -0800] "GET /self.logs/access.log.2021-10-22.gz HTTP/1.1" 200 13949 "-" "Mozilla/5.0 AppleWebKit/537.36 (KHTML, like Gecko; compatible; bingbot/2.0; +http://www.bing.com/bingbot.htm) Chrome/103.0.5060.134 Safari/537.36" 
222.186.30.188 - - [22/Dec/2022:05:27:31 -0800] "GET /index.php?s=admin/%5Cthink%5Capp/invokefunction&function=base64_encode&vars%5B%5D=ck996789baidu.com HTTP/1.1" 404 338 "-" "Mozilla/5.0 (Windows NT 10.0; Win64; x64) AppleWebKit/537.36 (KHTML, like Gecko) Chrome/91.0.4472.124 Safari/537.36" 
207.46.13.201 - - [22/Dec/2022:05:30:43 -0800] "GET /self.logs/error.log.2020-01-31 HTTP/1.1" 200 361 "-" "Mozilla/5.0 AppleWebKit/537.36 (KHTML, like Gecko; compatible; bingbot/2.0; +http://www.bing.com/bingbot.htm) Chrome/103.0.5060.134 Safari/537.36" 
40.77.167.50 - - [22/Dec/2022:05:32:47 -0800] "GET /self.logs/access.log.2022-05-24.gz HTTP/1.1" 200 12767 "-" "Mozilla/5.0 AppleWebKit/537.36 (KHTML, like Gecko; compatible; bingbot/2.0; +http://www.bing.com/bingbot.htm) Chrome/103.0.5060.134 Safari/537.36" 
207.148.72.51 - - [22/Dec/2022:05:34:26 -0800] "GET / HTTP/1.1" 200 13196 "http://www.secrepo.com" "Mozilla/5.0 (Windows NT 10.0; WOW64) AppleWebKit/537.36 (KHTML, like Gecko) Chrome/86.0.4240.198 Safari/537.36" 
17.241.219.143 - - [22/Dec/2022:05:40:28 -0800] "GET /robots.txt HTTP/1.1" 200 343 "-" "Mozilla/5.0 (Macintosh; Intel Mac OS X 10_15_5) AppleWebKit/605.1.15 (KHTML, like Gecko) Version/13.1.1 Safari/605.1.15 (Applebot/0.1; +http://www.apple.com/go/applebot)" 
17.241.219.143 - - [22/Dec/2022:05:40:29 -0800] "GET /data HTTP/1.1" 404 260 "-" "Mozilla/5.0 (Macintosh; Intel Mac OS X 10_15_5) AppleWebKit/605.1.15 (KHTML, like Gecko) Version/13.1.1 Safari/605.1.15 (Applebot/0.1; +http://www.apple.com/go/applebot)" 
207.46.13.45 - - [22/Dec/2022:05:41:52 -0800] "GET /self.logs/error.log.2018-09-07.gz HTTP/1.1" 200 7083 "-" "Mozilla/5.0 AppleWebKit/537.36 (KHTML, like Gecko; compatible; bingbot/2.0; +http://www.bing.com/bingbot.htm) Chrome/103.0.5060.134 Safari/537.36" 
114.119.149.89 - - [22/Dec/2022:05:41:53 -0800] "GET /self.logs/access.log.2019-06-27.gz HTTP/1.1" 200 35206 "-" "Mozilla/5.0 (compatible;PetalBot;+https://webmaster.petalsearch.com/site/petalbot)" 
157.55.39.161 - - [22/Dec/2022:05:41:56 -0800] "GET /self.logs/access.log.2020-10-10.gz HTTP/1.1" 200 28459 "-" "Mozilla/5.0 AppleWebKit/537.36 (KHTML, like Gecko; compatible; bingbot/2.0; +http://www.bing.com/bingbot.htm) Chrome/103.0.5060.134 Safari/537.36" 
207.46.13.201 - - [22/Dec/2022:05:43:14 -0800] "GET /self.logs/error.log.2021-04-14.gz HTTP/1.1" 200 1691 "-" "Mozilla/5.0 (compatible; bingbot/2.0; +http://www.bing.com/bingbot.htm)" 
207.46.13.201 - - [22/Dec/2022:05:46:55 -0800] "GET /self.logs/error.log.2018-08-22.gz HTTP/1.1" 200 6912 "-" "Mozilla/5.0 (compatible; bingbot/2.0; +http://www.bing.com/bingbot.htm)" 
149.34.246.122 - - [22/Dec/2022:05:50:13 -0800] "GET / HTTP/1.1" 301 419 "-" "Mozilla/5.0 (Windows NT 10.0; Win64; x64)" 
149.34.246.122 - - [22/Dec/2022:05:50:13 -0800] "GET // HTTP/1.1" 429 430 "http://secrepo.com" "Mozilla/5.0 (Windows NT 10.0; Win64; x64)" 
40.77.167.60 - - [22/Dec/2022:05:51:58 -0800] "GET /self.logs/access.log.2017-06-08.gz HTTP/1.1" 200 19819 "-" "Mozilla/5.0 (compatible; bingbot/2.0; +http://www.bing.com/bingbot.htm)" 
123.125.109.36 - - [22/Dec/2022:06:04:36 -0800] "GET /robots.txt HTTP/1.1" 200 350 "-" "Sogou web spider/4.0(+http://www.sogou.com/docs/help/webmasters.htm#07)" 
220.181.108.119 - - [22/Dec/2022:06:04:47 -0800] "GET / HTTP/1.1" 200 13158 "-" "Mozilla/5.0 (Linux;u;Android 4.2.2;zh-cn;) AppleWebKit/534.46 (KHTML,like Gecko) Version/5.1 Mobile Safari/10600.6.3 (compatible; Baiduspider/2.0; +http://www.baidu.com/search/spider.html)" 
116.179.37.213 - - [22/Dec/2022:06:04:49 -0800] "GET /css/style.css HTTP/1.1" 404 301 "http://www.secrepo.com/" "Mozilla/5.0 (iPhone; CPU iPhone OS 9_1 like Mac OS X) AppleWebKit/601.1.46 (KHTML, like Gecko) Version/9.0 Mobile/13B143 Safari/601.1 (compatible; Baiduspider-render/2.0; +http://www.baidu.com/search/spider.html)" 
40.77.167.50 - - [22/Dec/2022:06:11:31 -0800] "GET /self.logs/ HTTP/1.1" 200 40349 "-" "Mozilla/5.0 (compatible; bingbot/2.0; +http://www.bing.com/bingbot.htm)" 
165.225.196.200 - - [22/Dec/2022:06:11:44 -0800] "GET / HTTP/1.1" 200 13195 "-" "Mozilla/5.0 (Windows NT 10.0; Win64; x64) AppleWebKit/537.36 (KHTML, like Gecko) Chrome/108.0.0.0 Safari/537.36 Edg/108.0.1462.54" 
165.225.196.200 - - [22/Dec/2022:06:11:44 -0800] "GET /twitter-icon.png HTTP/1.1" 200 27903 "http://www.secrepo.com/" "Mozilla/5.0 (Windows NT 10.0; Win64; x64) AppleWebKit/537.36 (KHTML, like Gecko) Chrome/108.0.0.0 Safari/537.36 Edg/108.0.1462.54" 
165.225.196.200 - - [22/Dec/2022:06:11:45 -0800] "GET /css/style.css HTTP/1.1" 404 338 "http://www.secrepo.com/" "Mozilla/5.0 (Windows NT 10.0; Win64; x64) AppleWebKit/537.36 (KHTML, like Gecko) Chrome/108.0.0.0 Safari/537.36 Edg/108.0.1462.54" 
165.225.196.200 - - [22/Dec/2022:06:11:45 -0800] "GET /GitHub-Mark.png HTTP/1.1" 200 7566 "http://www.secrepo.com/" "Mozilla/5.0 (Windows NT 10.0; Win64; x64) AppleWebKit/537.36 (KHTML, like Gecko) Chrome/108.0.0.0 Safari/537.36 Edg/108.0.1462.54" 
165.225.196.200 - - [22/Dec/2022:06:11:47 -0800] "GET /bootstrap/img/favicon.ico HTTP/1.1" 200 700 "http://www.secrepo.com/" "Mozilla/5.0 (Windows NT 10.0; Win64; x64) AppleWebKit/537.36 (KHTML, like Gecko) Chrome/108.0.0.0 Safari/537.36 Edg/108.0.1462.54" 
157.55.39.161 - - [22/Dec/2022:06:13:29 -0800] "GET /self.logs/error.log.2017-04-16.gz HTTP/1.1" 200 901 "-" "Mozilla/5.0 AppleWebKit/537.36 (KHTML, like Gecko; compatible; bingbot/2.0; +http://www.bing.com/bingbot.htm) Chrome/103.0.5060.134 Safari/537.36" 
207.46.13.201 - - [22/Dec/2022:06:14:27 -0800] "GET /self.logs/2016/error.log.2016-04-25.gz HTTP/1.1" 200 1355 "-" "Mozilla/5.0 AppleWebKit/537.36 (KHTML, like Gecko; compatible; bingbot/2.0; +http://www.bing.com/bingbot.htm) Chrome/103.0.5060.134 Safari/537.36" 
157.55.39.161 - - [22/Dec/2022:06:15:59 -0800] "GET / HTTP/1.1" 301 475 "-" "Mozilla/5.0 (compatible; bingbot/2.0; +http://www.bing.com/bingbot.htm)" 
40.77.167.60 - - [22/Dec/2022:06:18:41 -0800] "GET /self.logs/error.log.2021-01-07 HTTP/1.1" 200 361 "-" "Mozilla/5.0 (compatible; bingbot/2.0; +http://www.bing.com/bingbot.htm)" 
51.222.253.1 - - [22/Dec/2022:06:21:52 -0800] "GET /Datasets%20Description/PE_malware/?C=S;O=D HTTP/1.1" 200 649 "-" "Mozilla/5.0 (compatible; AhrefsBot/7.0; +http://ahrefs.com/robot/)" 
207.46.13.201 - - [22/Dec/2022:06:23:19 -0800] "GET /self.logs/2016/access.log.2016-09-12.gz HTTP/1.1" 200 12398 "-" "Mozilla/5.0 (compatible; bingbot/2.0; +http://www.bing.com/bingbot.htm)" 
157.55.39.161 - - [22/Dec/2022:06:27:02 -0800] "GET /self.logs/access.log.2022-03-16.gz HTTP/1.1" 200 16099 "-" "Mozilla/5.0 AppleWebKit/537.36 (KHTML, like Gecko; compatible; bingbot/2.0; +http://www.bing.com/bingbot.htm) Chrome/103.0.5060.134 Safari/537.36" 
40.77.167.60 - - [22/Dec/2022:06:35:03 -0800] "GET /self.logs/2016/error.log.2016-06-07.gz HTTP/1.1" 200 975 "-" "Mozilla/5.0 (compatible; bingbot/2.0; +http://www.bing.com/bingbot.htm)" 
157.55.39.139 - - [22/Dec/2022:06:35:18 -0800] "GET /self.logs/access.log.2020-09-01.gz HTTP/1.1" 200 44594 "-" "Mozilla/5.0 AppleWebKit/537.36 (KHTML, like Gecko; compatible; bingbot/2.0; +http://www.bing.com/bingbot.htm) Chrome/103.0.5060.134 Safari/537.36" 
207.46.13.201 - - [22/Dec/2022:06:35:22 -0800] "GET /self.logs/access.log.2018-11-08.gz HTTP/1.1" 200 26472 "-" "Mozilla/5.0 (compatible; bingbot/2.0; +http://www.bing.com/bingbot.htm)" 
40.77.167.50 - - [22/Dec/2022:06:37:03 -0800] "GET /self.logs/2016/error.log.2016-05-01.gz HTTP/1.1" 200 1003 "-" "Mozilla/5.0 AppleWebKit/537.36 (KHTML, like Gecko; compatible; bingbot/2.0; +http://www.bing.com/bingbot.htm) Chrome/103.0.5060.134 Safari/537.36" 
207.46.13.45 - - [22/Dec/2022:06:41:37 -0800] "GET /self.logs/access.log.2021-11-13.gz HTTP/1.1" 200 19068 "-" "Mozilla/5.0 (compatible; bingbot/2.0; +http://www.bing.com/bingbot.htm)" 
5.255.231.118 - - [22/Dec/2022:06:44:05 -0800] "GET /robots.txt HTTP/1.1" 301 495 "-" "Mozilla/5.0 (compatible; YandexBot/3.0; +http://yandex.com/bots)" 
87.250.224.115 - - [22/Dec/2022:06:44:05 -0800] "GET /robots.txt HTTP/1.1" 200 387 "-" "Mozilla/5.0 (compatible; YandexBot/3.0; +http://yandex.com/bots)" 
5.255.231.118 - - [22/Dec/2022:06:44:09 -0800] "GET / HTTP/1.1" 301 474 "-" "Mozilla/5.0 (compatible; YandexBot/3.0; +http://yandex.com/bots) AppleWebKit/537.36 (KHTML, like Gecko) Chrome/81.0.4044.268" 
87.250.224.27 - - [22/Dec/2022:06:44:10 -0800] "GET /robots.txt HTTP/1.1" 200 387 "-" "Mozilla/5.0 (compatible; YandexBot/3.0; +http://yandex.com/bots)" 
5.255.253.105 - - [22/Dec/2022:06:44:14 -0800] "GET / HTTP/1.1" 200 13195 "-" "Mozilla/5.0 (compatible; YandexBot/3.0; +http://yandex.com/bots) AppleWebKit/537.36 (KHTML, like Gecko) Chrome/81.0.4044.268" 
123.125.109.138 - - [22/Dec/2022:06:51:18 -0800] "GET / HTTP/1.1" 200 13158 "-" "Sogou web spider/4.0(+http://www.sogou.com/docs/help/webmasters.htm#07)" 
40.77.167.50 - - [22/Dec/2022:06:51:35 -0800] "GET /self.logs/error.log.2022-12-04.gz HTTP/1.1" 304 290 "-" "Mozilla/5.0 (compatible; bingbot/2.0; +http://www.bing.com/bingbot.htm)" 
157.55.39.139 - - [22/Dec/2022:06:54:20 -0800] "GET /self.logs/access.log.2022-05-18.gz HTTP/1.1" 200 11001 "-" "Mozilla/5.0 (compatible; bingbot/2.0; +http://www.bing.com/bingbot.htm)" 
157.55.39.139 - - [22/Dec/2022:06:54:31 -0800] "GET /self.logs/2016/error.log.2016-06-12.gz HTTP/1.1" 200 1280 "-" "Mozilla/5.0 AppleWebKit/537.36 (KHTML, like Gecko; compatible; bingbot/2.0; +http://www.bing.com/bingbot.htm) Chrome/103.0.5060.134 Safari/537.36" 
40.77.167.60 - - [22/Dec/2022:06:56:05 -0800] "GET /self.logs/access.log.2021-09-17.gz HTTP/1.1" 200 15164 "-" "Mozilla/5.0 (compatible; bingbot/2.0; +http://www.bing.com/bingbot.htm)" 
115.110.205.86 - - [22/Dec/2022:06:56:53 -0800] "GET / HTTP/1.1" 200 13195 "-" "Mozilla/5.0 (Macintosh; Intel Mac OS X 10.15; rv:108.0) Gecko/20100101 Firefox/108.0" 
157.55.39.161 - - [22/Dec/2022:06:56:59 -0800] "GET /self.logs/access.log.2019-08-28.gz HTTP/1.1" 200 23097 "-" "Mozilla/5.0 (compatible; bingbot/2.0; +http://www.bing.com/bingbot.htm)" 
64.43.162.36 - - [22/Dec/2022:06:58:52 -0800] "GET /css/style.css HTTP/1.1" 404 338 "http://www.secrepo.com/" "Mozilla/5.0 (Windows NT 10.0; Win64; x64) AppleWebKit/537.36 (KHTML, like Gecko) Chrome/108.0.0.0 Safari/537.36" 
40.77.167.50 - - [22/Dec/2022:07:03:16 -0800] "GET /self.logs/access.log.2022-03-01.gz HTTP/1.1" 200 11669 "-" "Mozilla/5.0 AppleWebKit/537.36 (KHTML, like Gecko; compatible; bingbot/2.0; +http://www.bing.com/bingbot.htm) Chrome/103.0.5060.134 Safari/537.36" 
207.46.13.45 - - [22/Dec/2022:07:03:31 -0800] "GET /self.logs/access.log.2020-04-01.gz HTTP/1.1" 200 13770 "-" "Mozilla/5.0 (compatible; bingbot/2.0; +http://www.bing.com/bingbot.htm)" 
40.77.167.50 - - [22/Dec/2022:07:03:26 -0800] "GET /self.logs/ HTTP/1.1" 200 40349 "-" "Mozilla/5.0 AppleWebKit/537.36 (KHTML, like Gecko; compatible; bingbot/2.0; +http://www.bing.com/bingbot.htm) Chrome/103.0.5060.134 Safari/537.36" 
185.191.171.37 - - [22/Dec/2022:07:08:03 -0800] "GET /robots.txt HTTP/1.1" 200 350 "-" "Mozilla/5.0 (compatible; SemrushBot/7~bl; +http://www.semrush.com/bot.html)" 
185.191.171.21 - - [22/Dec/2022:07:08:03 -0800] "GET /Datasets%20Description/HTML_Bro_log_1/app_stats.html HTTP/1.1" 200 1564 "-" "Mozilla/5.0 (compatible; SemrushBot/7~bl; +http://www.semrush.com/bot.html)" 
114.119.143.123 - - [22/Dec/2022:07:08:33 -0800] "GET /self.logs/error.log.2020-11-03 HTTP/1.1" 200 361 "http://www.secrepo.com/self.logs?C=N%3BO%3DD" "Mozilla/5.0 (Linux; Android 7.0;) AppleWebKit/537.36 (KHTML, like Gecko) Mobile Safari/537.36 (compatible; PetalBot;+https://webmaster.petalsearch.com/site/petalbot)" 
54.221.198.105 - - [22/Dec/2022:07:11:29 -0800] "GET / HTTP/1.1" 200 13152 "-" "Mozilla/5.0 (compatible; Embedly/0.2; +http://support.embed.ly/)" 
107.21.253.49 - - [22/Dec/2022:07:11:29 -0800] "GET /favicon.ico HTTP/1.1" 200 357 "-" "Mozilla/5.0 (compatible; Embedly/0.2; snap; +http://support.embed.ly/)" 
54.204.20.250 - - [22/Dec/2022:07:11:29 -0800] "GET /bootstrap/img/favicon.ico HTTP/1.1" 200 679 "-" "Mozilla/5.0 (compatible; Embedly/0.2; snap; +http://support.embed.ly/)" 
54.184.222.61 - - [22/Dec/2022:07:11:31 -0800] "HEAD /bootstrap/img/favicon.ico HTTP/1.1" 200 405 "-" "-" 
54.184.222.61 - - [22/Dec/2022:07:11:31 -0800] "GET /bootstrap/img/favicon.ico HTTP/1.1" 200 700 "-" "Notion/1.0 (https://notion.so; team@makenotion.com)" 
5.255.231.118 - - [22/Dec/2022:07:15:11 -0800] "GET / HTTP/1.1" 200 13196 "-" "Mozilla/5.0 (compatible; YandexBot/3.0; +http://yandex.com/bots)" 
207.46.13.201 - - [22/Dec/2022:07:18:33 -0800] "GET /self.logs/access.log.2021-06-19.gz HTTP/1.1" 200 18799 "-" "Mozilla/5.0 AppleWebKit/537.36 (KHTML, like Gecko; compatible; bingbot/2.0; +http://www.bing.com/bingbot.htm) Chrome/103.0.5060.134 Safari/537.36" 
44.231.195.240 - - [22/Dec/2022:07:20:35 -0800] "HEAD /bootstrap/img/favicon.ico HTTP/1.1" 200 405 "-" "-" 
44.231.195.240 - - [22/Dec/2022:07:20:35 -0800] "GET /bootstrap/img/favicon.ico HTTP/1.1" 200 700 "-" "Notion/1.0 (https://notion.so; team@makenotion.com)" 
157.55.39.161 - - [22/Dec/2022:07:20:35 -0800] "GET /self.logs/access.log.2018-03-19.gz HTTP/1.1" 200 22272 "-" "Mozilla/5.0 AppleWebKit/537.36 (KHTML, like Gecko; compatible; bingbot/2.0; +http://www.bing.com/bingbot.htm) Chrome/103.0.5060.134 Safari/537.36" 
136.226.18.90 - - [22/Dec/2022:07:21:12 -0800] "GET / HTTP/1.1" 200 13196 "-" "Mozilla/5.0 (Windows NT 10.0; Win64; x64) AppleWebKit/537.36 (KHTML, like Gecko) Chrome/108.0.0.0 Safari/537.36 Edg/108.0.1462.46" 
136.226.18.90 - - [22/Dec/2022:07:21:12 -0800] "GET /css/style.css HTTP/1.1" 404 315 "http://www.secrepo.com/" "Mozilla/5.0 (Windows NT 10.0; Win64; x64) AppleWebKit/537.36 (KHTML, like Gecko) Chrome/108.0.0.0 Safari/537.36 Edg/108.0.1462.46" 
207.46.13.45 - - [22/Dec/2022:07:23:51 -0800] "GET /self.logs/error.log.2020-11-30.gz HTTP/1.1" 200 692 "-" "Mozilla/5.0 AppleWebKit/537.36 (KHTML, like Gecko; compatible; bingbot/2.0; +http://www.bing.com/bingbot.htm) Chrome/103.0.5060.134 Safari/537.36" 
87.118.67.148 - - [22/Dec/2022:07:26:42 -0800] "GET / HTTP/1.1" 301 419 "-" "Mozilla/5.0 (compatible; SemrushBot/7~bl; +http://www.semrush.com/bot.html)" 
87.118.67.148 - - [22/Dec/2022:07:26:43 -0800] "GET / HTTP/1.1" 200 13152 "-" "Mozilla/5.0 (compatible; SemrushBot/7~bl; +http://www.semrush.com/bot.html)" 
40.77.167.50 - - [22/Dec/2022:07:31:48 -0800] "GET /self.logs/2016/access.log.2016-05-18.gz HTTP/1.1" 200 10050 "-" "Mozilla/5.0 (compatible; bingbot/2.0; +http://www.bing.com/bingbot.htm)" 
157.55.39.139 - - [22/Dec/2022:07:32:13 -0800] "GET /self.logs/access.log.2020-10-18.gz HTTP/1.1" 200 19607 "-" "Mozilla/5.0 AppleWebKit/537.36 (KHTML, like Gecko; compatible; bingbot/2.0; +http://www.bing.com/bingbot.htm) Chrome/103.0.5060.134 Safari/537.36" 
114.119.132.146 - - [22/Dec/2022:07:32:42 -0800] "GET /self.logs/error.log.2019-03-23.gz HTTP/1.1" 429 478 "-" "Mozilla/5.0 (compatible;PetalBot;+https://webmaster.petalsearch.com/site/petalbot)" 
40.77.167.60 - - [22/Dec/2022:07:33:19 -0800] "GET /self.logs/access.log.2021-07-30.gz HTTP/1.1" 200 30569 "-" "Mozilla/5.0 AppleWebKit/537.36 (KHTML, like Gecko; compatible; bingbot/2.0; +http://www.bing.com/bingbot.htm) Chrome/103.0.5060.134 Safari/537.36" 
157.55.39.139 - - [22/Dec/2022:07:35:34 -0800] "GET /self.logs/access.log.2020-06-16.gz HTTP/1.1" 200 626475 "-" "Mozilla/5.0 (compatible; bingbot/2.0; +http://www.bing.com/bingbot.htm)" 
207.46.13.201 - - [22/Dec/2022:07:38:46 -0800] "GET /self.logs/error.log.2020-09-10 HTTP/1.1" 200 361 "-" "Mozilla/5.0 (compatible; bingbot/2.0; +http://www.bing.com/bingbot.htm)" 
207.112.54.228 - - [22/Dec/2022:07:44:37 -0800] "GET / HTTP/1.1" 200 13196 "-" "Mozilla/5.0 (Macintosh; Intel Mac OS X 10_15_7) AppleWebKit/537.36 (KHTML, like Gecko) Chrome/108.0.0.0 Safari/537.36" 
207.112.54.228 - - [22/Dec/2022:07:44:38 -0800] "GET /css/style.css HTTP/1.1" 404 315 "http://www.secrepo.com/" "Mozilla/5.0 (Macintosh; Intel Mac OS X 10_15_7) AppleWebKit/537.36 (KHTML, like Gecko) Chrome/108.0.0.0 Safari/537.36" 
207.112.54.228 - - [22/Dec/2022:07:44:38 -0800] "GET /twitter-icon.png HTTP/1.1" 200 27926 "http://www.secrepo.com/" "Mozilla/5.0 (Macintosh; Intel Mac OS X 10_15_7) AppleWebKit/537.36 (KHTML, like Gecko) Chrome/108.0.0.0 Safari/537.36" 
207.112.54.228 - - [22/Dec/2022:07:44:39 -0800] "GET /bootstrap/img/favicon.ico HTTP/1.1" 304 263 "http://www.secrepo.com/" "Mozilla/5.0 (Macintosh; Intel Mac OS X 10_15_7) AppleWebKit/537.36 (KHTML, like Gecko) Chrome/108.0.0.0 Safari/537.36" 
51.222.253.7 - - [22/Dec/2022:07:49:36 -0800] "GET /Datasets%20Description/PE_malware/?C=D;O=D HTTP/1.1" 200 649 "-" "Mozilla/5.0 (compatible; AhrefsBot/7.0; +http://ahrefs.com/robot/)" 
124.123.170.143 - - [22/Dec/2022:07:52:43 -0800] "GET / HTTP/1.1" 200 13196 "-" "Mozilla/5.0 (Windows NT 10.0; Win64; x64) AppleWebKit/537.36 (KHTML, like Gecko) Chrome/108.0.0.0 Safari/537.36" 
124.123.170.143 - - [22/Dec/2022:07:52:44 -0800] "GET /css/style.css HTTP/1.1" 404 315 "http://www.secrepo.com/" "Mozilla/5.0 (Windows NT 10.0; Win64; x64) AppleWebKit/537.36 (KHTML, like Gecko) Chrome/108.0.0.0 Safari/537.36" 
124.123.170.143 - - [22/Dec/2022:07:52:44 -0800] "GET /twitter-icon.png HTTP/1.1" 200 27903 "http://www.secrepo.com/" "Mozilla/5.0 (Windows NT 10.0; Win64; x64) AppleWebKit/537.36 (KHTML, like Gecko) Chrome/108.0.0.0 Safari/537.36" 
124.123.170.143 - - [22/Dec/2022:07:52:45 -0800] "GET /GitHub-Mark.png HTTP/1.1" 200 7566 "http://www.secrepo.com/" "Mozilla/5.0 (Windows NT 10.0; Win64; x64) AppleWebKit/537.36 (KHTML, like Gecko) Chrome/108.0.0.0 Safari/537.36" 
124.123.170.143 - - [22/Dec/2022:07:52:45 -0800] "GET /bootstrap/img/favicon.ico HTTP/1.1" 200 700 "http://www.secrepo.com/" "Mozilla/5.0 (Windows NT 10.0; Win64; x64) AppleWebKit/537.36 (KHTML, like Gecko) Chrome/108.0.0.0 Safari/537.36" 
185.191.171.19 - - [22/Dec/2022:07:52:49 -0800] "GET /Datasets%20Description/HTML_Bro_log_3/conn.html HTTP/1.1" 200 1982 "-" "Mozilla/5.0 (compatible; SemrushBot/7~bl; +http://www.semrush.com/bot.html)" 
89.106.58.175 - - [22/Dec/2022:07:54:08 -0800] "GET / HTTP/1.1" 301 475 "-" "Mozilla/5.0 (Windows NT 10.0; Win64; x64) AppleWebKit/537.36 (KHTML, like Gecko) Chrome/85.0.4183.121 Safari/537.36" 
89.106.58.175 - - [22/Dec/2022:07:54:08 -0800] "GET / HTTP/1.1" 200 13196 "-" "Mozilla/5.0 (Windows NT 10.0; Win64; x64) AppleWebKit/537.36 (KHTML, like Gecko) Chrome/85.0.4183.121 Safari/537.36" 
89.106.58.175 - - [22/Dec/2022:07:54:09 -0800] "GET / HTTP/1.1" 200 13173 "-" "Mozilla/5.0 (Windows NT 10.0; Win64; x64) AppleWebKit/537.36 (KHTML, like Gecko) Chrome/85.0.4183.121 Safari/537.36" 
89.106.58.175 - - [22/Dec/2022:07:54:11 -0800] "GET /maccdc2012/smtp.log.gz HTTP/1.1" 200 6943 "-" "Mozilla/5.0 (Windows NT 10.0; Win64; x64) AppleWebKit/537.36 (KHTML, like Gecko) Chrome/85.0.4183.121 Safari/537.36" 
89.106.58.175 - - [22/Dec/2022:07:54:11 -0800] "GET /maccdc2012/ssh.log.gz HTTP/1.1" 200 182554 "-" "Mozilla/5.0 (Windows NT 10.0; Win64; x64) AppleWebKit/537.36 (KHTML, like Gecko) Chrome/85.0.4183.121 Safari/537.36" 
89.106.58.175 - - [22/Dec/2022:07:54:15 -0800] "GET /maccdc2012/ssl.log.gz HTTP/1.1" 200 379600 "-" "Mozilla/5.0 (Windows NT 10.0; Win64; x64) AppleWebKit/537.36 (KHTML, like Gecko) Chrome/85.0.4183.121 Safari/537.36" 
89.106.58.175 - - [22/Dec/2022:07:54:21 -0800] "GET /maccdc2012/conn.log.gz HTTP/1.1" 200 432160 "-" "Mozilla/5.0 (Windows NT 10.0; Win64; x64) AppleWebKit/537.36 (KHTML, like Gecko) Chrome/85.0.4183.121 Safari/537.36" 
89.106.58.175 - - [22/Dec/2022:07:54:31 -0800] "GET /maccdc2012/dhcp.log.gz HTTP/1.1" 200 44987 "-" "Mozilla/5.0 (Windows NT 10.0; Win64; x64) AppleWebKit/537.36 (KHTML, like Gecko) Chrome/85.0.4183.121 Safari/537.36" 
89.106.58.175 - - [22/Dec/2022:07:54:35 -0800] "GET /maccdc2012/dns.log.gz HTTP/1.1" 200 3860240 "-" "Mozilla/5.0 (Windows NT 10.0; Win64; x64) AppleWebKit/537.36 (KHTML, like Gecko) Chrome/85.0.4183.121 Safari/537.36" 
207.46.13.201 - - [22/Dec/2022:07:54:57 -0800] "GET /self.logs/access.log.2022-07-23.gz HTTP/1.1" 200 19214 "-" "Mozilla/5.0 AppleWebKit/537.36 (KHTML, like Gecko; compatible; bingbot/2.0; +http://www.bing.com/bingbot.htm) Chrome/103.0.5060.134 Safari/537.36" 
40.77.167.50 - - [22/Dec/2022:07:56:01 -0800] "GET /self.logs/error.log.2020-08-03 HTTP/1.1" 200 361 "-" "Mozilla/5.0 AppleWebKit/537.36 (KHTML, like Gecko; compatible; bingbot/2.0; +http://www.bing.com/bingbot.htm) Chrome/103.0.5060.134 Safari/537.36" 
66.249.66.63 - - [22/Dec/2022:08:01:12 -0800] "GET / HTTP/1.1" 200 13196 "-" "Mozilla/5.0 (Linux; Android 6.0.1; Nexus 5X Build/MMB29P) AppleWebKit/537.36 (KHTML, like Gecko) Chrome/107.0.5304.115 Mobile Safari/537.36 (compatible; Googlebot/2.1; +http://www.google.com/bot.html)" 
66.249.66.92 - - [22/Dec/2022:08:01:15 -0800] "GET /css/style.css HTTP/1.1" 404 338 "http://www.secrepo.com/" "Mozilla/5.0 (Linux; Android 6.0.1; Nexus 5X Build/MMB29P) AppleWebKit/537.36 (KHTML, like Gecko) Chrome/108.0.5359.130 Mobile Safari/537.36 (compatible; Googlebot/2.1; +http://www.google.com/bot.html)" 
66.249.66.157 - - [22/Dec/2022:08:01:15 -0800] "GET /css/style.css HTTP/1.1" 404 338 "http://www.secrepo.com/" "Mozilla/5.0 (Linux; Android 6.0.1; Nexus 5X Build/MMB29P) AppleWebKit/537.36 (KHTML, like Gecko) Chrome/108.0.5359.130 Mobile Safari/537.36 (compatible; Googlebot/2.1; +http://www.google.com/bot.html)" 
165.73.201.11 - - [22/Dec/2022:08:02:15 -0800] "GET /Datasets%20Description/PE_malware/VirusShare.html HTTP/1.1" 200 1661 "-" "Mozilla/5.0 (X11; Ubuntu; Linux x86_64; rv:108.0) Gecko/20100101 Firefox/108.0" 
165.73.201.11 - - [22/Dec/2022:08:02:15 -0800] "GET /favicon.ico HTTP/1.1" 200 378 "http://www.secrepo.com/Datasets%20Description/PE_malware/VirusShare.html" "Mozilla/5.0 (X11; Ubuntu; Linux x86_64; rv:108.0) Gecko/20100101 Firefox/108.0" 
207.46.13.45 - - [22/Dec/2022:08:08:15 -0800] "GET /self.logs/error.log.2021-08-11.gz HTTP/1.1" 200 1443 "-" "Mozilla/5.0 AppleWebKit/537.36 (KHTML, like Gecko; compatible; bingbot/2.0; +http://www.bing.com/bingbot.htm) Chrome/103.0.5060.134 Safari/537.36" 
157.55.39.139 - - [22/Dec/2022:08:11:48 -0800] "GET /self.logs/access.log.2020-12-30.gz HTTP/1.1" 200 36708 "-" "Mozilla/5.0 (compatible; bingbot/2.0; +http://www.bing.com/bingbot.htm)" 
157.55.39.161 - - [22/Dec/2022:08:12:59 -0800] "GET /self.logs/2016/error.log.2016-09-29.gz HTTP/1.1" 200 660 "-" "Mozilla/5.0 (compatible; bingbot/2.0; +http://www.bing.com/bingbot.htm)" 
157.55.39.139 - - [22/Dec/2022:08:15:37 -0800] "GET /self.logs/error.log.2021-08-03.gz HTTP/1.1" 200 4204 "-" "Mozilla/5.0 AppleWebKit/537.36 (KHTML, like Gecko; compatible; bingbot/2.0; +http://www.bing.com/bingbot.htm) Chrome/103.0.5060.134 Safari/537.36" 
