51.222.253.14 - - [22/Oct/2021:02:28:56 -0700] "GET /Datasets%20Description/Network/ftp.html HTTP/1.1" 200 1486 "-" "Mozilla/5.0 (compatible; AhrefsBot/7.0; +http://ahrefs.com/robot/)" 
51.222.253.5 - - [22/Oct/2021:02:47:52 -0700] "GET /Datasets%20Description/Network/ssl.html HTTP/1.1" 200 1541 "-" "Mozilla/5.0 (compatible; AhrefsBot/7.0; +http://ahrefs.com/robot/)" 
49.7.20.128 - - [22/Oct/2021:02:49:49 -0700] "GET / HTTP/1.1" 200 13149 "-" "Sogou web spider/4.0(+http://www.sogou.com/docs/help/webmasters.htm#07)" 
116.86.203.45 - - [22/Oct/2021:02:50:49 -0700] "GET / HTTP/1.1" 200 13186 "-" "Mozilla/5.0 (Windows NT 10.0; Win64; x64) AppleWebKit/537.36 (KHTML, like Gecko) Chrome/94.0.4606.81 Safari/537.36" 
116.86.203.45 - - [22/Oct/2021:02:50:49 -0700] "GET /css/style.css HTTP/1.1" 404 305 "http://www.secrepo.com/" "Mozilla/5.0 (Windows NT 10.0; Win64; x64) AppleWebKit/537.36 (KHTML, like Gecko) Chrome/94.0.4606.81 Safari/537.36" 
116.86.203.45 - - [22/Oct/2021:02:50:49 -0700] "GET /twitter-icon.png HTTP/1.1" 200 27916 "http://www.secrepo.com/" "Mozilla/5.0 (Windows NT 10.0; Win64; x64) AppleWebKit/537.36 (KHTML, like Gecko) Chrome/94.0.4606.81 Safari/537.36" 
116.86.203.45 - - [22/Oct/2021:02:50:49 -0700] "GET /GitHub-Mark.png HTTP/1.1" 200 7556 "http://www.secrepo.com/" "Mozilla/5.0 (Windows NT 10.0; Win64; x64) AppleWebKit/537.36 (KHTML, like Gecko) Chrome/94.0.4606.81 Safari/537.36" 
116.86.203.45 - - [22/Oct/2021:02:50:50 -0700] "GET /bootstrap/img/favicon.ico HTTP/1.1" 200 690 "http://www.secrepo.com/" "Mozilla/5.0 (Windows NT 10.0; Win64; x64) AppleWebKit/537.36 (KHTML, like Gecko) Chrome/94.0.4606.81 Safari/537.36" 
51.222.253.10 - - [22/Oct/2021:02:57:01 -0700] "GET /Datasets%20Description/PE_malware/OPCleaver.html HTTP/1.1" 200 1414 "-" "Mozilla/5.0 (compatible; AhrefsBot/7.0; +http://ahrefs.com/robot/)" 
157.55.39.24 - - [22/Oct/2021:03:01:19 -0700] "GET /self.logs/access.log.2017-03-14.gz HTTP/1.1" 301 543 "-" "Mozilla/5.0 (compatible; bingbot/2.0; +http://www.bing.com/bingbot.htm)" 
51.222.253.16 - - [22/Oct/2021:03:06:43 -0700] "GET /Datasets%20Description/Network/dns.html HTTP/1.1" 200 1499 "-" "Mozilla/5.0 (compatible; AhrefsBot/7.0; +http://ahrefs.com/robot/)" 
172.105.82.175 - - [22/Oct/2021:03:07:29 -0700] "GET / HTTP/1.1" 301 438 "-" "Mozilla/5.0 (Macintosh; Intel Mac OS X 10_13_6) AppleWebKit/605.1.15 (KHTML, like Gecko) Version/13.0.3 Safari/605.1.15" 
172.105.82.175 - - [22/Oct/2021:03:07:30 -0700] "GET / HTTP/1.1" 200 49096 "http://secrepo.com" "Mozilla/5.0 (Macintosh; Intel Mac OS X 10_13_6) AppleWebKit/605.1.15 (KHTML, like Gecko) Version/13.0.3 Safari/605.1.15" 
20.109.115.205 - - [22/Oct/2021:03:13:32 -0700] "GET / HTTP/1.1" 200 13141 "-" "awesome_bot" 
51.222.253.13 - - [22/Oct/2021:03:16:55 -0700] "GET /self.logs/ HTTP/1.1" 200 32315 "-" "Mozilla/5.0 (compatible; AhrefsBot/7.0; +http://ahrefs.com/robot/)" 
51.222.253.1 - - [22/Oct/2021:03:26:48 -0700] "GET / HTTP/1.1" 200 13142 "-" "Mozilla/5.0 (compatible; AhrefsBot/7.0; +http://ahrefs.com/robot/)" 
51.222.253.14 - - [22/Oct/2021:03:31:25 -0700] "GET /Datasets%20Description/Network/weird.html HTTP/1.1" 200 1601 "-" "Mozilla/5.0 (compatible; AhrefsBot/7.0; +http://ahrefs.com/robot/)" 
51.222.253.3 - - [22/Oct/2021:03:35:58 -0700] "GET /Datasets%20Description/HTML_Bro_log_2/?C=M;O=D HTTP/1.1" 200 788 "-" "Mozilla/5.0 (compatible; AhrefsBot/7.0; +http://ahrefs.com/robot/)" 
162.241.24.203 - - [22/Oct/2021:03:38:46 -0700] "GET / HTTP/1.1" 301 419 "-" "-" 
162.241.24.203 - - [22/Oct/2021:03:38:47 -0700] "GET / HTTP/1.1" 200 49089 "-" "-" 
51.222.253.6 - - [22/Oct/2021:03:39:54 -0700] "GET /Datasets%20Description/Network/notice.html HTTP/1.1" 200 1606 "-" "Mozilla/5.0 (compatible; AhrefsBot/7.0; +http://ahrefs.com/robot/)" 
51.222.253.1 - - [22/Oct/2021:03:47:09 -0700] "GET /self.logs/access.log.2019-04-26.gz HTTP/1.1" 200 23077 "-" "Mozilla/5.0 (compatible; AhrefsBot/7.0; +http://ahrefs.com/robot/)" 
51.222.253.16 - - [22/Oct/2021:03:51:06 -0700] "GET /self.logs/access.log.2019-11-22.gz HTTP/1.1" 200 24264 "-" "Mozilla/5.0 (compatible; AhrefsBot/7.0; +http://ahrefs.com/robot/)" 
66.249.66.158 - - [22/Oct/2021:03:52:26 -0700] "GET /robots.txt HTTP/1.1" 200 377 "-" "Mozilla/5.0 (compatible; Googlebot/2.1; +http://www.google.com/bot.html)" 
51.222.253.2 - - [22/Oct/2021:03:54:54 -0700] "GET /self.logs/error.log.2017-10-18.gz HTTP/1.1" 200 2797 "-" "Mozilla/5.0 (compatible; AhrefsBot/7.0; +http://ahrefs.com/robot/)" 
51.222.253.8 - - [22/Oct/2021:03:58:45 -0700] "GET /self.logs/error.log.2020-05-18.gz HTTP/1.1" 200 918 "-" "Mozilla/5.0 (compatible; AhrefsBot/7.0; +http://ahrefs.com/robot/)" 
51.222.253.10 - - [22/Oct/2021:04:02:18 -0700] "GET /self.logs/access.log.2020-01-14.gz HTTP/1.1" 200 17693 "-" "Mozilla/5.0 (compatible; AhrefsBot/7.0; +http://ahrefs.com/robot/)" 
51.222.253.1 - - [22/Oct/2021:04:05:55 -0700] "GET /Datasets%20Description/Network/tunnel.html HTTP/1.1" 200 1426 "-" "Mozilla/5.0 (compatible; AhrefsBot/7.0; +http://ahrefs.com/robot/)" 
137.184.154.55 - - [22/Oct/2021:04:07:56 -0700] "GET /.env HTTP/1.1" 404 519 "-" "Mozilla/5.0 (X11; Linux x86_64) AppleWebKit/537.36 (KHTML, like Gecko) Chrome/81.0.4044.129 Safari/537.36" 
51.222.253.13 - - [22/Oct/2021:04:09:40 -0700] "GET /self.logs/error.log.2020-06-20 HTTP/1.1" 200 307 "-" "Mozilla/5.0 (compatible; AhrefsBot/7.0; +http://ahrefs.com/robot/)" 
49.7.20.128 - - [22/Oct/2021:04:11:34 -0700] "GET / HTTP/1.1" 200 13149 "-" "Sogou web spider/4.0(+http://www.sogou.com/docs/help/webmasters.htm#07)" 
51.222.253.1 - - [22/Oct/2021:04:13:22 -0700] "GET /self.logs/access.log.2021-03-10.gz HTTP/1.1" 200 29938 "-" "Mozilla/5.0 (compatible; AhrefsBot/7.0; +http://ahrefs.com/robot/)" 
51.222.253.12 - - [22/Oct/2021:04:17:00 -0700] "GET /self.logs/error.log.2017-02-17.gz HTTP/1.1" 200 874 "-" "Mozilla/5.0 (compatible; AhrefsBot/7.0; +http://ahrefs.com/robot/)" 
51.222.253.9 - - [22/Oct/2021:04:20:32 -0700] "GET /self.logs/error.log.2020-11-21 HTTP/1.1" 200 307 "-" "Mozilla/5.0 (compatible; AhrefsBot/7.0; +http://ahrefs.com/robot/)" 
51.222.253.3 - - [22/Oct/2021:04:24:10 -0700] "GET /self.logs/access.log.2018-05-24.gz HTTP/1.1" 200 18756 "-" "Mozilla/5.0 (compatible; AhrefsBot/7.0; +http://ahrefs.com/robot/)" 
51.222.253.16 - - [22/Oct/2021:04:27:42 -0700] "GET /self.logs/error.log.2020-06-30.gz HTTP/1.1" 200 2184 "-" "Mozilla/5.0 (compatible; AhrefsBot/7.0; +http://ahrefs.com/robot/)" 
51.222.253.16 - - [22/Oct/2021:04:31:22 -0700] "GET /self.logs/access.log.2021-03-19.gz HTTP/1.1" 200 12829 "-" "Mozilla/5.0 (compatible; AhrefsBot/7.0; +http://ahrefs.com/robot/)" 
51.222.253.7 - - [22/Oct/2021:04:35:08 -0700] "GET /self.logs/access.log.2020-05-15.gz HTTP/1.1" 200 9620 "-" "Mozilla/5.0 (compatible; AhrefsBot/7.0; +http://ahrefs.com/robot/)" 
51.222.253.1 - - [22/Oct/2021:04:38:57 -0700] "GET /self.logs/error.log.2019-04-29.gz HTTP/1.1" 200 15477 "-" "Mozilla/5.0 (compatible; AhrefsBot/7.0; +http://ahrefs.com/robot/)" 
157.55.39.66 - - [22/Oct/2021:04:40:19 -0700] "GET /robots.txt HTTP/1.1" 200 377 "-" "Mozilla/5.0 (compatible; bingbot/2.0; +http://www.bing.com/bingbot.htm)" 
157.55.39.24 - - [22/Oct/2021:04:40:29 -0700] "GET /Datasets%20Description/Network/http.html HTTP/1.1" 200 1709 "-" "Mozilla/5.0 (compatible; bingbot/2.0; +http://www.bing.com/bingbot.htm)" 
51.222.253.13 - - [22/Oct/2021:04:42:49 -0700] "GET /self.logs/access.log.2020-10-26.gz HTTP/1.1" 200 12128 "-" "Mozilla/5.0 (compatible; AhrefsBot/7.0; +http://ahrefs.com/robot/)" 
51.222.253.13 - - [22/Oct/2021:04:46:33 -0700] "GET /self.logs/error.log.2017-10-17.gz HTTP/1.1" 200 4081 "-" "Mozilla/5.0 (compatible; AhrefsBot/7.0; +http://ahrefs.com/robot/)" 
116.179.32.71 - - [22/Oct/2021:04:49:06 -0700] "GET / HTTP/1.1" 200 13149 "-" "Mozilla/5.0 (Linux;u;Android 4.2.2;zh-cn;) AppleWebKit/534.46 (KHTML,like Gecko) Version/5.1 Mobile Safari/10600.6.3 (compatible; Baiduspider/2.0; +http://www.baidu.com/search/spider.html)" 
116.179.32.23 - - [22/Oct/2021:04:49:06 -0700] "GET / HTTP/1.1" 200 13149 "-" "Mozilla/5.0 (compatible; Baiduspider/2.0; +http://www.baidu.com/search/spider.html)" 
116.179.37.136 - - [22/Oct/2021:04:49:06 -0700] "GET /GitHub-Mark.png HTTP/1.1" 200 7519 "http://www.secrepo.com/" "Mozilla/5.0 (compatible; Baiduspider-render/2.0; +http://www.baidu.com/search/spider.html)" 
116.179.37.246 - - [22/Oct/2021:04:49:06 -0700] "GET /twitter-icon.png HTTP/1.1" 200 27879 "http://www.secrepo.com/" "Mozilla/5.0 (compatible; Baiduspider-render/2.0; +http://www.baidu.com/search/spider.html)" 
116.179.37.59 - - [22/Oct/2021:04:49:06 -0700] "GET /css/style.css HTTP/1.1" 404 291 "http://www.secrepo.com/" "Mozilla/5.0 (compatible; Baiduspider-render/2.0; +http://www.baidu.com/search/spider.html)" 
116.179.37.206 - - [22/Oct/2021:04:49:07 -0700] "GET /twitter-icon.png HTTP/1.1" 200 27879 "http://www.secrepo.com/" "Mozilla/5.0 (iPhone; CPU iPhone OS 9_1 like Mac OS X) AppleWebKit/601.1.46 (KHTML, like Gecko) Version/9.0 Mobile/13B143 Safari/601.1 (compatible; Baiduspider-render/2.0; +http://www.baidu.com/search/spider.html)" 
116.179.37.72 - - [22/Oct/2021:04:49:07 -0700] "GET /GitHub-Mark.png HTTP/1.1" 200 7519 "http://www.secrepo.com/" "Mozilla/5.0 (iPhone; CPU iPhone OS 9_1 like Mac OS X) AppleWebKit/601.1.46 (KHTML, like Gecko) Version/9.0 Mobile/13B143 Safari/601.1 (compatible; Baiduspider-render/2.0; +http://www.baidu.com/search/spider.html)" 
116.179.37.217 - - [22/Oct/2021:04:49:07 -0700] "GET /css/style.css HTTP/1.1" 404 291 "http://www.secrepo.com/" "Mozilla/5.0 (iPhone; CPU iPhone OS 9_1 like Mac OS X) AppleWebKit/601.1.46 (KHTML, like Gecko) Version/9.0 Mobile/13B143 Safari/601.1 (compatible; Baiduspider-render/2.0; +http://www.baidu.com/search/spider.html)" 
51.222.253.2 - - [22/Oct/2021:04:50:34 -0700] "GET /self.logs/error.log.2020-03-23 HTTP/1.1" 200 307 "-" "Mozilla/5.0 (compatible; AhrefsBot/7.0; +http://ahrefs.com/robot/)" 
51.222.253.20 - - [22/Oct/2021:04:54:16 -0700] "GET /self.logs/access.log.2017-11-05.gz HTTP/1.1" 200 26646 "-" "Mozilla/5.0 (compatible; AhrefsBot/7.0; +http://ahrefs.com/robot/)" 
71.13.87.122 - - [22/Oct/2021:04:54:37 -0700] "GET /robots.txt HTTP/1.1" 301 495 "-" "Mozilla/5.0 (compatible; MJ12bot/v1.4.8; http://mj12bot.com/)" 
71.13.87.122 - - [22/Oct/2021:04:54:38 -0700] "GET /robots.txt HTTP/1.1" 200 377 "-" "Mozilla/5.0 (compatible; MJ12bot/v1.4.8; http://mj12bot.com/)" 
71.13.87.122 - - [22/Oct/2021:04:54:40 -0700] "GET /%C2%A0%C2%A0 HTTP/1.1" 301 427 "-" "Mozilla/5.0 (compatible; MJ12bot/v1.4.8; http://mj12bot.com/)" 
71.13.87.122 - - [22/Oct/2021:04:54:42 -0700] "GET /%C3%82%C2%A0%C3%82 HTTP/1.1" 404 284 "-" "Mozilla/5.0 (compatible; MJ12bot/v1.4.8; http://mj12bot.com/)" 
71.13.87.122 - - [22/Oct/2021:04:54:44 -0700] "GET /honeypot//%22http://amunhoney.sourceforge.net//%22 HTTP/1.1" 404 250 "-" "Mozilla/5.0 (compatible; MJ12bot/v1.4.8; http://mj12bot.com/)" 
71.13.87.122 - - [22/Oct/2021:04:54:48 -0700] "GET /honeypot//%22http://glastopf.org//%22 HTTP/1.1" 404 284 "-" "Mozilla/5.0 (compatible; MJ12bot/v1.4.8; http://mj12bot.com/)" 
71.13.87.122 - - [22/Oct/2021:04:54:52 -0700] "GET /honeypot//%22http://www.maxmind.com/%22 HTTP/1.1" 404 284 "-" "Mozilla/5.0 (compatible; MJ12bot/v1.4.8; http://mj12bot.com/)" 
71.13.87.122 - - [22/Oct/2021:04:54:55 -0700] "GET /honeypot//%22https://twitter.com/sooshie/%22 HTTP/1.1" 404 284 "-" "Mozilla/5.0 (compatible; MJ12bot/v1.4.8; http://mj12bot.com/)" 
71.13.87.122 - - [22/Oct/2021:04:54:59 -0700] "GET /honeypot//%22https://twitter.com/theroxyd/%22 HTTP/1.1" 404 284 "-" "Mozilla/5.0 (compatible; MJ12bot/v1.4.8; http://mj12bot.com/)" 
71.13.87.122 - - [22/Oct/2021:04:55:02 -0700] "GET /self.logs/ HTTP/1.1" 200 32315 "-" "Mozilla/5.0 (compatible; MJ12bot/v1.4.8; http://mj12bot.com/)" 
71.13.87.122 - - [22/Oct/2021:04:55:04 -0700] "GET /%C2%A0 HTTP/1.1" 404 250 "-" "Mozilla/5.0 (compatible; MJ12bot/v1.4.8; http://mj12bot.com/)" 
71.13.87.122 - - [22/Oct/2021:04:55:07 -0700] "GET / HTTP/1.1" 200 13142 "-" "Mozilla/5.0 (compatible; MJ12bot/v1.4.8; http://mj12bot.com/)" 
51.222.253.5 - - [22/Oct/2021:04:58:15 -0700] "GET /self.logs/access.log.2020-06-02.gz HTTP/1.1" 200 19139 "-" "Mozilla/5.0 (compatible; AhrefsBot/7.0; +http://ahrefs.com/robot/)" 
51.222.253.3 - - [22/Oct/2021:05:02:16 -0700] "GET /self.logs/access.log.2018-05-07.gz HTTP/1.1" 200 20746 "-" "Mozilla/5.0 (compatible; AhrefsBot/7.0; +http://ahrefs.com/robot/)" 
51.222.253.20 - - [22/Oct/2021:05:06:02 -0700] "GET /self.logs/access.log.2017-01-18.gz HTTP/1.1" 200 15324 "-" "Mozilla/5.0 (compatible; AhrefsBot/7.0; +http://ahrefs.com/robot/)" 
35.40.124.17 - - [22/Oct/2021:05:09:22 -0700] "GET / HTTP/1.1" 200 13185 "-" "Mozilla/5.0 (Macintosh; Intel Mac OS X 10_15_7) AppleWebKit/605.1.15 (KHTML, like Gecko) Version/15.0 Safari/605.1.15" 
35.40.124.17 - - [22/Oct/2021:05:09:23 -0700] "GET /css/style.css HTTP/1.1" 404 328 "http://www.secrepo.com/" "Mozilla/5.0 (Macintosh; Intel Mac OS X 10_15_7) AppleWebKit/605.1.15 (KHTML, like Gecko) Version/15.0 Safari/605.1.15" 
35.40.124.17 - - [22/Oct/2021:05:09:23 -0700] "GET /GitHub-Mark.png HTTP/1.1" 200 7533 "http://www.secrepo.com/" "Mozilla/5.0 (Macintosh; Intel Mac OS X 10_15_7) AppleWebKit/605.1.15 (KHTML, like Gecko) Version/15.0 Safari/605.1.15" 
35.40.124.17 - - [22/Oct/2021:05:09:23 -0700] "GET /twitter-icon.png HTTP/1.1" 200 27893 "http://www.secrepo.com/" "Mozilla/5.0 (Macintosh; Intel Mac OS X 10_15_7) AppleWebKit/605.1.15 (KHTML, like Gecko) Version/15.0 Safari/605.1.15" 
35.40.124.17 - - [22/Oct/2021:05:09:24 -0700] "GET /bootstrap/img/favicon.ico HTTP/1.1" 200 713 "http://www.secrepo.com/" "Mozilla/5.0 (Macintosh; Intel Mac OS X 10_15_7) AppleWebKit/605.1.15 (KHTML, like Gecko) Version/15.0 Safari/605.1.15" 
51.222.253.13 - - [22/Oct/2021:05:10:00 -0700] "GET /self.logs/access.log.2020-11-20.gz HTTP/1.1" 200 12397 "-" "Mozilla/5.0 (compatible; AhrefsBot/7.0; +http://ahrefs.com/robot/)" 
51.222.253.14 - - [22/Oct/2021:05:13:42 -0700] "GET /self.logs/error.log.2020-10-01 HTTP/1.1" 200 307 "-" "Mozilla/5.0 (compatible; AhrefsBot/7.0; +http://ahrefs.com/robot/)" 
51.222.253.1 - - [22/Oct/2021:05:17:20 -0700] "GET /self.logs/access.log.2021-06-17.gz HTTP/1.1" 200 28447 "-" "Mozilla/5.0 (compatible; AhrefsBot/7.0; +http://ahrefs.com/robot/)" 
51.222.253.7 - - [22/Oct/2021:05:21:08 -0700] "GET /self.logs/error.log.2019-05-14.gz HTTP/1.1" 200 5399 "-" "Mozilla/5.0 (compatible; AhrefsBot/7.0; +http://ahrefs.com/robot/)" 
51.222.253.10 - - [22/Oct/2021:05:25:01 -0700] "GET /self.logs/access.log.2020-12-22.gz HTTP/1.1" 200 18739 "-" "Mozilla/5.0 (compatible; AhrefsBot/7.0; +http://ahrefs.com/robot/)" 
51.222.253.14 - - [22/Oct/2021:05:28:52 -0700] "GET /self.logs/error.log.2021-06-17.gz HTTP/1.1" 200 3777 "-" "Mozilla/5.0 (compatible; AhrefsBot/7.0; +http://ahrefs.com/robot/)" 
49.7.20.128 - - [22/Oct/2021:05:30:29 -0700] "GET / HTTP/1.1" 200 13149 "-" "Sogou web spider/4.0(+http://www.sogou.com/docs/help/webmasters.htm#07)" 
66.249.66.86 - - [22/Oct/2021:05:32:44 -0700] "GET / HTTP/1.1" 200 13186 "-" "Mozilla/5.0 (Linux; Android 6.0.1; Nexus 5X Build/MMB29P) AppleWebKit/537.36 (KHTML, like Gecko) Chrome/94.0.4606.81 Mobile Safari/537.36 (compatible; Googlebot/2.1; +http://www.google.com/bot.html)" 
66.249.66.86 - - [22/Oct/2021:05:32:48 -0700] "GET /css/style.css HTTP/1.1" 404 328 "http://www.secrepo.com/" "Mozilla/5.0 (Linux; Android 6.0.1; Nexus 5X Build/MMB29P) AppleWebKit/537.36 (KHTML, like Gecko) Chrome/94.0.4606.81 Mobile Safari/537.36 (compatible; Googlebot/2.1; +http://www.google.com/bot.html)" 
66.249.66.84 - - [22/Oct/2021:05:32:48 -0700] "GET /css/style.css HTTP/1.1" 404 328 "http://www.secrepo.com/" "Mozilla/5.0 (Linux; Android 6.0.1; Nexus 5X Build/MMB29P) AppleWebKit/537.36 (KHTML, like Gecko) Chrome/94.0.4606.81 Mobile Safari/537.36 (compatible; Googlebot/2.1; +http://www.google.com/bot.html)" 
51.222.253.7 - - [22/Oct/2021:05:32:50 -0700] "GET /self.logs/access.log.2019-12-29.gz HTTP/1.1" 200 19343 "-" "Mozilla/5.0 (compatible; AhrefsBot/7.0; +http://ahrefs.com/robot/)" 
51.222.253.15 - - [22/Oct/2021:05:36:42 -0700] "GET /self.logs/error.log.2020-11-26.gz HTTP/1.1" 200 738 "-" "Mozilla/5.0 (compatible; AhrefsBot/7.0; +http://ahrefs.com/robot/)" 
51.222.253.8 - - [22/Oct/2021:05:40:48 -0700] "GET /self.logs/error.log.2017-07-14.gz HTTP/1.1" 200 985 "-" "Mozilla/5.0 (compatible; AhrefsBot/7.0; +http://ahrefs.com/robot/)" 
51.222.253.19 - - [22/Oct/2021:05:44:45 -0700] "GET /self.logs/access.log.2018-03-08.gz HTTP/1.1" 200 40489 "-" "Mozilla/5.0 (compatible; AhrefsBot/7.0; +http://ahrefs.com/robot/)" 
51.222.253.3 - - [22/Oct/2021:05:48:40 -0700] "GET /self.logs/access.log.2020-01-12.gz HTTP/1.1" 200 18818 "-" "Mozilla/5.0 (compatible; AhrefsBot/7.0; +http://ahrefs.com/robot/)" 
51.222.253.8 - - [22/Oct/2021:05:52:38 -0700] "GET /self.logs/access.log.2019-01-08.gz HTTP/1.1" 200 24652 "-" "Mozilla/5.0 (compatible; AhrefsBot/7.0; +http://ahrefs.com/robot/)" 
51.222.253.4 - - [22/Oct/2021:05:56:50 -0700] "GET /self.logs/error.log.2017-07-10.gz HTTP/1.1" 200 690 "-" "Mozilla/5.0 (compatible; AhrefsBot/7.0; +http://ahrefs.com/robot/)" 
157.90.181.151 - - [22/Oct/2021:06:02:16 -0700] "GET /robots.txt HTTP/1.1" 301 495 "-" "Mozilla/5.0 (compatible; BLEXBot/1.0; +http://webmeup-crawler.com/)" 
157.90.181.151 - - [22/Oct/2021:06:02:16 -0700] "GET /robots.txt HTTP/1.1" 200 377 "-" "Mozilla/5.0 (compatible; BLEXBot/1.0; +http://webmeup-crawler.com/)" 
157.90.181.151 - - [22/Oct/2021:06:02:16 -0700] "GET / HTTP/1.1" 301 475 "-" "Mozilla/5.0 (compatible; BLEXBot/1.0; +http://webmeup-crawler.com/)" 
157.90.181.151 - - [22/Oct/2021:06:02:17 -0700] "GET / HTTP/1.1" 200 13184 "-" "Mozilla/5.0 (compatible; BLEXBot/1.0; +http://webmeup-crawler.com/)" 
51.222.253.19 - - [22/Oct/2021:06:05:08 -0700] "GET /self.logs/error.log.2019-12-18.gz HTTP/1.1" 200 924 "-" "Mozilla/5.0 (compatible; AhrefsBot/7.0; +http://ahrefs.com/robot/)" 
118.184.177.112 - - [22/Oct/2021:06:06:49 -0700] "GET / HTTP/1.1" 200 13147 "-" "Sogou web spider/4.0(+http://www.sogou.com/docs/help/webmasters.htm#07)" 
51.222.253.3 - - [22/Oct/2021:06:07:13 -0700] "GET /self.logs/access.log.2020-02-18.gz HTTP/1.1" 200 19568 "-" "Mozilla/5.0 (compatible; AhrefsBot/7.0; +http://ahrefs.com/robot/)" 
51.222.253.7 - - [22/Oct/2021:06:09:16 -0700] "GET /self.logs/access.log.2018-06-30.gz HTTP/1.1" 200 21100 "-" "Mozilla/5.0 (compatible; AhrefsBot/7.0; +http://ahrefs.com/robot/)" 
51.222.253.1 - - [22/Oct/2021:06:11:19 -0700] "GET /self.logs/access.log.2017-10-01.gz HTTP/1.1" 200 24944 "-" "Mozilla/5.0 (compatible; AhrefsBot/7.0; +http://ahrefs.com/robot/)" 
51.222.253.3 - - [22/Oct/2021:06:13:13 -0700] "GET /self.logs/error.log.2020-02-13.gz HTTP/1.1" 200 835 "-" "Mozilla/5.0 (compatible; AhrefsBot/7.0; +http://ahrefs.com/robot/)" 
51.222.253.6 - - [22/Oct/2021:06:15:18 -0700] "GET /self.logs/error.log.2018-03-17.gz HTTP/1.1" 200 4729 "-" "Mozilla/5.0 (compatible; AhrefsBot/7.0; +http://ahrefs.com/robot/)" 
66.249.82.154 - - [22/Oct/2021:06:16:00 -0700] "GET / HTTP/1.1" 200 13185 "-" "Mozilla/5.0 (Windows NT 10.0; Win64; x64; rv:93.0) Gecko/20100101 Firefox/93.0,gzip(gfe)" 
66.249.82.154 - - [22/Oct/2021:06:16:02 -0700] "GET /css/style.css HTTP/1.1" 404 328 "-" "Mozilla/5.0 (Windows NT 10.0; Win64; x64; rv:93.0) Gecko/20100101 Firefox/93.0,gzip(gfe)" 
66.249.82.154 - - [22/Oct/2021:06:16:02 -0700] "GET /GitHub-Mark.png HTTP/1.1" 200 7556 "-" "Mozilla/5.0 (Windows NT 10.0; Win64; x64; rv:93.0) Gecko/20100101 Firefox/93.0,gzip(gfe)" 
66.249.82.154 - - [22/Oct/2021:06:16:02 -0700] "GET /twitter-icon.png HTTP/1.1" 200 27916 "-" "Mozilla/5.0 (Windows NT 10.0; Win64; x64; rv:93.0) Gecko/20100101 Firefox/93.0,gzip(gfe)" 
66.249.82.157 - - [22/Oct/2021:06:16:05 -0700] "GET /bootstrap/img/favicon.ico HTTP/1.1" 200 713 "-" "Mozilla/5.0 (Windows NT 10.0; Win64; x64; rv:93.0) Gecko/20100101 Firefox/93.0,gzip(gfe)" 
51.222.253.12 - - [22/Oct/2021:06:17:11 -0700] "GET /self.logs/access.log.2018-02-08.gz HTTP/1.1" 200 21825 "-" "Mozilla/5.0 (compatible; AhrefsBot/7.0; +http://ahrefs.com/robot/)" 
106.76.214.160 - - [22/Oct/2021:06:18:52 -0700] "GET /Security-Data-Analysis/Lab_1/conn.log.zip HTTP/1.1" 200 78880 "-" "Mozilla/5.0 (Windows NT 10.0; Win64; x64) AppleWebKit/537.36 (KHTML, like Gecko) Chrome/94.0.4606.81 Safari/537.36" 
51.222.253.11 - - [22/Oct/2021:06:18:58 -0700] "GET /Datasets%20Description/HTML_Bro_log_1/loaded_scripts.html HTTP/1.1" 200 1499 "-" "Mozilla/5.0 (compatible; AhrefsBot/7.0; +http://ahrefs.com/robot/)" 
106.76.214.160 - - [22/Oct/2021:06:19:07 -0700] "GET /Security-Data-Analysis/Lab_1/conn.log.zip HTTP/1.1" 206 447 "-" "Mozilla/5.0 (Windows NT 10.0; Win64; x64) AppleWebKit/537.36 (KHTML, like Gecko) Chrome/94.0.4606.81 Safari/537.36" 
106.76.214.160 - - [22/Oct/2021:06:19:07 -0700] "GET /Security-Data-Analysis/Lab_1/conn.log.zip HTTP/1.1" 206 78880 "-" "Mozilla/5.0 (Windows NT 10.0; Win64; x64) AppleWebKit/537.36 (KHTML, like Gecko) Chrome/94.0.4606.81 Safari/537.36" 
106.76.214.160 - - [22/Oct/2021:06:19:08 -0700] "GET /Security-Data-Analysis/Lab_1/conn.log.zip HTTP/1.1" 206 447 "-" "Mozilla/5.0 (Windows NT 10.0; Win64; x64) AppleWebKit/537.36 (KHTML, like Gecko) Chrome/94.0.4606.81 Safari/537.36" 
106.76.214.160 - - [22/Oct/2021:06:19:09 -0700] "GET /Security-Data-Analysis/Lab_1/conn.log.zip HTTP/1.1" 200 78880 "-" "Mozilla/5.0 (Windows NT 10.0; Win64; x64) AppleWebKit/537.36 (KHTML, like Gecko) Chrome/94.0.4606.81 Safari/537.36" 
66.249.66.85 - - [22/Oct/2021:06:37:31 -0700] "GET / HTTP/1.1" 200 13185 "-" "Mozilla/5.0 (Linux; Android 6.0.1; Nexus 5X Build/MMB29P) AppleWebKit/537.36 (KHTML, like Gecko) Chrome/94.0.4606.81 Mobile Safari/537.36 (compatible; Googlebot/2.1; +http://www.google.com/bot.html)" 
49.7.20.128 - - [22/Oct/2021:06:45:13 -0700] "GET / HTTP/1.1" 200 13149 "-" "Sogou web spider/4.0(+http://www.sogou.com/docs/help/webmasters.htm#07)" 
8.142.17.90 - - [22/Oct/2021:06:54:03 -0700] "GET /robots.txt HTTP/1.1" 200 377 "-" "Mozilla/5.0 (Windows NT 10.0; WOW64; rv:48.0) Gecko/20100101 Firefox/48.0" 
93.174.144.91 - - [22/Oct/2021:06:59:18 -0700] "GET /GitHub-Mark.png HTTP/1.1" 200 7556 "-" "Mozilla/5.0 (Windows NT 10.0; Win64; x64; rv:78.0) Gecko/20100101 Firefox/78.0" 
93.174.144.91 - - [22/Oct/2021:06:59:18 -0700] "GET /twitter-icon.png HTTP/1.1" 200 27916 "-" "Mozilla/5.0 (Windows NT 10.0; Win64; x64; rv:78.0) Gecko/20100101 Firefox/78.0" 
157.55.39.66 - - [22/Oct/2021:07:10:54 -0700] "GET /robots.txt HTTP/1.1" 301 495 "-" "Mozilla/5.0 (compatible; bingbot/2.0; +http://www.bing.com/bingbot.htm)" 
157.55.39.66 - - [22/Oct/2021:07:10:54 -0700] "GET /robots.txt HTTP/1.1" 200 377 "-" "Mozilla/5.0 (compatible; bingbot/2.0; +http://www.bing.com/bingbot.htm)" 
157.55.39.24 - - [22/Oct/2021:07:11:03 -0700] "GET /self.logs/access.log.2017-03-14.gz HTTP/1.1" 301 543 "-" "Mozilla/5.0 (compatible; bingbot/2.0; +http://www.bing.com/bingbot.htm)" 
157.55.39.66 - - [22/Oct/2021:07:17:46 -0700] "GET /robots.txt HTTP/1.1" 200 377 "-" "Mozilla/5.0 (compatible; bingbot/2.0; +http://www.bing.com/bingbot.htm)" 
207.46.13.95 - - [22/Oct/2021:07:17:55 -0700] "GET /self.logs/access.log.2021-09-30.gz HTTP/1.1" 200 71421 "-" "Mozilla/5.0 (compatible; bingbot/2.0; +http://www.bing.com/bingbot.htm)" 
89.46.62.174 - - [22/Oct/2021:07:34:56 -0700] "GET / HTTP/1.1" 301 475 "-" "Mozilla/5.0 (X11; Linux x86_64; rv:78.0) Gecko/20100101 Firefox/78.0" 
89.46.62.174 - - [22/Oct/2021:07:34:56 -0700] "GET / HTTP/1.1" 200 13186 "-" "Mozilla/5.0 (X11; Linux x86_64; rv:78.0) Gecko/20100101 Firefox/78.0" 
89.46.62.174 - - [22/Oct/2021:07:34:56 -0700] "GET /css/style.css HTTP/1.1" 404 305 "http://www.secrepo.com/" "Mozilla/5.0 (X11; Linux x86_64; rv:78.0) Gecko/20100101 Firefox/78.0" 
89.46.62.174 - - [22/Oct/2021:07:34:56 -0700] "GET /twitter-icon.png HTTP/1.1" 200 27893 "http://www.secrepo.com/" "Mozilla/5.0 (X11; Linux x86_64; rv:78.0) Gecko/20100101 Firefox/78.0" 
89.46.62.174 - - [22/Oct/2021:07:34:56 -0700] "GET /GitHub-Mark.png HTTP/1.1" 200 7556 "http://www.secrepo.com/" "Mozilla/5.0 (X11; Linux x86_64; rv:78.0) Gecko/20100101 Firefox/78.0" 
89.46.62.174 - - [22/Oct/2021:07:34:56 -0700] "GET /bootstrap/img/favicon.ico HTTP/1.1" 200 690 "-" "Mozilla/5.0 (X11; Linux x86_64; rv:78.0) Gecko/20100101 Firefox/78.0" 
89.46.62.174 - - [22/Oct/2021:07:35:05 -0700] "GET /tg/a.zip HTTP/1.1" 200 66189448 "http://www.secrepo.com/" "Mozilla/5.0 (X11; Linux x86_64; rv:78.0) Gecko/20100101 Firefox/78.0" 
207.46.13.26 - - [22/Oct/2021:07:41:06 -0700] "GET / HTTP/1.1" 200 13186 "-" "Mozilla/5.0 (compatible; bingbot/2.0; +http://www.bing.com/bingbot.htm)" 
207.46.13.181 - - [22/Oct/2021:07:50:22 -0700] "GET /self.logs/access.log.2017-09-15.gz HTTP/1.1" 200 18802 "-" "Mozilla/5.0 (compatible; bingbot/2.0; +http://www.bing.com/bingbot.htm)" 
222.212.248.180 - - [22/Oct/2021:07:53:23 -0700] "GET /favicon.ico HTTP/1.1" 304 261 "-" "Mozilla/5.0 (Windows NT 10.0; WOW64) AppleWebKit/537.36 (KHTML, like Gecko) Chrome/86.0.4240.198 Safari/537.36" 
49.7.20.128 - - [22/Oct/2021:07:56:33 -0700] "GET / HTTP/1.1" 200 13149 "-" "Sogou web spider/4.0(+http://www.sogou.com/docs/help/webmasters.htm#07)" 
54.245.222.103 - - [22/Oct/2021:08:11:55 -0700] "GET / HTTP/1.1" 301 419 "-" "Mozilla/5.0 (X11; Linux x86_64) AppleWebKit/537.36 (KHTML, like Gecko) Chrome/83.0.4103.97 Safari/537.36" 
52.89.244.1 - - [22/Oct/2021:08:11:59 -0700] "GET / HTTP/1.1" 301 419 "-" "Mozilla/5.0 (X11; Linux x86_64) AppleWebKit/537.36 (KHTML, like Gecko) Chrome/83.0.4103.97 Safari/537.36" 
54.245.222.103 - - [22/Oct/2021:08:11:59 -0700] "GET / HTTP/1.1" 200 13142 "-" "Mozilla/5.0 (X11; Linux x86_64) AppleWebKit/537.36 (KHTML, like Gecko) Chrome/83.0.4103.97 Safari/537.36" 
52.89.244.1 - - [22/Oct/2021:08:12:00 -0700] "GET / HTTP/1.1" 200 13142 "-" "Mozilla/5.0 (X11; Linux x86_64) AppleWebKit/537.36 (KHTML, like Gecko) Chrome/83.0.4103.97 Safari/537.36" 
35.163.195.35 - - [22/Oct/2021:08:13:17 -0700] "GET /favicon.ico HTTP/1.1" 301 441 "-" "Mozilla/5.0 (X11; Linux x86_64) AppleWebKit/537.36 (KHTML, like Gecko) Chrome/83.0.4103.97 Safari/537.36" 
35.163.195.35 - - [22/Oct/2021:08:13:18 -0700] "GET /favicon.ico HTTP/1.1" 200 347 "http://secrepo.com/favicon.ico" "Mozilla/5.0 (X11; Linux x86_64) AppleWebKit/537.36 (KHTML, like Gecko) Chrome/83.0.4103.97 Safari/537.36" 
52.42.47.26 - - [22/Oct/2021:08:13:38 -0700] "GET /favicon.ico HTTP/1.1" 301 441 "-" "Mozilla/5.0 (X11; Linux x86_64) AppleWebKit/537.36 (KHTML, like Gecko) Chrome/83.0.4103.97 Safari/537.36" 
52.42.47.26 - - [22/Oct/2021:08:13:39 -0700] "GET /favicon.ico HTTP/1.1" 200 347 "http://secrepo.com/favicon.ico" "Mozilla/5.0 (X11; Linux x86_64) AppleWebKit/537.36 (KHTML, like Gecko) Chrome/83.0.4103.97 Safari/537.36" 
112.47.58.3 - - [22/Oct/2021:08:27:29 -0700] "GET / HTTP/1.1" 301 475 "-" "Mozilla/5.0 (Windows NT 10.0; WOW64) AppleWebKit/537.36 (KHTML, like Gecko) Chrome/63.0.3239.132 Safari/537.36" 
112.47.58.3 - - [22/Oct/2021:08:27:38 -0700] "GET / HTTP/1.1" 200 49133 "-" "Mozilla/5.0 (Windows NT 10.0; WOW64) AppleWebKit/537.36 (KHTML, like Gecko) Chrome/63.0.3239.132 Safari/537.36" 
147.92.153.8 - - [22/Oct/2021:08:28:09 -0700] "GET / HTTP/1.1" 301 475 "-" "Mozilla/5.0 (iPhone; CPU iPhone OS 9_1 like Mac OS X) AppleWebKit/601.1.46 (KHTML, like Gecko) Version/9.0 Mobile/13B143 Safari/601.1" 
147.92.153.8 - - [22/Oct/2021:08:28:10 -0700] "GET / HTTP/1.1" 200 13186 "-" "Mozilla/5.0 (iPhone; CPU iPhone OS 9_1 like Mac OS X) AppleWebKit/601.1.46 (KHTML, like Gecko) Version/9.0 Mobile/13B143 Safari/601.1" 
147.92.153.9 - - [22/Oct/2021:08:28:11 -0700] "GET /twitter-icon.png HTTP/1.1" 200 27916 "http://www.secrepo.com/" "Mozilla/5.0 (iPhone; CPU iPhone OS 9_1 like Mac OS X) AppleWebKit/601.1.46 (KHTML, like Gecko) Version/9.0 Mobile/13B143 Safari/601.1" 
147.92.153.9 - - [22/Oct/2021:08:28:11 -0700] "GET /css/style.css HTTP/1.1" 404 328 "http://www.secrepo.com/" "Mozilla/5.0 (iPhone; CPU iPhone OS 9_1 like Mac OS X) AppleWebKit/601.1.46 (KHTML, like Gecko) Version/9.0 Mobile/13B143 Safari/601.1" 
147.92.153.5 - - [22/Oct/2021:08:28:11 -0700] "GET /GitHub-Mark.png HTTP/1.1" 200 7556 "http://www.secrepo.com/" "Mozilla/5.0 (iPhone; CPU iPhone OS 9_1 like Mac OS X) AppleWebKit/601.1.46 (KHTML, like Gecko) Version/9.0 Mobile/13B143 Safari/601.1" 
147.92.153.13 - - [22/Oct/2021:08:28:14 -0700] "GET / HTTP/1.1" 301 475 "-" "Mozilla/5.0 (Windows NT 6.1; WOW64) AppleWebKit/537.36 (KHTML, like Gecko) Chrome/52.0.2743.116 Safari/537.36" 
147.92.153.13 - - [22/Oct/2021:08:28:14 -0700] "GET / HTTP/1.1" 200 13186 "-" "Mozilla/5.0 (Windows NT 6.1; WOW64) AppleWebKit/537.36 (KHTML, like Gecko) Chrome/52.0.2743.116 Safari/537.36" 
51.222.253.2 - - [22/Oct/2021:08:38:12 -0700] "GET / HTTP/1.1" 200 13142 "-" "Mozilla/5.0 (compatible; AhrefsBot/7.0; +http://ahrefs.com/robot/)" 
66.249.66.85 - - [22/Oct/2021:08:38:44 -0700] "GET /ads.txt HTTP/1.1" 404 328 "-" "Mozilla/5.0 (compatible; Googlebot/2.1; +http://www.google.com/bot.html)" 
51.222.253.6 - - [22/Oct/2021:08:39:29 -0700] "GET /robots.txt HTTP/1.1" 301 439 "-" "Mozilla/5.0 (compatible; AhrefsBot/7.0; +http://ahrefs.com/robot/)" 
51.222.253.6 - - [22/Oct/2021:08:39:29 -0700] "GET /robots.txt HTTP/1.1" 200 333 "-" "Mozilla/5.0 (compatible; AhrefsBot/7.0; +http://ahrefs.com/robot/)" 
51.222.253.2 - - [22/Oct/2021:08:39:30 -0700] "GET / HTTP/1.1" 301 419 "-" "Mozilla/5.0 (compatible; AhrefsBot/7.0; +http://ahrefs.com/robot/)" 
157.90.181.151 - - [22/Oct/2021:08:39:56 -0700] "GET /robots.txt HTTP/1.1" 301 495 "-" "Mozilla/5.0 (compatible; BLEXBot/1.0; +http://webmeup-crawler.com/)" 
157.90.181.151 - - [22/Oct/2021:08:39:56 -0700] "GET /robots.txt HTTP/1.1" 200 377 "-" "Mozilla/5.0 (compatible; BLEXBot/1.0; +http://webmeup-crawler.com/)" 
157.90.181.151 - - [22/Oct/2021:08:39:56 -0700] "GET /sitemap.xml HTTP/1.1" 301 496 "-" "Mozilla/5.0 (compatible; BLEXBot/1.0; +http://webmeup-crawler.com/)" 
157.90.181.151 - - [22/Oct/2021:08:39:56 -0700] "GET /sitemap.xml HTTP/1.1" 404 305 "-" "Mozilla/5.0 (compatible; BLEXBot/1.0; +http://webmeup-crawler.com/)" 
157.90.181.151 - - [22/Oct/2021:08:39:58 -0700] "GET /sitemap.xml HTTP/1.1" 404 305 "-" "Mozilla/5.0 (compatible; BLEXBot/1.0; +http://webmeup-crawler.com/)" 
157.90.181.151 - - [22/Oct/2021:08:40:00 -0700] "GET / HTTP/1.1" 200 13186 "-" "Mozilla/5.0 (compatible; BLEXBot/1.0; +http://webmeup-crawler.com/)" 
157.90.181.151 - - [22/Oct/2021:08:40:07 -0700] "GET /Datasets%20Description/HTML_Bro_log_1 HTTP/1.1" 301 619 "-" "Mozilla/5.0 (compatible; BLEXBot/1.0; +http://webmeup-crawler.com/)" 
157.90.181.151 - - [22/Oct/2021:08:40:07 -0700] "GET /Datasets%20Description/HTML_Bro_log_1/ HTTP/1.1" 200 811 "-" "Mozilla/5.0 (compatible; BLEXBot/1.0; +http://webmeup-crawler.com/)" 
157.90.181.151 - - [22/Oct/2021:08:40:09 -0700] "GET /Datasets%20Description/HTML_Bro_log_2 HTTP/1.1" 301 618 "-" "Mozilla/5.0 (compatible; BLEXBot/1.0; +http://webmeup-crawler.com/)" 
157.90.181.151 - - [22/Oct/2021:08:40:09 -0700] "GET /Datasets%20Description/HTML_Bro_log_2/ HTTP/1.1" 200 809 "-" "Mozilla/5.0 (compatible; BLEXBot/1.0; +http://webmeup-crawler.com/)" 
157.90.181.151 - - [22/Oct/2021:08:40:11 -0700] "GET /Datasets%20Description/HTML_Bro_log_3 HTTP/1.1" 301 618 "-" "Mozilla/5.0 (compatible; BLEXBot/1.0; +http://webmeup-crawler.com/)" 
157.90.181.151 - - [22/Oct/2021:08:40:11 -0700] "GET /Datasets%20Description/HTML_Bro_log_3/ HTTP/1.1" 200 800 "-" "Mozilla/5.0 (compatible; BLEXBot/1.0; +http://webmeup-crawler.com/)" 
157.90.181.151 - - [22/Oct/2021:08:40:12 -0700] "GET /Datasets%20Description/Network/dhcp.html HTTP/1.1" 200 1438 "-" "Mozilla/5.0 (compatible; BLEXBot/1.0; +http://webmeup-crawler.com/)" 
157.90.181.151 - - [22/Oct/2021:08:40:15 -0700] "GET /Datasets%20Description/Network/dns.html HTTP/1.1" 200 1543 "-" "Mozilla/5.0 (compatible; BLEXBot/1.0; +http://webmeup-crawler.com/)" 
157.90.181.151 - - [22/Oct/2021:08:40:17 -0700] "GET /Datasets%20Description/Network/files.html HTTP/1.1" 200 1532 "-" "Mozilla/5.0 (compatible; BLEXBot/1.0; +http://webmeup-crawler.com/)" 
157.90.181.151 - - [22/Oct/2021:08:40:19 -0700] "GET /Datasets%20Description/Network/ftp.html HTTP/1.1" 200 1507 "-" "Mozilla/5.0 (compatible; BLEXBot/1.0; +http://webmeup-crawler.com/)" 
157.90.181.151 - - [22/Oct/2021:08:40:23 -0700] "GET /Datasets%20Description/Network/http.html HTTP/1.1" 200 1709 "-" "Mozilla/5.0 (compatible; BLEXBot/1.0; +http://webmeup-crawler.com/)" 
157.90.181.151 - - [22/Oct/2021:08:40:24 -0700] "GET /Datasets%20Description/Network/notice.html HTTP/1.1" 200 1627 "-" "Mozilla/5.0 (compatible; BLEXBot/1.0; +http://webmeup-crawler.com/)" 
157.90.181.151 - - [22/Oct/2021:08:40:25 -0700] "GET /Datasets%20Description/Network/signatures.html HTTP/1.1" 404 305 "-" "Mozilla/5.0 (compatible; BLEXBot/1.0; +http://webmeup-crawler.com/)" 
157.90.181.151 - - [22/Oct/2021:08:40:27 -0700] "GET /Datasets%20Description/Network/smtp.html HTTP/1.1" 200 1614 "-" "Mozilla/5.0 (compatible; BLEXBot/1.0; +http://webmeup-crawler.com/)" 
157.90.181.151 - - [22/Oct/2021:08:40:32 -0700] "GET /Datasets%20Description/Network/ssh.html HTTP/1.1" 200 1368 "-" "Mozilla/5.0 (compatible; BLEXBot/1.0; +http://webmeup-crawler.com/)" 
157.90.181.151 - - [22/Oct/2021:08:40:36 -0700] "GET /Datasets%20Description/Network/ssl.html HTTP/1.1" 200 1585 "-" "Mozilla/5.0 (compatible; BLEXBot/1.0; +http://webmeup-crawler.com/)" 
157.90.181.151 - - [22/Oct/2021:08:40:39 -0700] "GET /Datasets%20Description/Network/tunnel.html HTTP/1.1" 200 1470 "-" "Mozilla/5.0 (compatible; BLEXBot/1.0; +http://webmeup-crawler.com/)" 
157.90.181.151 - - [22/Oct/2021:08:40:50 -0700] "GET /Datasets%20Description/Network/weird.html HTTP/1.1" 200 1645 "-" "Mozilla/5.0 (compatible; BLEXBot/1.0; +http://webmeup-crawler.com/)" 
157.90.181.151 - - [22/Oct/2021:08:40:55 -0700] "GET /Datasets%20Description/PE_malware/OPCleaver.html HTTP/1.1" 200 1458 "-" "Mozilla/5.0 (compatible; BLEXBot/1.0; +http://webmeup-crawler.com/)" 
157.90.181.151 - - [22/Oct/2021:08:40:57 -0700] "GET /Datasets%20Description/PE_malware/VirusShare.html HTTP/1.1" 200 1628 "-" "Mozilla/5.0 (compatible; BLEXBot/1.0; +http://webmeup-crawler.com/)" 
157.90.181.151 - - [22/Oct/2021:08:41:00 -0700] "GET /Datasets%20Description/PE_malware/Zeus.html HTTP/1.1" 200 1698 "-" "Mozilla/5.0 (compatible; BLEXBot/1.0; +http://webmeup-crawler.com/)" 
157.90.181.151 - - [22/Oct/2021:08:41:03 -0700] "GET /data HTTP/1.1" 404 328 "-" "Mozilla/5.0 (compatible; BLEXBot/1.0; +http://webmeup-crawler.com/)" 
157.90.181.151 - - [22/Oct/2021:08:41:14 -0700] "GET /self.logs/ HTTP/1.1" 200 32375 "-" "Mozilla/5.0 (compatible; BLEXBot/1.0; +http://webmeup-crawler.com/)" 
103.138.73.177 - - [22/Oct/2021:08:42:31 -0700] "GET / HTTP/1.1" 200 13186 "-" "Mozilla/5.0 (X11; Linux x86_64) AppleWebKit/537.36 (KHTML, like Gecko) Chrome/93.0.4577.82 Safari/537.36" 
103.138.73.177 - - [22/Oct/2021:08:42:31 -0700] "GET /css/style.css HTTP/1.1" 404 305 "http://www.secrepo.com/" "Mozilla/5.0 (X11; Linux x86_64) AppleWebKit/537.36 (KHTML, like Gecko) Chrome/93.0.4577.82 Safari/537.36" 
103.138.73.177 - - [22/Oct/2021:08:42:31 -0700] "GET /twitter-icon.png HTTP/1.1" 200 27916 "http://www.secrepo.com/" "Mozilla/5.0 (X11; Linux x86_64) AppleWebKit/537.36 (KHTML, like Gecko) Chrome/93.0.4577.82 Safari/537.36" 
103.138.73.177 - - [22/Oct/2021:08:42:31 -0700] "GET /GitHub-Mark.png HTTP/1.1" 200 7556 "http://www.secrepo.com/" "Mozilla/5.0 (X11; Linux x86_64) AppleWebKit/537.36 (KHTML, like Gecko) Chrome/93.0.4577.82 Safari/537.36" 
103.138.73.177 - - [22/Oct/2021:08:42:39 -0700] "GET /bootstrap/img/favicon.ico HTTP/1.1" 200 713 "http://www.secrepo.com/" "Mozilla/5.0 (X11; Linux x86_64) AppleWebKit/537.36 (KHTML, like Gecko) Chrome/93.0.4577.82 Safari/537.36" 
118.184.177.112 - - [22/Oct/2021:08:56:12 -0700] "GET / HTTP/1.1" 200 13149 "-" "Sogou web spider/4.0(+http://www.sogou.com/docs/help/webmasters.htm#07)" 
51.222.253.15 - - [22/Oct/2021:08:59:41 -0700] "GET /self.logs/access.log.2019-10-24.gz HTTP/1.1" 200 24512 "-" "Mozilla/5.0 (compatible; AhrefsBot/7.0; +http://ahrefs.com/robot/)" 
207.46.13.26 - - [22/Oct/2021:09:03:04 -0700] "GET / HTTP/1.1" 301 475 "-" "Mozilla/5.0 (compatible; bingbot/2.0; +http://www.bing.com/bingbot.htm)" 
91.182.215.77 - - [22/Oct/2021:09:03:46 -0700] "GET / HTTP/1.1" 200 13186 "-" "Mozilla/5.0 (Macintosh; Intel Mac OS X 10_15_7) AppleWebKit/605.1.15 (KHTML, like Gecko) Version/15.0 Safari/605.1.15" 
91.182.215.77 - - [22/Oct/2021:09:03:46 -0700] "GET /css/style.css HTTP/1.1" 404 305 "http://www.secrepo.com/" "Mozilla/5.0 (Macintosh; Intel Mac OS X 10_15_7) AppleWebKit/605.1.15 (KHTML, like Gecko) Version/15.0 Safari/605.1.15" 
91.182.215.77 - - [22/Oct/2021:09:03:46 -0700] "GET /GitHub-Mark.png HTTP/1.1" 200 7533 "http://www.secrepo.com/" "Mozilla/5.0 (Macintosh; Intel Mac OS X 10_15_7) AppleWebKit/605.1.15 (KHTML, like Gecko) Version/15.0 Safari/605.1.15" 
91.182.215.77 - - [22/Oct/2021:09:03:46 -0700] "GET /twitter-icon.png HTTP/1.1" 200 27916 "http://www.secrepo.com/" "Mozilla/5.0 (Macintosh; Intel Mac OS X 10_15_7) AppleWebKit/605.1.15 (KHTML, like Gecko) Version/15.0 Safari/605.1.15" 
91.182.215.77 - - [22/Oct/2021:09:03:47 -0700] "GET /bootstrap/img/favicon.ico HTTP/1.1" 200 690 "http://www.secrepo.com/" "Mozilla/5.0 (Macintosh; Intel Mac OS X 10_15_7) AppleWebKit/605.1.15 (KHTML, like Gecko) Version/15.0 Safari/605.1.15" 
49.7.20.128 - - [22/Oct/2021:09:08:28 -0700] "GET / HTTP/1.1" 200 13149 "-" "Sogou web spider/4.0(+http://www.sogou.com/docs/help/webmasters.htm#07)" 
3.82.236.130 - - [22/Oct/2021:09:09:50 -0700] "GET /Datasets%20Description/Network/http.html HTTP/1.1" 200 1709 "-" "Mozilla/5.0 (X11; Ubuntu; Linux x86_64; rv:52.0) Gecko/20100101 Firefox/52.0" 
3.82.236.130 - - [22/Oct/2021:09:09:50 -0700] "GET /favicon.ico HTTP/1.1" 200 368 "-" "Mozilla/5.0 (X11; Ubuntu; Linux x86_64; rv:52.0) Gecko/20100101 Firefox/52.0" 
51.222.253.6 - - [22/Oct/2021:09:18:59 -0700] "GET /self.logs/error.log.2019-01-24.gz HTTP/1.1" 200 2375 "-" "Mozilla/5.0 (compatible; AhrefsBot/7.0; +http://ahrefs.com/robot/)" 
66.249.93.172 - - [22/Oct/2021:09:31:40 -0700] "GET / HTTP/1.1" 301 475 "-" "Mozilla/5.0 (X11; Linux x86_64) AppleWebKit/537.36 (KHTML, like Gecko) Chrome/49.0.2623.75 Safari/537.36 Google Favicon" 
66.249.93.160 - - [22/Oct/2021:09:31:40 -0700] "GET / HTTP/1.1" 200 13186 "-" "Mozilla/5.0 (X11; Linux x86_64) AppleWebKit/537.36 (KHTML, like Gecko) Chrome/49.0.2623.75 Safari/537.36 Google Favicon" 
66.249.93.189 - - [22/Oct/2021:09:31:41 -0700] "GET /bootstrap/img/favicon.ico HTTP/1.1" 200 713 "-" "Mozilla/5.0 (X11; Linux x86_64) AppleWebKit/537.36 (KHTML, like Gecko) Chrome/49.0.2623.75 Safari/537.36 Google Favicon" 
5.102.173.71 - - [22/Oct/2021:09:38:39 -0700] "GET /robots.txt HTTP/1.1" 200 333 "-" "Mozilla/5.0 (compatible; MojeekBot/0.10; +https://www.mojeek.com/bot.html)" 
5.102.173.71 - - [22/Oct/2021:09:38:39 -0700] "GET / HTTP/1.1" 200 13108 "-" "Mozilla/5.0 (compatible; MojeekBot/0.10; +https://www.mojeek.com/bot.html)" 
49.7.20.128 - - [22/Oct/2021:10:13:24 -0700] "GET / HTTP/1.1" 200 13147 "-" "Sogou web spider/4.0(+http://www.sogou.com/docs/help/webmasters.htm#07)" 
44.195.86.98 - - [22/Oct/2021:10:25:26 -0700] "GET /uploads/up.php HTTP/1.1" 404 328 "-" "Mozilla/5.0 (Windows NT 10.0; Win64; x64) AppleWebKit/537.36 (KHTML, like Gecko) Chrome/85.0.4183.102 Safari/537.36" 
44.195.86.98 - - [22/Oct/2021:10:25:26 -0700] "GET /sites/all/libraries/elfinder/elfinder.php.html HTTP/1.1" 404 328 "-" "Mozilla/5.0 (Windows NT 10.0; Win64; x64) AppleWebKit/537.36 (KHTML, like Gecko) Chrome/85.0.4183.102 Safari/537.36" 
44.195.86.98 - - [22/Oct/2021:10:25:27 -0700] "GET /images/vuln.php HTTP/1.1" 404 328 "-" "Mozilla/5.0 (Windows NT 10.0; Win64; x64) AppleWebKit/537.36 (KHTML, like Gecko) Chrome/85.0.4183.102 Safari/537.36" 
44.195.86.98 - - [22/Oct/2021:10:25:28 -0700] "GET /ups.php HTTP/1.1" 404 328 "-" "Mozilla/5.0 (Windows NT 10.0; Win64; x64) AppleWebKit/537.36 (KHTML, like Gecko) Chrome/85.0.4183.102 Safari/537.36" 
44.195.86.98 - - [22/Oct/2021:10:25:29 -0700] "GET /up.php HTTP/1.1" 404 328 "-" "Mozilla/5.0 (Windows NT 10.0; Win64; x64) AppleWebKit/537.36 (KHTML, like Gecko) Chrome/85.0.4183.102 Safari/537.36" 
44.195.86.98 - - [22/Oct/2021:10:25:29 -0700] "GET /wp-content/upload.php HTTP/1.1" 404 328 "-" "Mozilla/5.0 (Windows NT 10.0; Win64; x64) AppleWebKit/537.36 (KHTML, like Gecko) Chrome/85.0.4183.102 Safari/537.36" 
44.195.86.98 - - [22/Oct/2021:10:25:30 -0700] "GET /upload.php HTTP/1.1" 404 328 "-" "Mozilla/5.0 (Windows NT 10.0; Win64; x64) AppleWebKit/537.36 (KHTML, like Gecko) Chrome/85.0.4183.102 Safari/537.36" 
44.195.86.98 - - [22/Oct/2021:10:25:30 -0700] "GET /media-admin.php HTTP/1.1" 404 328 "-" "Mozilla/5.0 (Windows NT 10.0; Win64; x64) AppleWebKit/537.36 (KHTML, like Gecko) Chrome/85.0.4183.102 Safari/537.36" 
157.55.39.66 - - [22/Oct/2021:10:34:43 -0700] "GET /robots.txt HTTP/1.1" 200 377 "-" "Mozilla/5.0 (compatible; bingbot/2.0; +http://www.bing.com/bingbot.htm)" 
207.46.13.95 - - [22/Oct/2021:10:34:55 -0700] "GET /self.logs/access.log.2018-01-26.gz HTTP/1.1" 200 37049 "-" "Mozilla/5.0 (compatible; bingbot/2.0; +http://www.bing.com/bingbot.htm)" 
66.249.66.222 - - [22/Oct/2021:10:38:44 -0700] "GET /ads.txt HTTP/1.1" 301 489 "-" "Mozilla/5.0 (compatible; Googlebot/2.1; +http://www.google.com/bot.html)" 
51.77.205.250 - - [22/Oct/2021:10:39:15 -0700] "GET /honeypot/bsidesdfw%20-%202014.ipynb HTTP/1.1" 301 481 "-" "Tornado-Async-Client" 
51.222.253.2 - - [22/Oct/2021:10:39:37 -0700] "GET /self.logs/access.log.2021-04-27.gz HTTP/1.1" 200 19558 "-" "Mozilla/5.0 (compatible; AhrefsBot/7.0; +http://ahrefs.com/robot/)" 
51.222.253.9 - - [22/Oct/2021:10:53:43 -0700] "GET /self.logs/error.log.2018-04-22.gz HTTP/1.1" 200 4292 "-" "Mozilla/5.0 (compatible; AhrefsBot/7.0; +http://ahrefs.com/robot/)" 
128.244.13.15 - - [22/Oct/2021:11:07:38 -0700] "GET / HTTP/1.1" 301 419 "-" "Mozilla/5.0 (X11; Ubuntu; Linux x86_64; rv:93.0) Gecko/20100101 Firefox/93.0" 
128.244.13.15 - - [22/Oct/2021:11:07:38 -0700] "GET / HTTP/1.1" 200 13141 "-" "Mozilla/5.0 (X11; Ubuntu; Linux x86_64; rv:93.0) Gecko/20100101 Firefox/93.0" 
128.244.13.15 - - [22/Oct/2021:11:07:38 -0700] "GET /css/style.css HTTP/1.1" 404 250 "http://www.secrepo.com/" "Mozilla/5.0 (X11; Ubuntu; Linux x86_64; rv:93.0) Gecko/20100101 Firefox/93.0" 
128.244.13.15 - - [22/Oct/2021:11:07:38 -0700] "GET /twitter-icon.png HTTP/1.1" 200 27872 "http://www.secrepo.com/" "Mozilla/5.0 (X11; Ubuntu; Linux x86_64; rv:93.0) Gecko/20100101 Firefox/93.0" 
128.244.13.15 - - [22/Oct/2021:11:07:38 -0700] "GET /GitHub-Mark.png HTTP/1.1" 200 7512 "http://www.secrepo.com/" "Mozilla/5.0 (X11; Ubuntu; Linux x86_64; rv:93.0) Gecko/20100101 Firefox/93.0" 
128.244.13.15 - - [22/Oct/2021:11:07:39 -0700] "GET /bootstrap/img/favicon.ico HTTP/1.1" 200 635 "http://www.secrepo.com/" "Mozilla/5.0 (X11; Ubuntu; Linux x86_64; rv:93.0) Gecko/20100101 Firefox/93.0" 
128.244.13.15 - - [22/Oct/2021:11:08:57 -0700] "GET / HTTP/1.1" 200 13141 "-" "Mozilla/5.0 (X11; Ubuntu; Linux x86_64; rv:93.0) Gecko/20100101 Firefox/93.0" 
128.244.13.15 - - [22/Oct/2021:11:08:57 -0700] "GET /css/style.css HTTP/1.1" 404 250 "http://www.secrepo.com/" "Mozilla/5.0 (X11; Ubuntu; Linux x86_64; rv:93.0) Gecko/20100101 Firefox/93.0" 
128.244.13.15 - - [22/Oct/2021:11:08:57 -0700] "GET /twitter-icon.png HTTP/1.1" 200 27838 "http://www.secrepo.com/" "Mozilla/5.0 (X11; Ubuntu; Linux x86_64; rv:93.0) Gecko/20100101 Firefox/93.0" 
128.244.13.15 - - [22/Oct/2021:11:08:57 -0700] "GET /GitHub-Mark.png HTTP/1.1" 200 7512 "http://www.secrepo.com/" "Mozilla/5.0 (X11; Ubuntu; Linux x86_64; rv:93.0) Gecko/20100101 Firefox/93.0" 
128.244.42.15 - - [22/Oct/2021:11:09:01 -0700] "GET /domaindata/domainmovement.zip HTTP/1.1" 200 7437792 "-" "Mozilla/5.0 (Windows NT 10.0; Win64; x64) AppleWebKit/537.36 (KHTML, like Gecko) Chrome/94.0.4606.81 Safari/537.36 Edg/94.0.992.47" 
157.55.39.34 - - [22/Oct/2021:11:11:17 -0700] "GET /apple-touch-icon.png HTTP/1.1" 301 515 "-" "Mozilla/5.0 (compatible; bingbot/2.0; +http://www.bing.com/bingbot.htm)" 
157.55.39.117 - - [22/Oct/2021:11:11:22 -0700] "GET /favicon.ico HTTP/1.1" 301 497 "-" "Mozilla/5.0 (compatible; bingbot/2.0; +http://www.bing.com/bingbot.htm)" 
157.55.39.34 - - [22/Oct/2021:11:11:27 -0700] "GET /apple-touch-icon.png HTTP/1.1" 404 328 "-" "Mozilla/5.0 (compatible; bingbot/2.0; +http://www.bing.com/bingbot.htm)" 
157.55.39.117 - - [22/Oct/2021:11:11:32 -0700] "GET /favicon.ico HTTP/1.1" 200 391 "-" "Mozilla/5.0 (compatible; bingbot/2.0; +http://www.bing.com/bingbot.htm)" 
128.244.42.15 - - [22/Oct/2021:11:14:32 -0700] "GET /domainmovement.zip HTTP/1.1" 404 284 "-" "curl/7.68.0" 
128.244.42.15 - - [22/Oct/2021:11:15:35 -0700] "GET /domainmovement.zip HTTP/1.1" 404 284 "-" "curl/7.68.0" 
51.222.253.17 - - [22/Oct/2021:11:16:27 -0700] "GET /self.logs/error.log.2019-09-18.gz HTTP/1.1" 200 3121 "-" "Mozilla/5.0 (compatible; AhrefsBot/7.0; +http://ahrefs.com/robot/)" 
128.244.13.15 - - [22/Oct/2021:11:17:29 -0700] "GET /domaindata/domainmovement.zip HTTP/1.1" 200 7437792 "http://www.secrepo.com/" "Mozilla/5.0 (X11; Ubuntu; Linux x86_64; rv:93.0) Gecko/20100101 Firefox/93.0" 
128.244.42.15 - - [22/Oct/2021:11:17:59 -0700] "GET / HTTP/1.1" 200 49089 "-" "curl/7.68.0" 
49.7.20.128 - - [22/Oct/2021:11:18:54 -0700] "GET / HTTP/1.1" 200 13149 "-" "Sogou web spider/4.0(+http://www.sogou.com/docs/help/webmasters.htm#07)" 
40.88.21.235 - - [22/Oct/2021:11:19:16 -0700] "GET / HTTP/1.1" 200 13186 "http://www.secrepo.com/" "Mozilla/5.0 (compatible; DuckDuckGo-Favicons-Bot/1.0; +http://duckduckgo.com)" 
40.88.21.235 - - [22/Oct/2021:11:19:16 -0700] "GET /bootstrap/img/favicon.ico HTTP/1.1" 200 690 "http://www.secrepo.com/bootstrap/img/favicon.ico" "Mozilla/5.0 (compatible; DuckDuckGo-Favicons-Bot/1.0; +http://duckduckgo.com)" 
128.244.42.15 - - [22/Oct/2021:11:22:03 -0700] "GET /domaindata/domainmovement.zip HTTP/1.1" 200 7437792 "-" "curl/7.68.0" 
24.144.22.33 - - [22/Oct/2021:11:22:20 -0700] "GET / HTTP/1.1" 200 13186 "-" "Mozilla/5.0 (iPhone; CPU iPhone OS 14_8 like Mac OS X) AppleWebKit/605.1.15 (KHTML, like Gecko) CriOS/94.0.4606.76 Mobile/15E148 Safari/604.1" 
24.144.22.33 - - [22/Oct/2021:11:22:22 -0700] "GET /css/style.css HTTP/1.1" 404 328 "http://www.secrepo.com/" "Mozilla/5.0 (iPhone; CPU iPhone OS 14_8 like Mac OS X) AppleWebKit/605.1.15 (KHTML, like Gecko) CriOS/94.0.4606.76 Mobile/15E148 Safari/604.1" 
24.144.22.33 - - [22/Oct/2021:11:22:22 -0700] "GET /twitter-icon.png HTTP/1.1" 200 27893 "http://www.secrepo.com/" "Mozilla/5.0 (iPhone; CPU iPhone OS 14_8 like Mac OS X) AppleWebKit/605.1.15 (KHTML, like Gecko) CriOS/94.0.4606.76 Mobile/15E148 Safari/604.1" 
24.144.22.33 - - [22/Oct/2021:11:22:22 -0700] "GET /GitHub-Mark.png HTTP/1.1" 200 7556 "http://www.secrepo.com/" "Mozilla/5.0 (iPhone; CPU iPhone OS 14_8 like Mac OS X) AppleWebKit/605.1.15 (KHTML, like Gecko) CriOS/94.0.4606.76 Mobile/15E148 Safari/604.1" 
24.144.22.33 - - [22/Oct/2021:11:22:22 -0700] "GET /bootstrap/img/favicon.ico HTTP/1.1" 200 713 "-" "Mozilla/5.0 (iPhone; CPU iPhone OS 14_8 like Mac OS X) AppleWebKit/605.1.15 (KHTML, like Gecko) CriOS/94.0.4606.76 Mobile/15E148 Safari/604.1" 
51.222.253.2 - - [22/Oct/2021:11:23:03 -0700] "GET /self.logs/access.log.2019-01-27.gz HTTP/1.1" 200 20274 "-" "Mozilla/5.0 (compatible; AhrefsBot/7.0; +http://ahrefs.com/robot/)" 
52.53.210.93 - - [22/Oct/2021:11:29:02 -0700] "GET / HTTP/1.1" 301 475 "-" "Mozilla/5.0 (X11; Linux x86_64) AppleWebKit/537.36 (KHTML, like Gecko) Chrome/51.0.2704.103 Safari/537.36" 
52.53.210.93 - - [22/Oct/2021:11:29:02 -0700] "GET / HTTP/1.1" 200 13186 "-" "Mozilla/5.0 (X11; Linux x86_64) AppleWebKit/537.36 (KHTML, like Gecko) Chrome/51.0.2704.103 Safari/537.36" 
173.231.60.198 - - [22/Oct/2021:11:39:41 -0700] "GET /robots.txt HTTP/1.1" 200 340 "-" "Mozilla/5.0 (compatible; Adsbot/3.1; +https://seostar.co/robot/)" 
173.231.60.198 - - [22/Oct/2021:11:39:46 -0700] "GET /Datasets%20Description/PE_malware/?C=N;O=D HTTP/1.1" 200 646 "http://www.secrepo.com/" "Mozilla/5.0 (compatible; Adsbot/3.1; +https://seostar.co/robot/)" 
173.231.60.198 - - [22/Oct/2021:11:39:52 -0700] "GET /Datasets%20Description/PE_malware/?C=S;O=A HTTP/1.1" 200 649 "http://www.secrepo.com/" "Mozilla/5.0 (compatible; Adsbot/3.1; +https://seostar.co/robot/)" 
173.231.60.198 - - [22/Oct/2021:11:40:54 -0700] "GET /Datasets%20Description/Network/?C=D;O=D HTTP/1.1" 200 728 "http://www.secrepo.com/" "Mozilla/5.0 (compatible; Adsbot/3.1; +https://seostar.co/robot/)" 
173.231.60.198 - - [22/Oct/2021:11:41:00 -0700] "GET /Datasets%20Description/Network/?C=M;O=D HTTP/1.1" 200 728 "http://www.secrepo.com/" "Mozilla/5.0 (compatible; Adsbot/3.1; +https://seostar.co/robot/)" 
173.231.60.198 - - [22/Oct/2021:11:41:06 -0700] "GET /Datasets%20Description/Network/?C=N;O=A HTTP/1.1" 200 732 "http://www.secrepo.com/" "Mozilla/5.0 (compatible; Adsbot/3.1; +https://seostar.co/robot/)" 
173.231.60.198 - - [22/Oct/2021:11:41:12 -0700] "GET /Datasets%20Description/Network/?C=S;O=D HTTP/1.1" 200 729 "http://www.secrepo.com/" "Mozilla/5.0 (compatible; Adsbot/3.1; +https://seostar.co/robot/)" 
173.231.60.198 - - [22/Oct/2021:11:41:18 -0700] "GET /Datasets%20Description/PE_malware/?C=D;O=D HTTP/1.1" 200 646 "http://www.secrepo.com/" "Mozilla/5.0 (compatible; Adsbot/3.1; +https://seostar.co/robot/)" 
173.231.60.198 - - [22/Oct/2021:11:41:25 -0700] "GET /Datasets%20Description/PE_malware/?C=M;O=D HTTP/1.1" 200 646 "http://www.secrepo.com/" "Mozilla/5.0 (compatible; Adsbot/3.1; +https://seostar.co/robot/)" 
173.231.60.198 - - [22/Oct/2021:11:41:30 -0700] "GET /Datasets%20Description/PE_malware/?C=N;O=A HTTP/1.1" 200 649 "http://www.secrepo.com/" "Mozilla/5.0 (compatible; Adsbot/3.1; +https://seostar.co/robot/)" 
