62.210.143.10 - - [24/Oct/2021:09:54:19 -0700] "GET /robots.txt HTTP/1.1" 200 377 "-" "Mozilla/5.0 (compatible; Barkrowler/0.9; +https://babbar.tech/crawler)"
62.210.143.10 - - [24/Oct/2021:09:54:31 -0700] "GET /self.logs/ HTTP/1.1" 200 32414 "-" "Mozilla/5.0 (compatible; Barkrowler/0.9; +https://babbar.tech/crawler)"
62.210.143.10 - - [24/Oct/2021:09:54:56 -0700] "GET / HTTP/1.1" 301 475 "-" "Mozilla/5.0 (compatible; Barkrowler/0.9; +https://babbar.tech/crawler)"
62.210.143.10 - - [24/Oct/2021:09:55:08 -0700] "GET /self.logs/2016/ HTTP/1.1" 200 7860 "-" "Mozilla/5.0 (compatible; Barkrowler/0.9; +https://babbar.tech/crawler)"
62.210.143.10 - - [24/Oct/2021:09:55:33 -0700] "GET /self.logs/2015/?C=N;O=D HTTP/1.1" 200 7767 "-" "Mozilla/5.0 (compatible; Barkrowler/0.9; +https://babbar.tech/crawler)"
62.210.143.10 - - [24/Oct/2021:09:55:57 -0700] "GET /self.logs/2016/?C=D;O=A HTTP/1.1" 200 7860 "-" "Mozilla/5.0 (compatible; Barkrowler/0.9; +https://babbar.tech/crawler)"
51.222.253.7 - - [24/Oct/2021:09:56:21 -0700] "GET /self.logs/error.log.2018-09-25.gz HTTP/1.1" 200 5785 "-" "Mozilla/5.0 (compatible; AhrefsBot/7.0; +http://ahrefs.com/robot/)"
62.210.143.10 - - [24/Oct/2021:09:56:22 -0700] "GET /self.logs/?C=M;O=A HTTP/1.1" 200 33715 "-" "Mozilla/5.0 (compatible; Barkrowler/0.9; +https://babbar.tech/crawler)"
62.210.143.10 - - [24/Oct/2021:09:56:47 -0700] "GET /Datasets%20Description/?C=M;O=D HTTP/1.1" 200 673 "-" "Mozilla/5.0 (compatible; Barkrowler/0.9; +https://babbar.tech/crawler)"
62.210.143.10 - - [24/Oct/2021:09:57:11 -0700] "GET /self.logs/error.log.2020-05-06 HTTP/1.1" 304 261 "-" "Mozilla/5.0 (compatible; Barkrowler/0.9; +https://babbar.tech/crawler)"
62.210.143.10 - - [24/Oct/2021:09:57:36 -0700] "GET /self.logs/error.log.2020-12-28 HTTP/1.1" 304 261 "-" "Mozilla/5.0 (compatible; Barkrowler/0.9; +https://babbar.tech/crawler)"
62.210.143.10 - - [24/Oct/2021:09:58:01 -0700] "GET /self.logs/error.log.2020-11-23 HTTP/1.1" 304 261 "-" "Mozilla/5.0 (compatible; Barkrowler/0.9; +https://babbar.tech/crawler)"
157.55.39.117 - - [24/Oct/2021:09:58:07 -0700] "GET /self.logs/error.log.2017-01-16.gz HTTP/1.1" 200 1066 "-" "Mozilla/5.0 (compatible; bingbot/2.0; +http://www.bing.com/bingbot.htm)"
62.210.143.10 - - [24/Oct/2021:09:58:25 -0700] "GET /self.logs/error.log.2020-12-31 HTTP/1.1" 304 261 "-" "Mozilla/5.0 (compatible; Barkrowler/0.9; +https://babbar.tech/crawler)"
51.222.253.16 - - [24/Oct/2021:10:00:26 -0700] "GET /self.logs/error.log.2017-07-19.gz HTTP/1.1" 200 965 "-" "Mozilla/5.0 (compatible; AhrefsBot/7.0; +http://ahrefs.com/robot/)"
51.222.253.6 - - [24/Oct/2021:10:04:44 -0700] "GET /Datasets%20Description/HTML_Bro_log_1/?C=S;O=D HTTP/1.1" 200 785 "-" "Mozilla/5.0 (compatible; AhrefsBot/7.0; +http://ahrefs.com/robot/)"
51.222.253.3 - - [24/Oct/2021:10:08:55 -0700] "GET /self.logs/access.log.2020-08-06.gz HTTP/1.1" 200 35751 "-" "Mozilla/5.0 (compatible; AhrefsBot/7.0; +http://ahrefs.com/robot/)"
51.222.253.20 - - [24/Oct/2021:10:12:57 -0700] "GET /self.logs/access.log.2018-01-18.gz HTTP/1.1" 200 27041 "-" "Mozilla/5.0 (compatible; AhrefsBot/7.0; +http://ahrefs.com/robot/)"
51.222.253.14 - - [24/Oct/2021:10:17:00 -0700] "GET /self.logs/error.log.2017-01-15.gz HTTP/1.1" 200 835 "-" "Mozilla/5.0 (compatible; AhrefsBot/7.0; +http://ahrefs.com/robot/)"
207.46.13.26 - - [24/Oct/2021:10:19:18 -0700] "GET /self.logs/access.log.2017-01-11.gz HTTP/1.1" 200 93056 "-" "Mozilla/5.0 (compatible; bingbot/2.0; +http://www.bing.com/bingbot.htm)"
51.222.253.2 - - [24/Oct/2021:10:20:54 -0700] "GET /self.logs/access.log.2020-07-31.gz HTTP/1.1" 200 14080 "-" "Mozilla/5.0 (compatible; AhrefsBot/7.0; +http://ahrefs.com/robot/)"
110.235.227.113 - - [24/Oct/2021:10:23:44 -0700] "GET / HTTP/1.1" 200 13186 "-" "Mozilla/5.0 (Windows NT 10.0; Win64; x64) AppleWebKit/537.36 (KHTML, like Gecko) Chrome/94.0.4606.81 Safari/537.36"
110.235.227.113 - - [24/Oct/2021:10:23:45 -0700] "GET /css/style.css HTTP/1.1" 404 328 "http://www.secrepo.com/" "Mozilla/5.0 (Windows NT 10.0; Win64; x64) AppleWebKit/537.36 (KHTML, like Gecko) Chrome/94.0.4606.81 Safari/537.36"
110.235.227.113 - - [24/Oct/2021:10:23:55 -0700] "GET /twitter-icon.png HTTP/1.1" 200 27916 "http://www.secrepo.com/" "Mozilla/5.0 (Windows NT 10.0; Win64; x64) AppleWebKit/537.36 (KHTML, like Gecko) Chrome/94.0.4606.81 Safari/537.36"
110.235.227.113 - - [24/Oct/2021:10:23:56 -0700] "GET /GitHub-Mark.png HTTP/1.1" 200 7556 "http://www.secrepo.com/" "Mozilla/5.0 (Windows NT 10.0; Win64; x64) AppleWebKit/537.36 (KHTML, like Gecko) Chrome/94.0.4606.81 Safari/537.36"
110.235.227.113 - - [24/Oct/2021:10:24:06 -0700] "GET /bootstrap/img/favicon.ico HTTP/1.1" 200 713 "http://www.secrepo.com/" "Mozilla/5.0 (Windows NT 10.0; Win64; x64) AppleWebKit/537.36 (KHTML, like Gecko) Chrome/94.0.4606.81 Safari/537.36"
51.222.253.7 - - [24/Oct/2021:10:24:46 -0700] "GET /self.logs/error.log.2020-07-06.gz HTTP/1.1" 200 826 "-" "Mozilla/5.0 (compatible; AhrefsBot/7.0; +http://ahrefs.com/robot/)"
51.83.111.190 - - [24/Oct/2021:10:28:04 -0700] "GET /honeypot/BSidesDFW%20-%202014.ipynb HTTP/1.1" 301 481 "-" "Tornado-Async-Client"
51.222.253.17 - - [24/Oct/2021:10:28:47 -0700] "GET /self.logs/access.log.2020-09-24.gz HTTP/1.1" 200 17092 "-" "Mozilla/5.0 (compatible; AhrefsBot/7.0; +http://ahrefs.com/robot/)"
216.244.66.245 - - [24/Oct/2021:10:29:16 -0700] "GET /robots.txt HTTP/1.1" 200 333 "-" "Mozilla/5.0 (compatible; DotBot/1.2; +https://opensiteexplorer.org/dotbot; help@moz.com)"
51.222.253.10 - - [24/Oct/2021:10:32:50 -0700] "GET /self.logs/access.log.2019-07-02.gz HTTP/1.1" 200 29180 "-" "Mozilla/5.0 (compatible; AhrefsBot/7.0; +http://ahrefs.com/robot/)"
216.244.66.245 - - [24/Oct/2021:10:36:23 -0700] "GET /self.logs/access.log.2021-07-03.gz HTTP/1.1" 200 14987 "-" "Mozilla/5.0 (compatible; DotBot/1.2; +https://opensiteexplorer.org/dotbot; help@moz.com)"
216.244.66.245 - - [24/Oct/2021:10:36:40 -0700] "GET /self.logs/access.log.2021-02-09.gz HTTP/1.1" 200 33338 "-" "Mozilla/5.0 (compatible; DotBot/1.2; +https://opensiteexplorer.org/dotbot; help@moz.com)"
216.244.66.245 - - [24/Oct/2021:10:36:44 -0700] "GET /self.logs/access.log.2021-04-07.gz HTTP/1.1" 200 25423 "-" "Mozilla/5.0 (compatible; DotBot/1.2; +https://opensiteexplorer.org/dotbot; help@moz.com)"
51.222.253.18 - - [24/Oct/2021:10:36:47 -0700] "GET /self.logs/access.log.2020-05-17.gz HTTP/1.1" 200 9880 "-" "Mozilla/5.0 (compatible; AhrefsBot/7.0; +http://ahrefs.com/robot/)"
216.244.66.245 - - [24/Oct/2021:10:36:47 -0700] "GET /self.logs/access.log.2021-04-30.gz HTTP/1.1" 200 20040 "-" "Mozilla/5.0 (compatible; DotBot/1.2; +https://opensiteexplorer.org/dotbot; help@moz.com)"
51.222.253.9 - - [24/Oct/2021:10:40:50 -0700] "GET /self.logs/access.log.2019-04-07.gz HTTP/1.1" 200 38073 "-" "Mozilla/5.0 (compatible; AhrefsBot/7.0; +http://ahrefs.com/robot/)"
51.222.253.16 - - [24/Oct/2021:10:44:54 -0700] "GET /self.logs/access.log.2017-06-30.gz HTTP/1.1" 200 51650 "-" "Mozilla/5.0 (compatible; AhrefsBot/7.0; +http://ahrefs.com/robot/)"
51.222.253.20 - - [24/Oct/2021:10:49:01 -0700] "GET /self.logs/error.log.2019-03-25.gz HTTP/1.1" 200 4040 "-" "Mozilla/5.0 (compatible; AhrefsBot/7.0; +http://ahrefs.com/robot/)"
51.222.253.13 - - [24/Oct/2021:10:52:57 -0700] "GET /self.logs/error.log.2018-10-21.gz HTTP/1.1" 200 5150 "-" "Mozilla/5.0 (compatible; AhrefsBot/7.0; +http://ahrefs.com/robot/)"
51.222.253.2 - - [24/Oct/2021:10:57:17 -0700] "GET /self.logs/2016/ HTTP/1.1" 200 7816 "-" "Mozilla/5.0 (compatible; AhrefsBot/7.0; +http://ahrefs.com/robot/)"
51.222.253.10 - - [24/Oct/2021:11:01:36 -0700] "GET /self.logs/access.log.2019-04-08.gz HTTP/1.1" 200 26299 "-" "Mozilla/5.0 (compatible; AhrefsBot/7.0; +http://ahrefs.com/robot/)"
148.251.132.252 - - [24/Oct/2021:11:09:24 -0700] "GET /GitHub-Mark.png HTTP/1.1" 200 7556 "-" "Mozilla/5.0 (X11; Ubuntu; Linux x86_64; rv:92.0) Gecko/20100101 Firefox/92.0"
148.251.132.252 - - [24/Oct/2021:11:09:24 -0700] "GET /twitter-icon.png HTTP/1.1" 200 27916 "-" "Mozilla/5.0 (X11; Ubuntu; Linux x86_64; rv:92.0) Gecko/20100101 Firefox/92.0"
216.244.66.245 - - [24/Oct/2021:11:14:27 -0700] "GET /robots.txt HTTP/1.1" 200 333 "-" "Mozilla/5.0 (compatible; DotBot/1.2; +https://opensiteexplorer.org/dotbot; help@moz.com)"
51.222.253.19 - - [24/Oct/2021:11:16:56 -0700] "GET /self.logs/error.log.2018-02-03.gz HTTP/1.1" 200 4723 "-" "Mozilla/5.0 (compatible; AhrefsBot/7.0; +http://ahrefs.com/robot/)"
66.249.88.110 - - [24/Oct/2021:11:20:12 -0700] "GET / HTTP/1.1" 301 475 "-" "Mozilla/5.0 (X11; Linux x86_64) AppleWebKit/537.36 (KHTML, like Gecko) Chrome/49.0.2623.75 Safari/537.36 Google Favicon"
66.249.88.140 - - [24/Oct/2021:11:20:12 -0700] "GET / HTTP/1.1" 200 13186 "-" "Mozilla/5.0 (X11; Linux x86_64) AppleWebKit/537.36 (KHTML, like Gecko) Chrome/49.0.2623.75 Safari/537.36 Google Favicon"
66.249.88.137 - - [24/Oct/2021:11:20:12 -0700] "GET /bootstrap/img/favicon.ico HTTP/1.1" 200 713 "-" "Mozilla/5.0 (X11; Linux x86_64) AppleWebKit/537.36 (KHTML, like Gecko) Chrome/49.0.2623.75 Safari/537.36 Google Favicon"
51.222.253.18 - - [24/Oct/2021:11:20:50 -0700] "GET /self.logs/access.log.2020-08-10.gz HTTP/1.1" 200 11805 "-" "Mozilla/5.0 (compatible; AhrefsBot/7.0; +http://ahrefs.com/robot/)"
216.244.66.245 - - [24/Oct/2021:11:21:59 -0700] "GET /self.logs/access.log.2020-08-30.gz HTTP/1.1" 200 14876 "-" "Mozilla/5.0 (compatible; DotBot/1.2; +https://opensiteexplorer.org/dotbot; help@moz.com)"
216.244.66.245 - - [24/Oct/2021:11:22:03 -0700] "GET /self.logs/access.log.2021-04-11.gz HTTP/1.1" 200 23963 "-" "Mozilla/5.0 (compatible; DotBot/1.2; +https://opensiteexplorer.org/dotbot; help@moz.com)"
216.244.66.245 - - [24/Oct/2021:11:22:17 -0700] "GET /self.logs/access.log.2020-12-13.gz HTTP/1.1" 200 34130 "-" "Mozilla/5.0 (compatible; DotBot/1.2; +https://opensiteexplorer.org/dotbot; help@moz.com)"
51.222.253.2 - - [24/Oct/2021:11:24:59 -0700] "GET /self.logs/error.log.2018-06-28.gz HTTP/1.1" 200 6139 "-" "Mozilla/5.0 (compatible; AhrefsBot/7.0; +http://ahrefs.com/robot/)"
207.46.13.15 - - [24/Oct/2021:11:27:11 -0700] "GET /self.logs/2016/ HTTP/1.1" 200 7860 "-" "Mozilla/5.0 (compatible; bingbot/2.0; +http://www.bing.com/bingbot.htm)"
51.222.253.3 - - [24/Oct/2021:11:28:52 -0700] "GET /self.logs/access.log.2020-07-02.gz HTTP/1.1" 200 10368 "-" "Mozilla/5.0 (compatible; AhrefsBot/7.0; +http://ahrefs.com/robot/)"
51.222.253.16 - - [24/Oct/2021:11:32:51 -0700] "GET /self.logs/error.log.2019-09-28.gz HTTP/1.1" 200 1688 "-" "Mozilla/5.0 (compatible; AhrefsBot/7.0; +http://ahrefs.com/robot/)"
200.68.159.99 - - [24/Oct/2021:11:34:56 -0700] "GET / HTTP/1.1" 200 13186 "-" "Mozilla/5.0 (Android 10; Mobile; rv:93.0) Gecko/93.0 Firefox/93.0"
200.68.159.99 - - [24/Oct/2021:11:34:56 -0700] "GET /css/style.css HTTP/1.1" 404 328 "http://www.secrepo.com/" "Mozilla/5.0 (Android 10; Mobile; rv:93.0) Gecko/93.0 Firefox/93.0"
200.68.159.99 - - [24/Oct/2021:11:34:56 -0700] "GET /twitter-icon.png HTTP/1.1" 200 27893 "http://www.secrepo.com/" "Mozilla/5.0 (Android 10; Mobile; rv:93.0) Gecko/93.0 Firefox/93.0"
200.68.159.99 - - [24/Oct/2021:11:34:56 -0700] "GET /GitHub-Mark.png HTTP/1.1" 200 7533 "http://www.secrepo.com/" "Mozilla/5.0 (Android 10; Mobile; rv:93.0) Gecko/93.0 Firefox/93.0"
200.68.159.99 - - [24/Oct/2021:11:34:56 -0700] "GET /bootstrap/img/favicon.ico HTTP/1.1" 200 713 "-" "Mozilla/5.0 (Android 10; Mobile; rv:93.0) Gecko/93.0 Firefox/93.0"
51.222.253.20 - - [24/Oct/2021:11:36:51 -0700] "GET /Datasets%20Description/HTML_Bro_log_2/?C=M;O=A HTTP/1.1" 200 788 "-" "Mozilla/5.0 (compatible; AhrefsBot/7.0; +http://ahrefs.com/robot/)"
84.224.102.191 - - [24/Oct/2021:11:39:02 -0700] "GET /honeypot/Honeypot%20-%20Howto.pdf HTTP/1.1" 200 1279485 "-" "ReactorNetty/1.0.5"
190.111.160.130 - - [24/Oct/2021:11:40:34 -0700] "GET / HTTP/1.1" 301 475 "-" "User-Agent\" \"Mozilla/5.0 (Windows NT 6.1;) Gecko/20100101 Firefox/13.0.1"
45.185.52.217 - - [24/Oct/2021:11:40:34 -0700] "GET / HTTP/1.1" 200 13186 "-" "User-Agent\" \"Mozilla/5.0 (Windows NT 6.1;) Gecko/20100101 Firefox/13.0.1"
51.222.253.3 - - [24/Oct/2021:11:41:00 -0700] "GET /self.logs/error.log.2019-03-05.gz HTTP/1.1" 200 3425 "-" "Mozilla/5.0 (compatible; AhrefsBot/7.0; +http://ahrefs.com/robot/)"
51.222.253.19 - - [24/Oct/2021:11:44:50 -0700] "GET /self.logs/error.log.2018-10-06.gz HTTP/1.1" 200 4295 "-" "Mozilla/5.0 (compatible; AhrefsBot/7.0; +http://ahrefs.com/robot/)"
176.9.99.236 - - [24/Oct/2021:11:45:18 -0700] "GET / HTTP/1.1" 200 49133 "-" "Mozilla/5.0 (Windows NT 6.1; rv:2.0.1) Gecko/20100101 Firefox/4.0.1"
176.9.99.236 - - [24/Oct/2021:11:45:20 -0700] "GET /robots.txt HTTP/1.1" 200 340 "-" "Mozilla/5.0 (Windows NT 6.1; rv:2.0.1) Gecko/20100101 Firefox/4.0.1"
58.250.125.67 - - [24/Oct/2021:11:46:55 -0700] "GET / HTTP/1.1" 200 13149 "-" "Sogou web spider/4.0(+http://www.sogou.com/docs/help/webmasters.htm#07)"
51.222.253.14 - - [24/Oct/2021:11:48:48 -0700] "GET /self.logs/error.log.2017-11-03.gz HTTP/1.1" 200 1982 "-" "Mozilla/5.0 (compatible; AhrefsBot/7.0; +http://ahrefs.com/robot/)"
223.85.148.205 - - [24/Oct/2021:11:50:28 -0700] "GET / HTTP/1.1" 301 438 "-" "Go-http-client/1.1"
223.85.148.205 - - [24/Oct/2021:11:50:30 -0700] "GET / HTTP/1.1" 200 13149 "http://secrepo.com" "Go-http-client/1.1"
51.222.253.9 - - [24/Oct/2021:11:52:36 -0700] "GET /Datasets%20Description/Network/?C=D;O=D HTTP/1.1" 200 721 "-" "Mozilla/5.0 (compatible; AhrefsBot/7.0; +http://ahrefs.com/robot/)"
51.222.253.18 - - [24/Oct/2021:11:56:13 -0700] "GET /self.logs/error.log.2017-08-29.gz HTTP/1.1" 200 930 "-" "Mozilla/5.0 (compatible; AhrefsBot/7.0; +http://ahrefs.com/robot/)"
216.244.66.245 - - [24/Oct/2021:11:59:31 -0700] "GET /robots.txt HTTP/1.1" 200 333 "-" "Mozilla/5.0 (compatible; DotBot/1.2; +https://opensiteexplorer.org/dotbot; help@moz.com)"
51.222.253.10 - - [24/Oct/2021:12:03:47 -0700] "GET /self.logs/access.log.2021-05-02.gz HTTP/1.1" 200 19420 "-" "Mozilla/5.0 (compatible; AhrefsBot/7.0; +http://ahrefs.com/robot/)"
5.102.173.71 - - [24/Oct/2021:12:04:51 -0700] "GET /robots.txt HTTP/1.1" 200 333 "-" "Mozilla/5.0 (compatible; MojeekBot/0.10; +https://www.mojeek.com/bot.html)"
5.102.173.71 - - [24/Oct/2021:12:04:51 -0700] "GET /honeypot/Honeypot HTTP/1.1" 404 250 "-" "Mozilla/5.0 (compatible; MojeekBot/0.10; +https://www.mojeek.com/bot.html)"
216.244.66.245 - - [24/Oct/2021:12:07:09 -0700] "GET /self.logs/access.log.2020-07-30.gz HTTP/1.1" 200 13095 "-" "Mozilla/5.0 (compatible; DotBot/1.2; +https://opensiteexplorer.org/dotbot; help@moz.com)"
216.244.66.245 - - [24/Oct/2021:12:07:14 -0700] "GET /self.logs/access.log.2020-12-28.gz HTTP/1.1" 200 34246 "-" "Mozilla/5.0 (compatible; DotBot/1.2; +https://opensiteexplorer.org/dotbot; help@moz.com)"
216.244.66.245 - - [24/Oct/2021:12:07:18 -0700] "GET /self.logs/access.log.2021-04-27.gz HTTP/1.1" 200 19558 "-" "Mozilla/5.0 (compatible; DotBot/1.2; +https://opensiteexplorer.org/dotbot; help@moz.com)"
51.222.253.5 - - [24/Oct/2021:12:07:33 -0700] "GET /self.logs/access.log.2019-02-12.gz HTTP/1.1" 200 21127 "-" "Mozilla/5.0 (compatible; AhrefsBot/7.0; +http://ahrefs.com/robot/)"
51.222.253.15 - - [24/Oct/2021:12:11:09 -0700] "GET /self.logs/error.log.2019-02-26.gz HTTP/1.1" 200 4657 "-" "Mozilla/5.0 (compatible; AhrefsBot/7.0; +http://ahrefs.com/robot/)"
51.222.253.15 - - [24/Oct/2021:12:14:54 -0700] "GET /self.logs/access.log.2019-08-12.gz HTTP/1.1" 200 27437 "-" "Mozilla/5.0 (compatible; AhrefsBot/7.0; +http://ahrefs.com/robot/)"
51.222.253.17 - - [24/Oct/2021:12:18:40 -0700] "GET /self.logs/error.log.2018-06-14.gz HTTP/1.1" 200 7067 "-" "Mozilla/5.0 (compatible; AhrefsBot/7.0; +http://ahrefs.com/robot/)"
40.77.167.66 - - [24/Oct/2021:12:18:53 -0700] "GET /self.logs/?C=D;O=A HTTP/1.1" 200 32414 "-" "Mozilla/5.0 (compatible; bingbot/2.0; +http://www.bing.com/bingbot.htm)"
223.85.148.205 - - [24/Oct/2021:12:20:56 -0700] "GET / HTTP/1.1" 301 438 "-" "Go-http-client/1.1"
223.85.148.205 - - [24/Oct/2021:12:20:58 -0700] "GET / HTTP/1.1" 200 13149 "http://secrepo.com" "Go-http-client/1.1"
51.222.253.18 - - [24/Oct/2021:12:22:27 -0700] "GET /self.logs/error.log.2018-10-03.gz HTTP/1.1" 200 6533 "-" "Mozilla/5.0 (compatible; AhrefsBot/7.0; +http://ahrefs.com/robot/)"
51.222.253.17 - - [24/Oct/2021:12:26:08 -0700] "GET /self.logs/error.log.2018-02-14.gz HTTP/1.1" 200 4067 "-" "Mozilla/5.0 (compatible; AhrefsBot/7.0; +http://ahrefs.com/robot/)"
223.85.148.205 - - [24/Oct/2021:12:28:57 -0700] "GET / HTTP/1.1" 301 438 "-" "Go-http-client/1.1"
223.85.148.205 - - [24/Oct/2021:12:29:04 -0700] "GET / HTTP/1.1" 200 13149 "http://secrepo.com" "Go-http-client/1.1"
51.222.253.15 - - [24/Oct/2021:12:29:52 -0700] "GET /self.logs/error.log.2018-11-21.gz HTTP/1.1" 200 4582 "-" "Mozilla/5.0 (compatible; AhrefsBot/7.0; +http://ahrefs.com/robot/)"
51.222.253.1 - - [24/Oct/2021:12:33:45 -0700] "GET /self.logs/access.log.2019-08-04.gz HTTP/1.1" 200 20606 "-" "Mozilla/5.0 (compatible; AhrefsBot/7.0; +http://ahrefs.com/robot/)"
51.222.253.14 - - [24/Oct/2021:12:37:34 -0700] "GET /self.logs/access.log.2017-10-19.gz HTTP/1.1" 200 52930 "-" "Mozilla/5.0 (compatible; AhrefsBot/7.0; +http://ahrefs.com/robot/)"
51.222.253.14 - - [24/Oct/2021:12:41:24 -0700] "GET /self.logs/error.log.2017-05-12.gz HTTP/1.1" 200 917 "-" "Mozilla/5.0 (compatible; AhrefsBot/7.0; +http://ahrefs.com/robot/)"
189.141.153.36 - - [24/Oct/2021:12:43:25 -0700] "GET /pe_static/apt1.zip HTTP/1.1" 200 1599796 "http://www.secrepo.com/" "Mozilla/5.0 (Android 10; Mobile; rv:93.0) Gecko/93.0 Firefox/93.0"
189.141.153.36 - - [24/Oct/2021:12:43:36 -0700] "GET /Datasets%20Description/PE_malware/VirusShare.html HTTP/1.1" 200 1651 "http://www.secrepo.com/" "Mozilla/5.0 (Android 10; Mobile; rv:93.0) Gecko/93.0 Firefox/93.0"
189.141.153.36 - - [24/Oct/2021:12:43:59 -0700] "GET /pe_static/op-cleaver.zip HTTP/1.1" 200 710176 "http://www.secrepo.com/" "Mozilla/5.0 (Android 10; Mobile; rv:93.0) Gecko/93.0 Firefox/93.0"
216.244.66.245 - - [24/Oct/2021:12:44:13 -0700] "GET /robots.txt HTTP/1.1" 200 333 "-" "Mozilla/5.0 (compatible; DotBot/1.2; +https://opensiteexplorer.org/dotbot; help@moz.com)"
51.222.253.17 - - [24/Oct/2021:12:45:19 -0700] "GET /self.logs/error.log.2017-07-23.gz HTTP/1.1" 200 792 "-" "Mozilla/5.0 (compatible; AhrefsBot/7.0; +http://ahrefs.com/robot/)"
51.222.253.18 - - [24/Oct/2021:12:48:54 -0700] "GET /self.logs/access.log.2019-12-26.gz HTTP/1.1" 200 13884 "-" "Mozilla/5.0 (compatible; AhrefsBot/7.0; +http://ahrefs.com/robot/)"
216.244.66.245 - - [24/Oct/2021:12:51:45 -0700] "GET /self.logs/access.log.2021-02-22.gz HTTP/1.1" 200 21324 "-" "Mozilla/5.0 (compatible; DotBot/1.2; +https://opensiteexplorer.org/dotbot; help@moz.com)"
216.244.66.245 - - [24/Oct/2021:12:51:50 -0700] "GET /self.logs/access.log.2021-03-03.gz HTTP/1.1" 200 18516 "-" "Mozilla/5.0 (compatible; DotBot/1.2; +https://opensiteexplorer.org/dotbot; help@moz.com)"
216.244.66.245 - - [24/Oct/2021:12:52:01 -0700] "GET /self.logs/access.log.2020-08-20.gz HTTP/1.1" 200 38856 "-" "Mozilla/5.0 (compatible; DotBot/1.2; +https://opensiteexplorer.org/dotbot; help@moz.com)"
51.222.253.14 - - [24/Oct/2021:12:52:35 -0700] "GET /self.logs/access.log.2019-04-30.gz HTTP/1.1" 200 24867 "-" "Mozilla/5.0 (compatible; AhrefsBot/7.0; +http://ahrefs.com/robot/)"
51.222.253.5 - - [24/Oct/2021:12:56:21 -0700] "GET /self.logs/error.log.2017-02-28.gz HTTP/1.1" 200 872 "-" "Mozilla/5.0 (compatible; AhrefsBot/7.0; +http://ahrefs.com/robot/)"
51.222.253.12 - - [24/Oct/2021:12:59:54 -0700] "GET /self.logs/error.log.2019-10-29.gz HTTP/1.1" 200 1841 "-" "Mozilla/5.0 (compatible; AhrefsBot/7.0; +http://ahrefs.com/robot/)"
8.142.17.90 - - [24/Oct/2021:13:00:16 -0700] "GET /robots.txt HTTP/1.1" 200 377 "-" "Mozilla/5.0 (Windows NT 10.0; WOW64; rv:48.0) Gecko/20100101 Firefox/48.0"
173.231.60.198 - - [24/Oct/2021:13:03:09 -0700] "GET /robots.txt HTTP/1.1" 200 340 "-" "Mozilla/5.0 (compatible; Adsbot/3.1; +https://seostar.co/robot/)"
173.231.60.198 - - [24/Oct/2021:13:03:14 -0700] "GET /Datasets%20Description/?C=D;O=A HTTP/1.1" 200 640 "http://www.secrepo.com/" "Mozilla/5.0 (compatible; Adsbot/3.1; +https://seostar.co/robot/)"
173.231.60.198 - - [24/Oct/2021:13:03:19 -0700] "GET /Datasets%20Description/?C=M;O=A HTTP/1.1" 200 640 "http://www.secrepo.com/" "Mozilla/5.0 (compatible; Adsbot/3.1; +https://seostar.co/robot/)"
173.231.60.198 - - [24/Oct/2021:13:03:24 -0700] "GET /Datasets%20Description/?C=N;O=D HTTP/1.1" 200 636 "http://www.secrepo.com/" "Mozilla/5.0 (compatible; Adsbot/3.1; +https://seostar.co/robot/)"
173.231.60.198 - - [24/Oct/2021:13:03:30 -0700] "GET /Datasets%20Description/?C=S;O=A HTTP/1.1" 200 640 "http://www.secrepo.com/" "Mozilla/5.0 (compatible; Adsbot/3.1; +https://seostar.co/robot/)"
173.231.60.198 - - [24/Oct/2021:13:03:35 -0700] "GET /Datasets%20Description/Network/ HTTP/1.1" 200 732 "http://www.secrepo.com/" "Mozilla/5.0 (compatible; Adsbot/3.1; +https://seostar.co/robot/)"
51.222.253.16 - - [24/Oct/2021:13:03:35 -0700] "GET /self.logs/error.log.2017-02-14.gz HTTP/1.1" 200 1679 "-" "Mozilla/5.0 (compatible; AhrefsBot/7.0; +http://ahrefs.com/robot/)"
173.231.60.198 - - [24/Oct/2021:13:03:40 -0700] "GET /Datasets%20Description/PE_malware/ HTTP/1.1" 200 649 "http://www.secrepo.com/" "Mozilla/5.0 (compatible; Adsbot/3.1; +https://seostar.co/robot/)"
173.231.60.198 - - [24/Oct/2021:13:03:46 -0700] "GET /Datasets%20Description/HTML_Bro_log_1/?C=D;O=D HTTP/1.1" 200 796 "http://www.secrepo.com/" "Mozilla/5.0 (compatible; Adsbot/3.1; +https://seostar.co/robot/)"
173.231.60.198 - - [24/Oct/2021:13:03:51 -0700] "GET /Datasets%20Description/HTML_Bro_log_1/?C=M;O=D HTTP/1.1" 200 796 "http://www.secrepo.com/" "Mozilla/5.0 (compatible; Adsbot/3.1; +https://seostar.co/robot/)"
173.231.60.198 - - [24/Oct/2021:13:03:56 -0700] "GET /Datasets%20Description/HTML_Bro_log_1/?C=N;O=A HTTP/1.1" 200 797 "http://www.secrepo.com/" "Mozilla/5.0 (compatible; Adsbot/3.1; +https://seostar.co/robot/)"
173.231.60.198 - - [24/Oct/2021:13:04:02 -0700] "GET /Datasets%20Description/HTML_Bro_log_1/?C=S;O=D HTTP/1.1" 200 792 "http://www.secrepo.com/" "Mozilla/5.0 (compatible; Adsbot/3.1; +https://seostar.co/robot/)"
173.231.60.198 - - [24/Oct/2021:13:04:07 -0700] "GET /Datasets%20Description/HTML_Bro_log_2/?C=D;O=D HTTP/1.1" 200 795 "http://www.secrepo.com/" "Mozilla/5.0 (compatible; Adsbot/3.1; +https://seostar.co/robot/)"
173.231.60.198 - - [24/Oct/2021:13:04:13 -0700] "GET /Datasets%20Description/HTML_Bro_log_2/?C=M;O=D HTTP/1.1" 200 795 "http://www.secrepo.com/" "Mozilla/5.0 (compatible; Adsbot/3.1; +https://seostar.co/robot/)"
173.231.60.198 - - [24/Oct/2021:13:04:18 -0700] "GET /Datasets%20Description/HTML_Bro_log_2/?C=N;O=A HTTP/1.1" 200 795 "http://www.secrepo.com/" "Mozilla/5.0 (compatible; Adsbot/3.1; +https://seostar.co/robot/)"
173.231.60.198 - - [24/Oct/2021:13:04:23 -0700] "GET /Datasets%20Description/HTML_Bro_log_2/?C=S;O=D HTTP/1.1" 200 790 "http://www.secrepo.com/" "Mozilla/5.0 (compatible; Adsbot/3.1; +https://seostar.co/robot/)"
173.231.60.198 - - [24/Oct/2021:13:04:29 -0700] "GET /Datasets%20Description/HTML_Bro_log_3/?C=D;O=D HTTP/1.1" 200 785 "http://www.secrepo.com/" "Mozilla/5.0 (compatible; Adsbot/3.1; +https://seostar.co/robot/)"
173.231.60.198 - - [24/Oct/2021:13:04:34 -0700] "GET /Datasets%20Description/HTML_Bro_log_3/?C=M;O=D HTTP/1.1" 200 785 "http://www.secrepo.com/" "Mozilla/5.0 (compatible; Adsbot/3.1; +https://seostar.co/robot/)"
173.231.60.198 - - [24/Oct/2021:13:04:39 -0700] "GET /Datasets%20Description/HTML_Bro_log_3/?C=N;O=A HTTP/1.1" 200 786 "http://www.secrepo.com/" "Mozilla/5.0 (compatible; Adsbot/3.1; +https://seostar.co/robot/)"
173.231.60.198 - - [24/Oct/2021:13:04:44 -0700] "GET /Datasets%20Description/HTML_Bro_log_3/?C=S;O=D HTTP/1.1" 200 782 "http://www.secrepo.com/" "Mozilla/5.0 (compatible; Adsbot/3.1; +https://seostar.co/robot/)"
173.231.60.198 - - [24/Oct/2021:13:05:55 -0700] "GET /Datasets%20Description/?C=D;O=D HTTP/1.1" 200 636 "http://www.secrepo.com/" "Mozilla/5.0 (compatible; Adsbot/3.1; +https://seostar.co/robot/)"
173.231.60.198 - - [24/Oct/2021:13:06:00 -0700] "GET /Datasets%20Description/?C=M;O=D HTTP/1.1" 200 636 "http://www.secrepo.com/" "Mozilla/5.0 (compatible; Adsbot/3.1; +https://seostar.co/robot/)"
173.231.60.198 - - [24/Oct/2021:13:06:05 -0700] "GET /Datasets%20Description/?C=N;O=A HTTP/1.1" 200 640 "http://www.secrepo.com/" "Mozilla/5.0 (compatible; Adsbot/3.1; +https://seostar.co/robot/)"
173.231.60.198 - - [24/Oct/2021:13:06:10 -0700] "GET /Datasets%20Description/?C=S;O=D HTTP/1.1" 200 636 "http://www.secrepo.com/" "Mozilla/5.0 (compatible; Adsbot/3.1; +https://seostar.co/robot/)"
173.231.60.198 - - [24/Oct/2021:13:06:16 -0700] "GET /Datasets%20Description/Network/?C=D;O=A HTTP/1.1" 200 732 "http://www.secrepo.com/" "Mozilla/5.0 (compatible; Adsbot/3.1; +https://seostar.co/robot/)"
173.231.60.198 - - [24/Oct/2021:13:06:21 -0700] "GET /Datasets%20Description/Network/?C=M;O=A HTTP/1.1" 200 732 "http://www.secrepo.com/" "Mozilla/5.0 (compatible; Adsbot/3.1; +https://seostar.co/robot/)"
173.231.60.198 - - [24/Oct/2021:13:06:27 -0700] "GET /Datasets%20Description/Network/?C=N;O=D HTTP/1.1" 200 728 "http://www.secrepo.com/" "Mozilla/5.0 (compatible; Adsbot/3.1; +https://seostar.co/robot/)"
173.231.60.198 - - [24/Oct/2021:13:06:32 -0700] "GET /Datasets%20Description/Network/?C=S;O=A HTTP/1.1" 200 729 "http://www.secrepo.com/" "Mozilla/5.0 (compatible; Adsbot/3.1; +https://seostar.co/robot/)"
173.231.60.198 - - [24/Oct/2021:13:06:37 -0700] "GET /Datasets%20Description/PE_malware/?C=D;O=A HTTP/1.1" 200 649 "http://www.secrepo.com/" "Mozilla/5.0 (compatible; Adsbot/3.1; +https://seostar.co/robot/)"
173.231.60.198 - - [24/Oct/2021:13:06:42 -0700] "GET /Datasets%20Description/PE_malware/?C=M;O=A HTTP/1.1" 200 649 "http://www.secrepo.com/" "Mozilla/5.0 (compatible; Adsbot/3.1; +https://seostar.co/robot/)"
173.231.60.198 - - [24/Oct/2021:13:06:47 -0700] "GET /self.logs/error.log.2021-01-19 HTTP/1.1" 200 314 "http://www.secrepo.com/" "Mozilla/5.0 (compatible; Adsbot/3.1; +https://seostar.co/robot/)"
173.231.60.198 - - [24/Oct/2021:13:06:53 -0700] "GET /self.logs/error.log.2021-07-03 HTTP/1.1" 200 5302 "http://www.secrepo.com/" "Mozilla/5.0 (compatible; Adsbot/3.1; +https://seostar.co/robot/)"
173.231.60.198 - - [24/Oct/2021:13:06:58 -0700] "GET /self.logs/error.log.2021-07-12 HTTP/1.1" 200 1068 "http://www.secrepo.com/" "Mozilla/5.0 (compatible; Adsbot/3.1; +https://seostar.co/robot/)"
173.231.60.198 - - [24/Oct/2021:13:07:04 -0700] "GET /self.logs/error.log.2021-07-17 HTTP/1.1" 200 314 "http://www.secrepo.com/" "Mozilla/5.0 (compatible; Adsbot/3.1; +https://seostar.co/robot/)"
173.231.60.198 - - [24/Oct/2021:13:07:09 -0700] "GET /self.logs/error.log.2021-07-18 HTTP/1.1" 200 1061 "http://www.secrepo.com/" "Mozilla/5.0 (compatible; Adsbot/3.1; +https://seostar.co/robot/)"
173.231.60.198 - - [24/Oct/2021:13:07:14 -0700] "GET /self.logs/error.log.2021-07-21 HTTP/1.1" 200 1070 "http://www.secrepo.com/" "Mozilla/5.0 (compatible; Adsbot/3.1; +https://seostar.co/robot/)"
173.231.60.198 - - [24/Oct/2021:13:07:20 -0700] "GET /self.logs/error.log.2021-07-22 HTTP/1.1" 200 314 "http://www.secrepo.com/" "Mozilla/5.0 (compatible; Adsbot/3.1; +https://seostar.co/robot/)"
51.222.253.10 - - [24/Oct/2021:13:07:21 -0700] "GET /Datasets%20Description/PE_malware/ HTTP/1.1" 200 642 "-" "Mozilla/5.0 (compatible; AhrefsBot/7.0; +http://ahrefs.com/robot/)"
173.231.60.198 - - [24/Oct/2021:13:07:25 -0700] "GET /self.logs/error.log.2021-07-27 HTTP/1.1" 200 1068 "http://www.secrepo.com/" "Mozilla/5.0 (compatible; Adsbot/3.1; +https://seostar.co/robot/)"
173.231.60.198 - - [24/Oct/2021:13:07:30 -0700] "GET /self.logs/error.log.2021-08-13 HTTP/1.1" 200 314 "http://www.secrepo.com/" "Mozilla/5.0 (compatible; Adsbot/3.1; +https://seostar.co/robot/)"
173.231.60.198 - - [24/Oct/2021:13:07:36 -0700] "GET /self.logs/error.log.2021-08-14 HTTP/1.1" 200 314 "http://www.secrepo.com/" "Mozilla/5.0 (compatible; Adsbot/3.1; +https://seostar.co/robot/)"
173.231.60.198 - - [24/Oct/2021:13:07:41 -0700] "GET /self.logs/error.log.2021-08-20 HTTP/1.1" 200 314 "http://www.secrepo.com/" "Mozilla/5.0 (compatible; Adsbot/3.1; +https://seostar.co/robot/)"
173.231.60.198 - - [24/Oct/2021:13:07:46 -0700] "GET /self.logs/error.log.2021-08-26 HTTP/1.1" 200 314 "http://www.secrepo.com/" "Mozilla/5.0 (compatible; Adsbot/3.1; +https://seostar.co/robot/)"
173.231.60.198 - - [24/Oct/2021:13:07:51 -0700] "GET /self.logs/error.log.2021-09-02 HTTP/1.1" 200 314 "http://www.secrepo.com/" "Mozilla/5.0 (compatible; Adsbot/3.1; +https://seostar.co/robot/)"
173.231.60.198 - - [24/Oct/2021:13:07:57 -0700] "GET /self.logs/error.log.2021-09-08 HTTP/1.1" 200 314 "http://www.secrepo.com/" "Mozilla/5.0 (compatible; Adsbot/3.1; +https://seostar.co/robot/)"
173.231.60.198 - - [24/Oct/2021:13:09:13 -0700] "GET /robots.txt HTTP/1.1" 301 458 "-" "Mozilla/5.0 (compatible; Adsbot/3.1; +https://seostar.co/robot/)"
173.231.60.198 - - [24/Oct/2021:13:09:18 -0700] "GET / HTTP/1.1" 301 438 "-" "Mozilla/5.0 (compatible; Adsbot/3.1; +https://seostar.co/robot/)"
51.222.253.10 - - [24/Oct/2021:13:11:03 -0700] "GET /self.logs/access.log.2020-04-16.gz HTTP/1.1" 200 11614 "-" "Mozilla/5.0 (compatible; AhrefsBot/7.0; +http://ahrefs.com/robot/)"
51.222.253.9 - - [24/Oct/2021:13:14:54 -0700] "GET /self.logs/error.log.2018-07-19.gz HTTP/1.1" 200 5874 "-" "Mozilla/5.0 (compatible; AhrefsBot/7.0; +http://ahrefs.com/robot/)"
40.88.21.235 - - [24/Oct/2021:13:17:17 -0700] "GET / HTTP/1.1" 200 13186 "http://www.secrepo.com/" "Mozilla/5.0 (compatible; DuckDuckGo-Favicons-Bot/1.0; +http://duckduckgo.com)"
40.88.21.235 - - [24/Oct/2021:13:17:17 -0700] "GET /bootstrap/img/favicon.ico HTTP/1.1" 200 690 "http://www.secrepo.com/bootstrap/img/favicon.ico" "Mozilla/5.0 (compatible; DuckDuckGo-Favicons-Bot/1.0; +http://duckduckgo.com)"
51.222.253.3 - - [24/Oct/2021:13:18:53 -0700] "GET /self.logs/access.log.2019-11-02.gz HTTP/1.1" 200 17268 "-" "Mozilla/5.0 (compatible; AhrefsBot/7.0; +http://ahrefs.com/robot/)"
51.222.253.20 - - [24/Oct/2021:13:22:51 -0700] "GET /self.logs/access.log.2018-02-04.gz HTTP/1.1" 200 21609 "-" "Mozilla/5.0 (compatible; AhrefsBot/7.0; +http://ahrefs.com/robot/)"
51.222.253.10 - - [24/Oct/2021:13:26:40 -0700] "GET /self.logs/access.log.2018-01-20.gz HTTP/1.1" 200 18843 "-" "Mozilla/5.0 (compatible; AhrefsBot/7.0; +http://ahrefs.com/robot/)"
216.244.66.245 - - [24/Oct/2021:13:28:25 -0700] "GET /robots.txt HTTP/1.1" 200 333 "-" "Mozilla/5.0 (compatible; DotBot/1.2; +https://opensiteexplorer.org/dotbot; help@moz.com)"
51.222.253.17 - - [24/Oct/2021:13:30:33 -0700] "GET /self.logs/access.log.2018-12-22.gz HTTP/1.1" 200 15731 "-" "Mozilla/5.0 (compatible; AhrefsBot/7.0; +http://ahrefs.com/robot/)"
51.222.253.5 - - [24/Oct/2021:13:34:22 -0700] "GET /self.logs/access.log.2020-04-05.gz HTTP/1.1" 200 12461 "-" "Mozilla/5.0 (compatible; AhrefsBot/7.0; +http://ahrefs.com/robot/)"
216.244.66.245 - - [24/Oct/2021:13:35:52 -0700] "GET /self.logs/access.log.2021-05-12.gz HTTP/1.1" 200 21350 "-" "Mozilla/5.0 (compatible; DotBot/1.2; +https://opensiteexplorer.org/dotbot; help@moz.com)"
51.222.253.11 - - [24/Oct/2021:13:38:23 -0700] "GET /self.logs/error.log.2017-08-21.gz HTTP/1.1" 200 1077 "-" "Mozilla/5.0 (compatible; AhrefsBot/7.0; +http://ahrefs.com/robot/)"
51.222.253.15 - - [24/Oct/2021:13:42:09 -0700] "GET / HTTP/1.1" 200 13142 "-" "Mozilla/5.0 (compatible; AhrefsBot/7.0; +http://ahrefs.com/robot/)"
212.7.202.66 - - [24/Oct/2021:13:49:19 -0700] "GET / HTTP/1.1" 200 13142 "-" "Mozilla/5.0 (Windows NT 10.0; Win64; x64) AppleWebKit/537.36 (KHTML, like Gecko) Chrome/60.0.3112.113 Safari/537.36"
128.199.13.166 - - [24/Oct/2021:13:50:12 -0700] "GET / HTTP/1.0" 301 438 "-" "Mozilla/5.0 (iPad; U; CPU OS 3_2 like Mac OS X; en-us) AppleWebKit/531.21.10 (KHTML, like Gecko) Version/4.0.4 Mobile/7B334b Safari/531.21.102011-10-16 20:23:10"
128.199.13.166 - - [24/Oct/2021:13:50:13 -0700] "GET / HTTP/1.0" 200 49096 "-" "Mozilla/5.0 (iPad; U; CPU OS 3_2 like Mac OS X; en-us) AppleWebKit/531.21.10 (KHTML, like Gecko) Version/4.0.4 Mobile/7B334b Safari/531.21.102011-10-16 20:23:10"
99.179.24.18 - - [24/Oct/2021:13:54:48 -0700] "GET / HTTP/1.1" 200 13186 "-" "Mozilla/5.0 (Macintosh; Intel Mac OS X 10_15_6) AppleWebKit/605.1.15 (KHTML, like Gecko) Version/13.1.2 Safari/605.1.15"
99.179.24.18 - - [24/Oct/2021:13:54:48 -0700] "GET /twitter-icon.png HTTP/1.1" 200 27893 "http://www.secrepo.com/" "Mozilla/5.0 (Macintosh; Intel Mac OS X 10_15_6) AppleWebKit/605.1.15 (KHTML, like Gecko) Version/13.1.2 Safari/605.1.15"
99.179.24.18 - - [24/Oct/2021:13:54:48 -0700] "GET /css/style.css HTTP/1.1" 404 328 "http://www.secrepo.com/" "Mozilla/5.0 (Macintosh; Intel Mac OS X 10_15_6) AppleWebKit/605.1.15 (KHTML, like Gecko) Version/13.1.2 Safari/605.1.15"
99.179.24.18 - - [24/Oct/2021:13:54:48 -0700] "GET /GitHub-Mark.png HTTP/1.1" 200 7556 "http://www.secrepo.com/" "Mozilla/5.0 (Macintosh; Intel Mac OS X 10_15_6) AppleWebKit/605.1.15 (KHTML, like Gecko) Version/13.1.2 Safari/605.1.15"
99.179.24.18 - - [24/Oct/2021:13:54:49 -0700] "GET /bootstrap/img/favicon.ico HTTP/1.1" 200 713 "http://www.secrepo.com/" "Mozilla/5.0 (Macintosh; Intel Mac OS X 10_15_6) AppleWebKit/605.1.15 (KHTML, like Gecko) Version/13.1.2 Safari/605.1.15"
66.249.66.209 - - [24/Oct/2021:13:55:43 -0700] "GET /self.logs/ HTTP/1.1" 200 32414 "-" "Mozilla/5.0 (compatible; Googlebot/2.1; +http://www.google.com/bot.html)"
14.18.38.29 - - [24/Oct/2021:14:02:06 -0700] "GET /e/data/js/ajax.js HTTP/1.1" 404 328 "-" "Mozilla/5.0 (Windows NT 10.0; WOW64; rv:48.0) Gecko/20100101 Firefox/48.0"
222.186.136.114 - - [24/Oct/2021:14:03:09 -0700] "POST //?s=captcha HTTP/1.1" 200 13186 "-" "python-requests/2.26.0"
222.186.136.114 - - [24/Oct/2021:14:03:10 -0700] "POST //?s=captcha HTTP/1.1" 418 747 "-" "python-requests/2.26.0"
207.46.13.181 - - [24/Oct/2021:14:12:02 -0700] "GET /self.logs/access.log.2017-10-13.gz HTTP/1.1" 200 169702 "-" "Mozilla/5.0 (compatible; bingbot/2.0; +http://www.bing.com/bingbot.htm)"
216.244.66.245 - - [24/Oct/2021:14:12:22 -0700] "GET /robots.txt HTTP/1.1" 200 333 "-" "Mozilla/5.0 (compatible; DotBot/1.2; +https://opensiteexplorer.org/dotbot; help@moz.com)"
54.36.148.83 - - [24/Oct/2021:14:12:30 -0700] "GET /robots.txt HTTP/1.1" 200 333 "-" "Mozilla/5.0 (compatible; AhrefsBot/7.0; +http://ahrefs.com/robot/)"
51.222.253.17 - - [24/Oct/2021:14:12:31 -0700] "GET /self.logs/2016/?C=D;O=A HTTP/1.1" 200 7816 "-" "Mozilla/5.0 (compatible; AhrefsBot/7.0; +http://ahrefs.com/robot/)"
99.25.36.11 - - [24/Oct/2021:14:16:29 -0700] "GET / HTTP/1.1" 200 13186 "-" "Mozilla/5.0 (Macintosh; Intel Mac OS X 10_15_3) AppleWebKit/537.36 (KHTML, like Gecko) Chrome/94.0.4606.61 Safari/537.36"
99.25.36.11 - - [24/Oct/2021:14:16:29 -0700] "GET /css/style.css HTTP/1.1" 404 305 "http://www.secrepo.com/" "Mozilla/5.0 (Macintosh; Intel Mac OS X 10_15_3) AppleWebKit/537.36 (KHTML, like Gecko) Chrome/94.0.4606.61 Safari/537.36"
216.244.66.245 - - [24/Oct/2021:14:19:44 -0700] "GET /self.logs/access.log.2021-05-01.gz HTTP/1.1" 200 14336 "-" "Mozilla/5.0 (compatible; DotBot/1.2; +https://opensiteexplorer.org/dotbot; help@moz.com)"
216.244.66.245 - - [24/Oct/2021:14:20:01 -0700] "GET /self.logs/access.log.2021-04-15.gz HTTP/1.1" 200 40108 "-" "Mozilla/5.0 (compatible; DotBot/1.2; +https://opensiteexplorer.org/dotbot; help@moz.com)"
40.114.125.38 - - [24/Oct/2021:14:20:20 -0700] "GET /auth.log/auth.log.gz HTTP/1.1" 200 615635 "-" "curl/7.79.1"
216.244.66.245 - - [24/Oct/2021:14:20:23 -0700] "GET /self.logs/access.log.2020-07-09.gz HTTP/1.1" 200 47658 "-" "Mozilla/5.0 (compatible; DotBot/1.2; +https://opensiteexplorer.org/dotbot; help@moz.com)"
216.244.66.245 - - [24/Oct/2021:14:20:27 -0700] "GET /self.logs/access.log.2020-08-07.gz HTTP/1.1" 200 24714 "-" "Mozilla/5.0 (compatible; DotBot/1.2; +https://opensiteexplorer.org/dotbot; help@moz.com)"
5.102.173.71 - - [24/Oct/2021:14:27:16 -0700] "GET /robots.txt HTTP/1.1" 200 333 "-" "Mozilla/5.0 (compatible; MojeekBot/0.10; +https://www.mojeek.com/bot.html)"
5.102.173.71 - - [24/Oct/2021:14:27:16 -0700] "GET / HTTP/1.1" 200 13108 "-" "Mozilla/5.0 (compatible; MojeekBot/0.10; +https://www.mojeek.com/bot.html)"
51.222.253.4 - - [24/Oct/2021:14:41:50 -0700] "GET /Datasets%20Description/HTML_Bro_log_2/?C=D;O=A HTTP/1.1" 200 788 "-" "Mozilla/5.0 (compatible; AhrefsBot/7.0; +http://ahrefs.com/robot/)"
40.114.125.38 - - [24/Oct/2021:14:44:03 -0700] "GET /auth.log/auth.log.gz HTTP/1.1" 200 615635 "-" "curl/7.79.1"
207.46.13.9 - - [24/Oct/2021:14:45:43 -0700] "GET /robots.txt HTTP/1.1" 301 495 "-" "Mozilla/5.0 (compatible; bingbot/2.0; +http://www.bing.com/bingbot.htm)"
207.46.13.9 - - [24/Oct/2021:14:45:43 -0700] "GET /robots.txt HTTP/1.1" 200 377 "-" "Mozilla/5.0 (compatible; bingbot/2.0; +http://www.bing.com/bingbot.htm)"
207.46.13.26 - - [24/Oct/2021:14:45:52 -0700] "GET / HTTP/1.1" 301 475 "-" "Mozilla/5.0 (compatible; bingbot/2.0; +http://www.bing.com/bingbot.htm)"
151.66.164.216 - - [24/Oct/2021:14:48:27 -0700] "GET / HTTP/1.0" 301 438 "-" "feedfinder/1.371 Python-urllib/1.17 +http://www.aaronsw.com/2002/feedfinder/"
151.66.164.216 - - [24/Oct/2021:14:48:28 -0700] "GET / HTTP/1.0" 200 49096 "-" "feedfinder/1.371 Python-urllib/1.17 +http://www.aaronsw.com/2002/feedfinder/"
151.66.164.216 - - [24/Oct/2021:14:48:40 -0700] "GET /robots.txt HTTP/1.0" 301 458 "-" "feedfinder/1.371 Python-urllib/1.17 +http://www.aaronsw.com/2002/feedfinder/"
151.66.164.216 - - [24/Oct/2021:14:48:40 -0700] "GET /robots.txt HTTP/1.0" 200 340 "-" "feedfinder/1.371 Python-urllib/1.17 +http://www.aaronsw.com/2002/feedfinder/"
216.244.66.245 - - [24/Oct/2021:14:58:23 -0700] "GET /robots.txt HTTP/1.1" 200 333 "-" "Mozilla/5.0 (compatible; DotBot/1.2; +https://opensiteexplorer.org/dotbot; help@moz.com)"
66.249.83.208 - - [24/Oct/2021:15:01:25 -0700] "GET / HTTP/1.1" 301 475 "-" "Mozilla/5.0 (X11; Linux x86_64) AppleWebKit/537.36 (KHTML, like Gecko) Chrome/49.0.2623.75 Safari/537.36 Google Favicon"
66.249.83.85 - - [24/Oct/2021:15:01:25 -0700] "GET / HTTP/1.1" 200 13187 "-" "Mozilla/5.0 (X11; Linux x86_64) AppleWebKit/537.36 (KHTML, like Gecko) Chrome/49.0.2623.75 Safari/537.36 Google Favicon"
66.249.83.96 - - [24/Oct/2021:15:01:25 -0700] "GET /bootstrap/img/favicon.ico HTTP/1.1" 200 713 "-" "Mozilla/5.0 (X11; Linux x86_64) AppleWebKit/537.36 (KHTML, like Gecko) Chrome/49.0.2623.75 Safari/537.36 Google Favicon"
216.244.66.245 - - [24/Oct/2021:15:06:01 -0700] "GET /self.logs/access.log.2021-04-18.gz HTTP/1.1" 200 31823 "-" "Mozilla/5.0 (compatible; DotBot/1.2; +https://opensiteexplorer.org/dotbot; help@moz.com)"
207.46.13.9 - - [24/Oct/2021:15:07:16 -0700] "GET /robots.txt HTTP/1.1" 200 377 "-" "Mozilla/5.0 (compatible; bingbot/2.0; +http://www.bing.com/bingbot.htm)"
157.55.39.5 - - [24/Oct/2021:15:07:25 -0700] "GET /self.logs/2015/error.log.2015-08-06.gz HTTP/1.1" 200 792 "-" "Mozilla/5.0 (compatible; bingbot/2.0; +http://www.bing.com/bingbot.htm)"
223.85.148.205 - - [24/Oct/2021:15:23:59 -0700] "GET / HTTP/1.1" 301 438 "-" "Go-http-client/1.1"
223.85.148.205 - - [24/Oct/2021:15:24:01 -0700] "GET / HTTP/1.1" 200 13149 "http://secrepo.com" "Go-http-client/1.1"
51.222.253.4 - - [24/Oct/2021:15:37:46 -0700] "GET /self.logs/access.log.2019-04-20.gz HTTP/1.1" 200 69975 "-" "Mozilla/5.0 (compatible; AhrefsBot/7.0; +http://ahrefs.com/robot/)"
216.244.66.245 - - [24/Oct/2021:15:46:01 -0700] "GET /robots.txt HTTP/1.1" 200 333 "-" "Mozilla/5.0 (compatible; DotBot/1.2; +https://opensiteexplorer.org/dotbot; help@moz.com)"
216.244.66.245 - - [24/Oct/2021:15:53:27 -0700] "GET /self.logs/access.log.2020-08-09.gz HTTP/1.1" 200 9629 "-" "Mozilla/5.0 (compatible; DotBot/1.2; +https://opensiteexplorer.org/dotbot; help@moz.com)"
216.244.66.245 - - [24/Oct/2021:15:53:32 -0700] "GET /self.logs/access.log.2020-08-12.gz HTTP/1.1" 200 15100 "-" "Mozilla/5.0 (compatible; DotBot/1.2; +https://opensiteexplorer.org/dotbot; help@moz.com)"
216.244.66.245 - - [24/Oct/2021:15:53:37 -0700] "GET /self.logs/access.log.2020-10-04.gz HTTP/1.1" 200 15023 "-" "Mozilla/5.0 (compatible; DotBot/1.2; +https://opensiteexplorer.org/dotbot; help@moz.com)"
216.244.66.245 - - [24/Oct/2021:15:53:40 -0700] "GET /self.logs/access.log.2021-05-11.gz HTTP/1.1" 200 16849 "-" "Mozilla/5.0 (compatible; DotBot/1.2; +https://opensiteexplorer.org/dotbot; help@moz.com)"
216.244.66.245 - - [24/Oct/2021:15:53:45 -0700] "GET /self.logs/access.log.2021-06-03.gz HTTP/1.1" 200 19746 "-" "Mozilla/5.0 (compatible; DotBot/1.2; +https://opensiteexplorer.org/dotbot; help@moz.com)"
216.244.66.245 - - [24/Oct/2021:15:53:47 -0700] "GET /self.logs/access.log.2021-06-09.gz HTTP/1.1" 200 23541 "-" "Mozilla/5.0 (compatible; DotBot/1.2; +https://opensiteexplorer.org/dotbot; help@moz.com)"
216.244.66.245 - - [24/Oct/2021:15:53:49 -0700] "GET /self.logs/access.log.2020-11-08.gz HTTP/1.1" 200 19144 "-" "Mozilla/5.0 (compatible; DotBot/1.2; +https://opensiteexplorer.org/dotbot; help@moz.com)"
12.15.178.50 - - [24/Oct/2021:15:57:35 -0700] "GET / HTTP/1.1" 200 13186 "-" "Mozilla/5.0 (Windows NT 10.0; Win64; x64) AppleWebKit/537.36 (KHTML, like Gecko) Chrome/94.0.4606.81 Safari/537.36"
12.15.178.50 - - [24/Oct/2021:15:57:36 -0700] "GET /css/style.css HTTP/1.1" 404 305 "http://www.secrepo.com/" "Mozilla/5.0 (Windows NT 10.0; Win64; x64) AppleWebKit/537.36 (KHTML, like Gecko) Chrome/94.0.4606.81 Safari/537.36"
12.15.178.50 - - [24/Oct/2021:15:57:36 -0700] "GET /twitter-icon.png HTTP/1.1" 200 27893 "http://www.secrepo.com/" "Mozilla/5.0 (Windows NT 10.0; Win64; x64) AppleWebKit/537.36 (KHTML, like Gecko) Chrome/94.0.4606.81 Safari/537.36"
12.15.178.50 - - [24/Oct/2021:15:57:36 -0700] "GET /GitHub-Mark.png HTTP/1.1" 200 7556 "http://www.secrepo.com/" "Mozilla/5.0 (Windows NT 10.0; Win64; x64) AppleWebKit/537.36 (KHTML, like Gecko) Chrome/94.0.4606.81 Safari/537.36"
12.15.178.50 - - [24/Oct/2021:15:57:37 -0700] "GET /bootstrap/img/favicon.ico HTTP/1.1" 200 690 "http://www.secrepo.com/" "Mozilla/5.0 (Windows NT 10.0; Win64; x64) AppleWebKit/537.36 (KHTML, like Gecko) Chrome/94.0.4606.81 Safari/537.36"
40.88.21.235 - - [24/Oct/2021:16:10:13 -0700] "GET / HTTP/1.1" 200 13186 "http://www.secrepo.com/" "Mozilla/5.0 (compatible; DuckDuckGo-Favicons-Bot/1.0; +http://duckduckgo.com)"
40.88.21.235 - - [24/Oct/2021:16:10:13 -0700] "GET /bootstrap/img/favicon.ico HTTP/1.1" 200 690 "http://www.secrepo.com/bootstrap/img/favicon.ico" "Mozilla/5.0 (compatible; DuckDuckGo-Favicons-Bot/1.0; +http://duckduckgo.com)"
85.208.98.51 - - [24/Oct/2021:16:17:14 -0700] "GET /robots.txt HTTP/1.1" 301 439 "-" "Mozilla/5.0 (compatible; SemrushBot-BM/1.0; +http://www.semrush.com/bot.html)"
85.208.98.51 - - [24/Oct/2021:16:17:20 -0700] "GET /robots.txt HTTP/1.1" 200 333 "-" "Mozilla/5.0 (compatible; SemrushBot-BM/1.0; +http://www.semrush.com/bot.html)"
207.46.13.181 - - [24/Oct/2021:16:19:16 -0700] "GET /Datasets%20Description/HTML_Bro_log_3/dns.html HTTP/1.1" 200 1830 "-" "Mozilla/5.0 (compatible; bingbot/2.0; +http://www.bing.com/bingbot.htm)"
74.125.212.140 - - [24/Oct/2021:16:25:42 -0700] "GET / HTTP/1.1" 301 475 "-" "Mozilla/5.0 (X11; Linux x86_64) AppleWebKit/537.36 (KHTML, like Gecko) Chrome/49.0.2623.75 Safari/537.36 Google Favicon"
64.233.172.96 - - [24/Oct/2021:16:25:43 -0700] "GET / HTTP/1.1" 200 13186 "-" "Mozilla/5.0 (X11; Linux x86_64) AppleWebKit/537.36 (KHTML, like Gecko) Chrome/49.0.2623.75 Safari/537.36 Google Favicon"
64.233.172.127 - - [24/Oct/2021:16:25:43 -0700] "GET /bootstrap/img/favicon.ico HTTP/1.1" 200 713 "-" "Mozilla/5.0 (X11; Linux x86_64) AppleWebKit/537.36 (KHTML, like Gecko) Chrome/49.0.2623.75 Safari/537.36 Google Favicon"
216.244.66.245 - - [24/Oct/2021:16:31:42 -0700] "GET /robots.txt HTTP/1.1" 200 333 "-" "Mozilla/5.0 (compatible; DotBot/1.2; +https://opensiteexplorer.org/dotbot; help@moz.com)"
216.244.66.245 - - [24/Oct/2021:16:39:13 -0700] "GET /self.logs/access.log.2020-08-11.gz HTTP/1.1" 200 11357 "-" "Mozilla/5.0 (compatible; DotBot/1.2; +https://opensiteexplorer.org/dotbot; help@moz.com)"
216.244.66.245 - - [24/Oct/2021:16:39:19 -0700] "GET /self.logs/access.log.2020-12-02.gz HTTP/1.1" 200 12210 "-" "Mozilla/5.0 (compatible; DotBot/1.2; +https://opensiteexplorer.org/dotbot; help@moz.com)"
216.244.66.245 - - [24/Oct/2021:16:39:23 -0700] "GET /self.logs/access.log.2021-05-15.gz HTTP/1.1" 200 21875 "-" "Mozilla/5.0 (compatible; DotBot/1.2; +https://opensiteexplorer.org/dotbot; help@moz.com)"
51.222.253.6 - - [24/Oct/2021:16:42:07 -0700] "GET /self.logs/access.log.2019-07-11.gz HTTP/1.1" 200 63846 "-" "Mozilla/5.0 (compatible; AhrefsBot/7.0; +http://ahrefs.com/robot/)"
51.222.253.5 - - [24/Oct/2021:16:45:37 -0700] "GET /self.logs/access.log.2020-08-13.gz HTTP/1.1" 200 28378 "-" "Mozilla/5.0 (compatible; AhrefsBot/7.0; +http://ahrefs.com/robot/)"
51.222.253.17 - - [24/Oct/2021:16:49:06 -0700] "GET /self.logs/access.log.2017-02-04.gz HTTP/1.1" 200 13258 "-" "Mozilla/5.0 (compatible; AhrefsBot/7.0; +http://ahrefs.com/robot/)"
66.249.66.211 - - [24/Oct/2021:16:50:31 -0700] "GET / HTTP/1.1" 200 13186 "-" "Mozilla/5.0 (compatible; Googlebot/2.1; +http://www.google.com/bot.html)"
51.222.253.14 - - [24/Oct/2021:16:52:41 -0700] "GET /self.logs/access.log.2019-02-14.gz HTTP/1.1" 200 19090 "-" "Mozilla/5.0 (compatible; AhrefsBot/7.0; +http://ahrefs.com/robot/)"
17.121.114.26 - - [24/Oct/2021:16:53:52 -0700] "GET /robots.txt HTTP/1.1" 200 333 "-" "Mozilla/5.0 (Macintosh; Intel Mac OS X 10_15_5) AppleWebKit/605.1.15 (KHTML, like Gecko) Version/13.1.1 Safari/605.1.15 (Applebot/0.1; +http://www.apple.com/go/applebot)"
17.121.114.26 - - [24/Oct/2021:16:53:52 -0700] "GET /tg/tg_snort_fast.7z HTTP/1.1" 200 4274126 "-" "Mozilla/5.0 (Macintosh; Intel Mac OS X 10_15_5) AppleWebKit/605.1.15 (KHTML, like Gecko) Version/13.1.1 Safari/605.1.15 (Applebot/0.1; +http://www.apple.com/go/applebot)"
51.222.253.12 - - [24/Oct/2021:16:56:25 -0700] "GET /self.logs/error.log.2017-01-04.gz HTTP/1.1" 200 4159 "-" "Mozilla/5.0 (compatible; AhrefsBot/7.0; +http://ahrefs.com/robot/)"
207.46.13.9 - - [24/Oct/2021:16:58:08 -0700] "GET /robots.txt HTTP/1.1" 200 377 "-" "Mozilla/5.0 (compatible; bingbot/2.0; +http://www.bing.com/bingbot.htm)"
157.55.39.117 - - [24/Oct/2021:16:58:19 -0700] "GET /Datasets%20Description/HTML_Bro_log_1/conn.html HTTP/1.1" 200 2011 "-" "Mozilla/5.0 (compatible; bingbot/2.0; +http://www.bing.com/bingbot.htm)"
51.222.253.5 - - [24/Oct/2021:17:00:16 -0700] "GET /self.logs/error.log.2019-08-21.gz HTTP/1.1" 200 1364 "-" "Mozilla/5.0 (compatible; AhrefsBot/7.0; +http://ahrefs.com/robot/)"
173.234.50.8 - - [24/Oct/2021:17:01:47 -0700] "GET / HTTP/1.1" 200 13187 "-" "Mozilla/5.0 (Windows NT 10.0; Win64; x64; rv:78.0) Gecko/20100101 Firefox/78.0"
173.234.50.8 - - [24/Oct/2021:17:01:48 -0700] "GET /css/style.css HTTP/1.1" 404 305 "http://www.secrepo.com/" "Mozilla/5.0 (Windows NT 10.0; Win64; x64; rv:78.0) Gecko/20100101 Firefox/78.0"
173.234.50.8 - - [24/Oct/2021:17:01:48 -0700] "GET /twitter-icon.png HTTP/1.1" 200 27916 "http://www.secrepo.com/" "Mozilla/5.0 (Windows NT 10.0; Win64; x64; rv:78.0) Gecko/20100101 Firefox/78.0"
173.234.50.8 - - [24/Oct/2021:17:01:49 -0700] "GET /GitHub-Mark.png HTTP/1.1" 200 7533 "http://www.secrepo.com/" "Mozilla/5.0 (Windows NT 10.0; Win64; x64; rv:78.0) Gecko/20100101 Firefox/78.0"
173.234.50.8 - - [24/Oct/2021:17:02:11 -0700] "GET /bootstrap/img/favicon.ico HTTP/1.1" 200 713 "-" "Mozilla/5.0 (Windows NT 10.0; WOW64; Trident/7.0; rv:11.0) like Gecko"
180.163.220.41 - - [24/Oct/2021:17:03:30 -0700] "GET / HTTP/1.1" 200 13187 "http://www.secrepo.com/" "-"
51.222.253.7 - - [24/Oct/2021:17:04:04 -0700] "GET /self.logs/error.log.2018-01-01.gz HTTP/1.1" 200 2958 "-" "Mozilla/5.0 (compatible; AhrefsBot/7.0; +http://ahrefs.com/robot/)"
51.222.253.16 - - [24/Oct/2021:17:07:39 -0700] "GET /self.logs/error.log.2019-09-27.gz HTTP/1.1" 200 1560 "-" "Mozilla/5.0 (compatible; AhrefsBot/7.0; +http://ahrefs.com/robot/)"
51.222.253.16 - - [24/Oct/2021:17:11:32 -0700] "GET /self.logs/error.log.2019-10-03.gz HTTP/1.1" 200 1629 "-" "Mozilla/5.0 (compatible; AhrefsBot/7.0; +http://ahrefs.com/robot/)"
51.222.253.16 - - [24/Oct/2021:17:15:05 -0700] "GET /self.logs/access.log.2019-08-22.gz HTTP/1.1" 200 19771 "-" "Mozilla/5.0 (compatible; AhrefsBot/7.0; +http://ahrefs.com/robot/)"
216.244.66.245 - - [24/Oct/2021:17:18:39 -0700] "GET /robots.txt HTTP/1.1" 200 333 "-" "Mozilla/5.0 (compatible; DotBot/1.2; +https://opensiteexplorer.org/dotbot; help@moz.com)"
51.222.253.11 - - [24/Oct/2021:17:18:42 -0700] "GET /self.logs/error.log.2018-10-27.gz HTTP/1.1" 200 5450 "-" "Mozilla/5.0 (compatible; AhrefsBot/7.0; +http://ahrefs.com/robot/)"
199.58.86.206 - - [24/Oct/2021:17:19:30 -0700] "GET /robots.txt HTTP/1.1" 200 377 "-" "Mozilla/5.0 (compatible; MJ12bot/v1.4.8; http://mj12bot.com/)"
199.58.86.206 - - [24/Oct/2021:17:19:31 -0700] "GET / HTTP/1.1" 200 13108 "-" "Mozilla/5.0 (compatible; MJ12bot/v1.4.8; http://mj12bot.com/)"
51.222.253.11 - - [24/Oct/2021:17:22:20 -0700] "GET /self.logs/error.log.2020-02-10.gz HTTP/1.1" 200 831 "-" "Mozilla/5.0 (compatible; AhrefsBot/7.0; +http://ahrefs.com/robot/)"
51.222.253.17 - - [24/Oct/2021:17:25:48 -0700] "GET /self.logs/access.log.2018-04-23.gz HTTP/1.1" 200 28485 "-" "Mozilla/5.0 (compatible; AhrefsBot/7.0; +http://ahrefs.com/robot/)"
216.244.66.245 - - [24/Oct/2021:17:25:55 -0700] "GET /self.logs/access.log.2020-08-22.gz HTTP/1.1" 200 11090 "-" "Mozilla/5.0 (compatible; DotBot/1.2; +https://opensiteexplorer.org/dotbot; help@moz.com)"
216.244.66.245 - - [24/Oct/2021:17:26:02 -0700] "GET /self.logs/access.log.2020-11-01.gz HTTP/1.1" 200 16161 "-" "Mozilla/5.0 (compatible; DotBot/1.2; +https://opensiteexplorer.org/dotbot; help@moz.com)"
216.244.66.245 - - [24/Oct/2021:17:26:06 -0700] "GET /self.logs/access.log.2020-11-16.gz HTTP/1.1" 200 11618 "-" "Mozilla/5.0 (compatible; DotBot/1.2; +https://opensiteexplorer.org/dotbot; help@moz.com)"
