173.231.60.198 - - [23/Oct/2021:06:38:08 -0700] "GET /self.logs/error.log.2020-01-17 HTTP/1.1" 200 314 "http://www.secrepo.com/" "Mozilla/5.0 (compatible; Adsbot/3.1; +https://seostar.co/robot/)"
173.231.60.198 - - [23/Oct/2021:06:38:13 -0700] "GET /self.logs/error.log.2020-01-20 HTTP/1.1" 200 314 "http://www.secrepo.com/" "Mozilla/5.0 (compatible; Adsbot/3.1; +https://seostar.co/robot/)"
173.231.60.198 - - [23/Oct/2021:06:38:19 -0700] "GET /self.logs/error.log.2020-01-23 HTTP/1.1" 200 314 "http://www.secrepo.com/" "Mozilla/5.0 (compatible; Adsbot/3.1; +https://seostar.co/robot/)"
173.231.60.198 - - [23/Oct/2021:06:38:24 -0700] "GET /self.logs/error.log.2020-01-25 HTTP/1.1" 200 314 "http://www.secrepo.com/" "Mozilla/5.0 (compatible; Adsbot/3.1; +https://seostar.co/robot/)"
173.231.60.198 - - [23/Oct/2021:06:38:30 -0700] "GET /self.logs/error.log.2020-01-27 HTTP/1.1" 200 314 "http://www.secrepo.com/" "Mozilla/5.0 (compatible; Adsbot/3.1; +https://seostar.co/robot/)"
173.231.60.198 - - [23/Oct/2021:06:38:35 -0700] "GET /self.logs/error.log.2020-01-29 HTTP/1.1" 200 1319 "http://www.secrepo.com/" "Mozilla/5.0 (compatible; Adsbot/3.1; +https://seostar.co/robot/)"
173.231.60.198 - - [23/Oct/2021:06:38:41 -0700] "GET /self.logs/error.log.2020-01-30 HTTP/1.1" 200 314 "http://www.secrepo.com/" "Mozilla/5.0 (compatible; Adsbot/3.1; +https://seostar.co/robot/)"
196.219.18.132 - - [23/Oct/2021:06:38:05 -0700] "GET /tg/a.zip HTTP/1.1" 200 48501200 "http://www.secrepo.com/" "Mozilla/5.0 (Windows NT 10.0; Win64; x64) AppleWebKit/537.36 (KHTML, like Gecko) Chrome/94.0.4606.81 Safari/537.36"
173.231.60.198 - - [23/Oct/2021:06:38:46 -0700] "GET /self.logs/error.log.2020-01-31 HTTP/1.1" 200 314 "http://www.secrepo.com/" "Mozilla/5.0 (compatible; Adsbot/3.1; +https://seostar.co/robot/)"
173.231.60.198 - - [23/Oct/2021:06:38:52 -0700] "GET /self.logs/error.log.2020-02-01 HTTP/1.1" 200 314 "http://www.secrepo.com/" "Mozilla/5.0 (compatible; Adsbot/3.1; +https://seostar.co/robot/)"
173.231.60.198 - - [23/Oct/2021:06:38:57 -0700] "GET /self.logs/error.log.2020-02-06 HTTP/1.1" 200 314 "http://www.secrepo.com/" "Mozilla/5.0 (compatible; Adsbot/3.1; +https://seostar.co/robot/)"
173.231.60.198 - - [23/Oct/2021:06:39:02 -0700] "GET /self.logs/error.log.2020-02-07 HTTP/1.1" 200 314 "http://www.secrepo.com/" "Mozilla/5.0 (compatible; Adsbot/3.1; +https://seostar.co/robot/)"
173.231.60.198 - - [23/Oct/2021:06:39:07 -0700] "GET /self.logs/error.log.2020-02-09 HTTP/1.1" 200 314 "http://www.secrepo.com/" "Mozilla/5.0 (compatible; Adsbot/3.1; +https://seostar.co/robot/)"
196.219.18.132 - - [23/Oct/2021:06:39:06 -0700] "GET /tg/a.zip HTTP/1.1" 200 66189448 "http://www.secrepo.com/" "Mozilla/5.0 (Windows NT 10.0; Win64; x64) AppleWebKit/537.36 (KHTML, like Gecko) Chrome/94.0.4606.81 Safari/537.36"
173.231.60.198 - - [23/Oct/2021:06:39:12 -0700] "GET /self.logs/error.log.2020-02-14 HTTP/1.1" 200 314 "http://www.secrepo.com/" "Mozilla/5.0 (compatible; Adsbot/3.1; +https://seostar.co/robot/)"
173.231.60.198 - - [23/Oct/2021:06:39:18 -0700] "GET /self.logs/error.log.2020-02-17 HTTP/1.1" 200 314 "http://www.secrepo.com/" "Mozilla/5.0 (compatible; Adsbot/3.1; +https://seostar.co/robot/)"
173.231.60.198 - - [23/Oct/2021:06:39:23 -0700] "GET /self.logs/error.log.2020-02-18 HTTP/1.1" 200 2304 "http://www.secrepo.com/" "Mozilla/5.0 (compatible; Adsbot/3.1; +https://seostar.co/robot/)"
173.231.60.198 - - [23/Oct/2021:06:39:28 -0700] "GET /self.logs/error.log.2020-02-20 HTTP/1.1" 200 314 "http://www.secrepo.com/" "Mozilla/5.0 (compatible; Adsbot/3.1; +https://seostar.co/robot/)"
173.231.60.198 - - [23/Oct/2021:06:39:33 -0700] "GET /self.logs/error.log.2020-02-22 HTTP/1.1" 200 314 "http://www.secrepo.com/" "Mozilla/5.0 (compatible; Adsbot/3.1; +https://seostar.co/robot/)"
173.231.60.198 - - [23/Oct/2021:06:39:39 -0700] "GET /self.logs/error.log.2020-02-24 HTTP/1.1" 200 314 "http://www.secrepo.com/" "Mozilla/5.0 (compatible; Adsbot/3.1; +https://seostar.co/robot/)"
173.231.60.198 - - [23/Oct/2021:06:39:44 -0700] "GET /self.logs/error.log.2020-02-25 HTTP/1.1" 200 314 "http://www.secrepo.com/" "Mozilla/5.0 (compatible; Adsbot/3.1; +https://seostar.co/robot/)"
173.231.60.198 - - [23/Oct/2021:06:39:49 -0700] "GET /self.logs/error.log.2020-02-27 HTTP/1.1" 200 314 "http://www.secrepo.com/" "Mozilla/5.0 (compatible; Adsbot/3.1; +https://seostar.co/robot/)"
173.231.60.198 - - [23/Oct/2021:06:39:54 -0700] "GET /self.logs/error.log.2020-02-28 HTTP/1.1" 200 314 "http://www.secrepo.com/" "Mozilla/5.0 (compatible; Adsbot/3.1; +https://seostar.co/robot/)"
173.231.60.198 - - [23/Oct/2021:06:39:59 -0700] "GET /self.logs/error.log.2020-02-29 HTTP/1.1" 200 314 "http://www.secrepo.com/" "Mozilla/5.0 (compatible; Adsbot/3.1; +https://seostar.co/robot/)"
196.219.18.132 - - [23/Oct/2021:06:39:59 -0700] "GET /honeypot/honeypot.json.zip HTTP/1.1" 200 23086087 "http://www.secrepo.com/" "Mozilla/5.0 (Windows NT 10.0; Win64; x64) AppleWebKit/537.36 (KHTML, like Gecko) Chrome/94.0.4606.81 Safari/537.36"
173.231.60.198 - - [23/Oct/2021:06:40:05 -0700] "GET /self.logs/error.log.2020-03-01 HTTP/1.1" 200 314 "http://www.secrepo.com/" "Mozilla/5.0 (compatible; Adsbot/3.1; +https://seostar.co/robot/)"
173.231.60.198 - - [23/Oct/2021:06:40:10 -0700] "GET /self.logs/error.log.2020-03-02 HTTP/1.1" 200 314 "http://www.secrepo.com/" "Mozilla/5.0 (compatible; Adsbot/3.1; +https://seostar.co/robot/)"
173.231.60.198 - - [23/Oct/2021:06:40:15 -0700] "GET /self.logs/error.log.2020-03-03 HTTP/1.1" 200 314 "http://www.secrepo.com/" "Mozilla/5.0 (compatible; Adsbot/3.1; +https://seostar.co/robot/)"
173.231.60.198 - - [23/Oct/2021:06:40:20 -0700] "GET /self.logs/error.log.2020-03-04 HTTP/1.1" 200 314 "http://www.secrepo.com/" "Mozilla/5.0 (compatible; Adsbot/3.1; +https://seostar.co/robot/)"
173.231.60.198 - - [23/Oct/2021:06:40:25 -0700] "GET /self.logs/error.log.2020-03-05 HTTP/1.1" 200 314 "http://www.secrepo.com/" "Mozilla/5.0 (compatible; Adsbot/3.1; +https://seostar.co/robot/)"
173.231.60.198 - - [23/Oct/2021:06:40:31 -0700] "GET /self.logs/error.log.2020-03-06 HTTP/1.1" 200 314 "http://www.secrepo.com/" "Mozilla/5.0 (compatible; Adsbot/3.1; +https://seostar.co/robot/)"
173.231.60.198 - - [23/Oct/2021:06:40:36 -0700] "GET /self.logs/error.log.2020-03-10 HTTP/1.1" 200 314 "http://www.secrepo.com/" "Mozilla/5.0 (compatible; Adsbot/3.1; +https://seostar.co/robot/)"
173.231.60.198 - - [23/Oct/2021:06:40:41 -0700] "GET /self.logs/error.log.2020-03-11 HTTP/1.1" 200 1316 "http://www.secrepo.com/" "Mozilla/5.0 (compatible; Adsbot/3.1; +https://seostar.co/robot/)"
173.231.60.198 - - [23/Oct/2021:06:40:46 -0700] "GET /self.logs/error.log.2020-03-15 HTTP/1.1" 200 1312 "http://www.secrepo.com/" "Mozilla/5.0 (compatible; Adsbot/3.1; +https://seostar.co/robot/)"
173.231.60.198 - - [23/Oct/2021:06:40:51 -0700] "GET /self.logs/error.log.2020-03-18 HTTP/1.1" 200 314 "http://www.secrepo.com/" "Mozilla/5.0 (compatible; Adsbot/3.1; +https://seostar.co/robot/)"
173.231.60.198 - - [23/Oct/2021:06:40:56 -0700] "GET /self.logs/error.log.2020-03-19 HTTP/1.1" 200 314 "http://www.secrepo.com/" "Mozilla/5.0 (compatible; Adsbot/3.1; +https://seostar.co/robot/)"
173.231.60.198 - - [23/Oct/2021:06:41:02 -0700] "GET /self.logs/error.log.2020-03-20 HTTP/1.1" 200 314 "http://www.secrepo.com/" "Mozilla/5.0 (compatible; Adsbot/3.1; +https://seostar.co/robot/)"
173.231.60.198 - - [23/Oct/2021:06:41:07 -0700] "GET /self.logs/error.log.2020-03-22 HTTP/1.1" 200 314 "http://www.secrepo.com/" "Mozilla/5.0 (compatible; Adsbot/3.1; +https://seostar.co/robot/)"
173.231.60.198 - - [23/Oct/2021:06:41:12 -0700] "GET /self.logs/error.log.2020-03-23 HTTP/1.1" 200 314 "http://www.secrepo.com/" "Mozilla/5.0 (compatible; Adsbot/3.1; +https://seostar.co/robot/)"
173.231.60.198 - - [23/Oct/2021:06:41:17 -0700] "GET /self.logs/error.log.2020-03-26 HTTP/1.1" 200 314 "http://www.secrepo.com/" "Mozilla/5.0 (compatible; Adsbot/3.1; +https://seostar.co/robot/)"
173.231.60.198 - - [23/Oct/2021:06:41:22 -0700] "GET /self.logs/error.log.2020-03-27 HTTP/1.1" 200 314 "http://www.secrepo.com/" "Mozilla/5.0 (compatible; Adsbot/3.1; +https://seostar.co/robot/)"
173.231.60.198 - - [23/Oct/2021:06:41:27 -0700] "GET /self.logs/error.log.2020-03-28 HTTP/1.1" 200 314 "http://www.secrepo.com/" "Mozilla/5.0 (compatible; Adsbot/3.1; +https://seostar.co/robot/)"
173.231.60.198 - - [23/Oct/2021:06:41:32 -0700] "GET /self.logs/error.log.2020-03-30 HTTP/1.1" 200 314 "http://www.secrepo.com/" "Mozilla/5.0 (compatible; Adsbot/3.1; +https://seostar.co/robot/)"
173.231.60.198 - - [23/Oct/2021:06:41:38 -0700] "GET /self.logs/error.log.2020-03-31 HTTP/1.1" 200 314 "http://www.secrepo.com/" "Mozilla/5.0 (compatible; Adsbot/3.1; +https://seostar.co/robot/)"
173.231.60.198 - - [23/Oct/2021:06:41:43 -0700] "GET /self.logs/error.log.2020-04-01 HTTP/1.1" 200 314 "http://www.secrepo.com/" "Mozilla/5.0 (compatible; Adsbot/3.1; +https://seostar.co/robot/)"
173.231.60.198 - - [23/Oct/2021:06:41:48 -0700] "GET /self.logs/error.log.2020-04-03 HTTP/1.1" 200 314 "http://www.secrepo.com/" "Mozilla/5.0 (compatible; Adsbot/3.1; +https://seostar.co/robot/)"
173.231.60.198 - - [23/Oct/2021:06:41:53 -0700] "GET /self.logs/error.log.2020-04-06 HTTP/1.1" 200 314 "http://www.secrepo.com/" "Mozilla/5.0 (compatible; Adsbot/3.1; +https://seostar.co/robot/)"
173.231.60.198 - - [23/Oct/2021:06:41:58 -0700] "GET /self.logs/error.log.2020-04-18 HTTP/1.1" 200 314 "http://www.secrepo.com/" "Mozilla/5.0 (compatible; Adsbot/3.1; +https://seostar.co/robot/)"
173.231.60.198 - - [23/Oct/2021:06:42:03 -0700] "GET /self.logs/error.log.2020-04-19 HTTP/1.1" 200 314 "http://www.secrepo.com/" "Mozilla/5.0 (compatible; Adsbot/3.1; +https://seostar.co/robot/)"
173.231.60.198 - - [23/Oct/2021:06:42:09 -0700] "GET /self.logs/error.log.2020-04-20 HTTP/1.1" 200 314 "http://www.secrepo.com/" "Mozilla/5.0 (compatible; Adsbot/3.1; +https://seostar.co/robot/)"
173.231.60.198 - - [23/Oct/2021:06:42:15 -0700] "GET /self.logs/error.log.2020-04-21 HTTP/1.1" 200 314 "http://www.secrepo.com/" "Mozilla/5.0 (compatible; Adsbot/3.1; +https://seostar.co/robot/)"
173.231.60.198 - - [23/Oct/2021:06:42:20 -0700] "GET /self.logs/error.log.2020-04-22 HTTP/1.1" 200 314 "http://www.secrepo.com/" "Mozilla/5.0 (compatible; Adsbot/3.1; +https://seostar.co/robot/)"
173.231.60.198 - - [23/Oct/2021:06:42:25 -0700] "GET /self.logs/error.log.2020-04-27 HTTP/1.1" 200 314 "http://www.secrepo.com/" "Mozilla/5.0 (compatible; Adsbot/3.1; +https://seostar.co/robot/)"
173.231.60.198 - - [23/Oct/2021:06:42:30 -0700] "GET /self.logs/error.log.2020-05-01 HTTP/1.1" 200 314 "http://www.secrepo.com/" "Mozilla/5.0 (compatible; Adsbot/3.1; +https://seostar.co/robot/)"
173.231.60.198 - - [23/Oct/2021:06:42:35 -0700] "GET /self.logs/error.log.2020-05-02 HTTP/1.1" 200 314 "http://www.secrepo.com/" "Mozilla/5.0 (compatible; Adsbot/3.1; +https://seostar.co/robot/)"
173.231.60.198 - - [23/Oct/2021:06:42:41 -0700] "GET /self.logs/error.log.2020-05-04 HTTP/1.1" 200 314 "http://www.secrepo.com/" "Mozilla/5.0 (compatible; Adsbot/3.1; +https://seostar.co/robot/)"
173.231.60.198 - - [23/Oct/2021:06:42:46 -0700] "GET /self.logs/error.log.2020-05-05 HTTP/1.1" 200 314 "http://www.secrepo.com/" "Mozilla/5.0 (compatible; Adsbot/3.1; +https://seostar.co/robot/)"
173.231.60.198 - - [23/Oct/2021:06:42:51 -0700] "GET /self.logs/error.log.2020-05-06 HTTP/1.1" 200 314 "http://www.secrepo.com/" "Mozilla/5.0 (compatible; Adsbot/3.1; +https://seostar.co/robot/)"
173.231.60.198 - - [23/Oct/2021:06:42:56 -0700] "GET /self.logs/error.log.2020-05-07 HTTP/1.1" 200 314 "http://www.secrepo.com/" "Mozilla/5.0 (compatible; Adsbot/3.1; +https://seostar.co/robot/)"
173.231.60.198 - - [23/Oct/2021:06:43:01 -0700] "GET /self.logs/error.log.2020-05-08 HTTP/1.1" 200 314 "http://www.secrepo.com/" "Mozilla/5.0 (compatible; Adsbot/3.1; +https://seostar.co/robot/)"
51.222.253.10 - - [23/Oct/2021:06:43:06 -0700] "GET /self.logs/access.log.2020-08-25.gz HTTP/1.1" 200 9434 "-" "Mozilla/5.0 (compatible; AhrefsBot/7.0; +http://ahrefs.com/robot/)"
173.231.60.198 - - [23/Oct/2021:06:43:06 -0700] "GET /self.logs/error.log.2020-05-10 HTTP/1.1" 200 314 "http://www.secrepo.com/" "Mozilla/5.0 (compatible; Adsbot/3.1; +https://seostar.co/robot/)"
173.231.60.198 - - [23/Oct/2021:06:43:12 -0700] "GET /self.logs/error.log.2020-05-12 HTTP/1.1" 200 314 "http://www.secrepo.com/" "Mozilla/5.0 (compatible; Adsbot/3.1; +https://seostar.co/robot/)"
173.231.60.198 - - [23/Oct/2021:06:43:17 -0700] "GET /self.logs/error.log.2020-05-14 HTTP/1.1" 200 314 "http://www.secrepo.com/" "Mozilla/5.0 (compatible; Adsbot/3.1; +https://seostar.co/robot/)"
173.231.60.198 - - [23/Oct/2021:06:43:22 -0700] "GET /self.logs/error.log.2020-05-16 HTTP/1.1" 200 314 "http://www.secrepo.com/" "Mozilla/5.0 (compatible; Adsbot/3.1; +https://seostar.co/robot/)"
173.231.60.198 - - [23/Oct/2021:06:43:27 -0700] "GET /self.logs/error.log.2020-05-17 HTTP/1.1" 200 314 "http://www.secrepo.com/" "Mozilla/5.0 (compatible; Adsbot/3.1; +https://seostar.co/robot/)"
173.231.60.198 - - [23/Oct/2021:06:43:32 -0700] "GET /self.logs/error.log.2020-05-19 HTTP/1.1" 200 314 "http://www.secrepo.com/" "Mozilla/5.0 (compatible; Adsbot/3.1; +https://seostar.co/robot/)"
173.231.60.198 - - [23/Oct/2021:06:43:37 -0700] "GET /self.logs/error.log.2020-05-20 HTTP/1.1" 200 314 "http://www.secrepo.com/" "Mozilla/5.0 (compatible; Adsbot/3.1; +https://seostar.co/robot/)"
51.222.253.12 - - [23/Oct/2021:06:50:34 -0700] "GET /self.logs/access.log.2017-10-07.gz HTTP/1.1" 200 26478 "-" "Mozilla/5.0 (compatible; AhrefsBot/7.0; +http://ahrefs.com/robot/)"
216.244.66.245 - - [23/Oct/2021:06:54:00 -0700] "GET /robots.txt HTTP/1.1" 200 333 "-" "Mozilla/5.0 (compatible; DotBot/1.2; +https://opensiteexplorer.org/dotbot; help@moz.com)"
51.222.253.11 - - [23/Oct/2021:06:58:05 -0700] "GET /self.logs/error.log.2021-09-21.gz HTTP/1.1" 200 1800 "-" "Mozilla/5.0 (compatible; AhrefsBot/7.0; +http://ahrefs.com/robot/)"
216.244.66.245 - - [23/Oct/2021:07:05:28 -0700] "GET /self.logs/access.log.2020-09-17.gz HTTP/1.1" 200 11247 "-" "Mozilla/5.0 (compatible; DotBot/1.2; +https://opensiteexplorer.org/dotbot; help@moz.com)"
216.244.66.245 - - [23/Oct/2021:07:05:35 -0700] "GET /self.logs/access.log.2020-10-05.gz HTTP/1.1" 200 11761 "-" "Mozilla/5.0 (compatible; DotBot/1.2; +https://opensiteexplorer.org/dotbot; help@moz.com)"
216.244.66.245 - - [23/Oct/2021:07:05:38 -0700] "GET /self.logs/access.log.2020-12-24.gz HTTP/1.1" 200 13739 "-" "Mozilla/5.0 (compatible; DotBot/1.2; +https://opensiteexplorer.org/dotbot; help@moz.com)"
216.244.66.245 - - [23/Oct/2021:07:05:42 -0700] "GET /self.logs/access.log.2021-02-13.gz HTTP/1.1" 200 19424 "-" "Mozilla/5.0 (compatible; DotBot/1.2; +https://opensiteexplorer.org/dotbot; help@moz.com)"
216.244.66.245 - - [23/Oct/2021:07:05:45 -0700] "GET /self.logs/access.log.2021-03-09.gz HTTP/1.1" 200 31283 "-" "Mozilla/5.0 (compatible; DotBot/1.2; +https://opensiteexplorer.org/dotbot; help@moz.com)"
51.222.253.5 - - [23/Oct/2021:07:05:47 -0700] "GET /self.logs/error.log.2017-12-20.gz HTTP/1.1" 200 1758 "-" "Mozilla/5.0 (compatible; AhrefsBot/7.0; +http://ahrefs.com/robot/)"
216.244.66.245 - - [23/Oct/2021:07:05:50 -0700] "GET /self.logs/access.log.2021-06-08.gz HTTP/1.1" 200 19213 "-" "Mozilla/5.0 (compatible; DotBot/1.2; +https://opensiteexplorer.org/dotbot; help@moz.com)"
216.244.66.245 - - [23/Oct/2021:07:05:59 -0700] "GET /self.logs/access.log.2020-07-20.gz HTTP/1.1" 200 19797 "-" "Mozilla/5.0 (compatible; DotBot/1.2; +https://opensiteexplorer.org/dotbot; help@moz.com)"
216.244.66.245 - - [23/Oct/2021:07:06:01 -0700] "GET /self.logs/access.log.2020-09-01.gz HTTP/1.1" 200 44540 "-" "Mozilla/5.0 (compatible; DotBot/1.2; +https://opensiteexplorer.org/dotbot; help@moz.com)"
17.121.115.112 - - [23/Oct/2021:07:10:31 -0700] "GET /robots.txt HTTP/1.1" 200 333 "-" "Mozilla/5.0 (Macintosh; Intel Mac OS X 10_15_5) AppleWebKit/605.1.15 (KHTML, like Gecko) Version/13.1.1 Safari/605.1.15 (Applebot/0.1; +http://www.apple.com/go/applebot)"
17.121.115.112 - - [23/Oct/2021:07:10:31 -0700] "GET /data HTTP/1.1" 404 250 "-" "Mozilla/5.0 (Macintosh; Intel Mac OS X 10_15_5) AppleWebKit/605.1.15 (KHTML, like Gecko) Version/13.1.1 Safari/605.1.15 (Applebot/0.1; +http://www.apple.com/go/applebot)"
51.222.253.3 - - [23/Oct/2021:07:13:15 -0700] "GET /self.logs/error.log.2019-07-31.gz HTTP/1.1" 200 1547 "-" "Mozilla/5.0 (compatible; AhrefsBot/7.0; +http://ahrefs.com/robot/)"
51.222.253.15 - - [23/Oct/2021:07:21:09 -0700] "GET /self.logs/error.log.2017-05-04.gz HTTP/1.1" 200 911 "-" "Mozilla/5.0 (compatible; AhrefsBot/7.0; +http://ahrefs.com/robot/)"
207.46.13.15 - - [23/Oct/2021:07:27:47 -0700] "GET /self.logs/2016/ HTTP/1.1" 200 7860 "-" "Mozilla/5.0 (compatible; bingbot/2.0; +http://www.bing.com/bingbot.htm)"
51.222.253.2 - - [23/Oct/2021:07:29:09 -0700] "GET /self.logs/access.log.2018-06-03.gz HTTP/1.1" 200 16361 "-" "Mozilla/5.0 (compatible; AhrefsBot/7.0; +http://ahrefs.com/robot/)"
54.214.211.212 - - [23/Oct/2021:07:35:21 -0700] "HEAD / HTTP/1.1" 200 425 "-" "Mozilla/5.0 (Macintosh; Intel Mac OS X 10.13; rv:64.0) Gecko/20100101 Firefox/64.0"
54.214.211.212 - - [23/Oct/2021:07:35:21 -0700] "HEAD / HTTP/1.1" 200 425 "-" "Mozilla/5.0 (Macintosh; Intel Mac OS X 10.13; rv:64.0) Gecko/20100101 Firefox/64.0"
54.214.211.212 - - [23/Oct/2021:07:35:22 -0700] "HEAD / HTTP/1.1" 200 425 "-" "Mozilla/5.0 (Macintosh; Intel Mac OS X 10.13; rv:64.0) Gecko/20100101 Firefox/64.0"
54.214.211.212 - - [23/Oct/2021:07:35:22 -0700] "HEAD / HTTP/1.1" 200 425 "-" "Mozilla/5.0 (Macintosh; Intel Mac OS X 10.13; rv:64.0) Gecko/20100101 Firefox/64.0"
54.214.211.212 - - [23/Oct/2021:07:35:22 -0700] "HEAD / HTTP/1.1" 200 425 "-" "Mozilla/5.0 (Macintosh; Intel Mac OS X 10.13; rv:64.0) Gecko/20100101 Firefox/64.0"
54.214.211.212 - - [23/Oct/2021:07:35:22 -0700] "HEAD / HTTP/1.1" 200 425 "-" "Mozilla/5.0 (Macintosh; Intel Mac OS X 10.13; rv:64.0) Gecko/20100101 Firefox/64.0"
54.214.211.212 - - [23/Oct/2021:07:35:34 -0700] "HEAD / HTTP/1.1" 200 425 "-" "Mozilla/5.0 (Macintosh; Intel Mac OS X 10.13; rv:64.0) Gecko/20100101 Firefox/64.0"
51.222.253.20 - - [23/Oct/2021:07:36:38 -0700] "GET /self.logs/access.log.2017-01-14.gz HTTP/1.1" 200 10813 "-" "Mozilla/5.0 (compatible; AhrefsBot/7.0; +http://ahrefs.com/robot/)"
216.244.66.245 - - [23/Oct/2021:07:42:37 -0700] "GET /robots.txt HTTP/1.1" 200 333 "-" "Mozilla/5.0 (compatible; DotBot/1.2; +https://opensiteexplorer.org/dotbot; help@moz.com)"
51.222.253.5 - - [23/Oct/2021:07:44:10 -0700] "GET /self.logs/access.log.2017-10-18.gz HTTP/1.1" 200 23521 "-" "Mozilla/5.0 (compatible; AhrefsBot/7.0; +http://ahrefs.com/robot/)"
54.214.211.212 - - [23/Oct/2021:07:47:53 -0700] "HEAD / HTTP/1.1" 200 425 "-" "Mozilla/5.0 (Macintosh; Intel Mac OS X 10.13; rv:64.0) Gecko/20100101 Firefox/64.0"
51.222.253.2 - - [23/Oct/2021:07:51:51 -0700] "GET /self.logs/error.log.2020-07-15.gz HTTP/1.1" 200 564 "-" "Mozilla/5.0 (compatible; AhrefsBot/7.0; +http://ahrefs.com/robot/)"
172.247.34.127 - - [23/Oct/2021:07:52:54 -0700] "GET / HTTP/1.1" 200 13187 "-" "Mozilla/5.0 (Windows NT 10.0; Win64; x64; rv:91.0) Gecko/20100101 Firefox/91.0"
216.244.66.245 - - [23/Oct/2021:07:54:05 -0700] "GET /self.logs/access.log.2020-07-07.gz HTTP/1.1" 200 16620 "-" "Mozilla/5.0 (compatible; DotBot/1.2; +https://opensiteexplorer.org/dotbot; help@moz.com)"
216.244.66.245 - - [23/Oct/2021:07:54:10 -0700] "GET /self.logs/access.log.2020-10-28.gz HTTP/1.1" 200 12186 "-" "Mozilla/5.0 (compatible; DotBot/1.2; +https://opensiteexplorer.org/dotbot; help@moz.com)"
216.244.66.245 - - [23/Oct/2021:07:54:15 -0700] "GET /self.logs/access.log.2020-12-15.gz HTTP/1.1" 200 14891 "-" "Mozilla/5.0 (compatible; DotBot/1.2; +https://opensiteexplorer.org/dotbot; help@moz.com)"
216.244.66.245 - - [23/Oct/2021:07:54:19 -0700] "GET /self.logs/access.log.2021-03-27.gz HTTP/1.1" 200 29368 "-" "Mozilla/5.0 (compatible; DotBot/1.2; +https://opensiteexplorer.org/dotbot; help@moz.com)"
216.244.66.245 - - [23/Oct/2021:07:54:37 -0700] "GET /Datasets%20Description/HTML_Bro_log_2/weird.html HTTP/1.1" 200 4956 "-" "Mozilla/5.0 (compatible; DotBot/1.2; +https://opensiteexplorer.org/dotbot; help@moz.com)"
51.222.253.11 - - [23/Oct/2021:07:59:43 -0700] "GET /self.logs/access.log.2018-02-11.gz HTTP/1.1" 200 29519 "-" "Mozilla/5.0 (compatible; AhrefsBot/7.0; +http://ahrefs.com/robot/)"
8.29.105.82 - - [23/Oct/2021:08:05:18 -0700] "GET //f/job.php?job=getzone&typeid=zone&fup=../../do%5Cjs&id=514125&webdb%5Bweb_open%5D=1&webdb%5Bcache_time_js%5D=-1&pre=qb_label%20where%20lid=-1%20UNION%20SELECT%201,2,3,4,5,6,0,concat%280x23,username,0x23,password,0x23%29,9,10,11,12,13,14,15,16,17,18,19%20from%20qb_members%20limit%201%23 HTTP/1.1" 418 747 "-" "Mozilla/5.0 (X11; Ubuntu; Linux x86_64; rv:80.0) Gecko/20100101 Firefox/80.0"
8.29.105.82 - - [23/Oct/2021:08:05:19 -0700] "GET /favicon.ico HTTP/1.1" 200 391 "-" "Mozilla/5.0 (X11; Ubuntu; Linux x86_64; rv:80.0) Gecko/20100101 Firefox/80.0"
223.231.157.132 - - [23/Oct/2021:08:06:13 -0700] "GET /self.logs/ HTTP/1.1" 200 32397 "-" "Mozilla/5.0 (Windows NT 10.0; Win64; x64; rv:93.0) Gecko/20100101 Firefox/93.0"
223.231.157.132 - - [23/Oct/2021:08:06:20 -0700] "GET /favicon.ico HTTP/1.1" 200 368 "http://www.secrepo.com/self.logs/" "Mozilla/5.0 (Windows NT 10.0; Win64; x64; rv:93.0) Gecko/20100101 Firefox/93.0"
223.231.157.132 - - [23/Oct/2021:08:06:25 -0700] "GET /self.logs/access.log.2017-01-01.gz HTTP/1.1" 200 17678 "http://www.secrepo.com/self.logs/" "Mozilla/5.0 (Windows NT 10.0; Win64; x64; rv:93.0) Gecko/20100101 Firefox/93.0"
83.149.100.203 - - [23/Oct/2021:08:06:38 -0700] "GET / HTTP/1.1" 200 13143 "-" "Mozilla/5.0 (Windows NT 10.0; Win64; x64) AppleWebKit/537.36 (KHTML, like Gecko) Chrome/60.0.3112.113 Safari/537.36"
51.222.253.7 - - [23/Oct/2021:08:07:49 -0700] "GET /self.logs/error.log.2017-09-01.gz HTTP/1.1" 200 876 "-" "Mozilla/5.0 (compatible; AhrefsBot/7.0; +http://ahrefs.com/robot/)"
8.29.105.82 - - [23/Oct/2021:08:10:10 -0700] "GET //plus/recommend.php?action=&aid=1&_FILES[type][tmp_name]=\\\\%27%20or%20mid=@`\\\\%27`%20/*!50000union*//*!50000select*/1,2,3,(select%20CONCAT(0x7c,userid,0x7c,pwd)+from+`%23@__admin`%20limit+0,1),5,6,7,8,9%23@`\\\\%27`+&_FILES[type][name]=1.jpg&_FILES[type][type]=application/octet-stream&_FILES[type][size]=4294 HTTP/1.1" 418 747 "-" "Mozilla/5.0 (X11; Ubuntu; Linux x86_64; rv:80.0) Gecko/20100101 Firefox/80.0"
8.29.105.82 - - [23/Oct/2021:08:10:11 -0700] "GET /favicon.ico HTTP/1.1" 200 391 "-" "Mozilla/5.0 (X11; Ubuntu; Linux x86_64; rv:80.0) Gecko/20100101 Firefox/80.0"
66.249.66.84 - - [23/Oct/2021:08:13:11 -0700] "GET /ads.txt HTTP/1.1" 404 328 "-" "Mozilla/5.0 (compatible; Googlebot/2.1; +http://www.google.com/bot.html)"
51.222.253.6 - - [23/Oct/2021:08:15:55 -0700] "GET /self.logs/access.log.2021-05-01.gz HTTP/1.1" 200 14336 "-" "Mozilla/5.0 (compatible; AhrefsBot/7.0; +http://ahrefs.com/robot/)"
51.222.253.19 - - [23/Oct/2021:08:23:42 -0700] "GET /self.logs/error.log.2020-07-22.gz HTTP/1.1" 200 825 "-" "Mozilla/5.0 (compatible; AhrefsBot/7.0; +http://ahrefs.com/robot/)"
157.55.39.66 - - [23/Oct/2021:08:25:19 -0700] "GET /robots.txt HTTP/1.1" 200 377 "-" "Mozilla/5.0 (compatible; bingbot/2.0; +http://www.bing.com/bingbot.htm)"
207.46.13.15 - - [23/Oct/2021:08:25:31 -0700] "GET /maccdc2012/smtp.log.gz HTTP/1.1" 200 6956 "-" "Mozilla/5.0 (compatible; bingbot/2.0; +http://www.bing.com/bingbot.htm)"
157.90.181.151 - - [23/Oct/2021:08:29:32 -0700] "GET /robots.txt HTTP/1.1" 301 495 "-" "Mozilla/5.0 (compatible; BLEXBot/1.0; +http://webmeup-crawler.com/)"
157.90.181.151 - - [23/Oct/2021:08:29:33 -0700] "GET /robots.txt HTTP/1.1" 200 377 "-" "Mozilla/5.0 (compatible; BLEXBot/1.0; +http://webmeup-crawler.com/)"
157.90.181.151 - - [23/Oct/2021:08:29:52 -0700] "GET /Datasets%20Description/?C=D;O=A HTTP/1.1" 200 677 "-" "Mozilla/5.0 (compatible; BLEXBot/1.0; +http://webmeup-crawler.com/)"
157.90.181.151 - - [23/Oct/2021:08:29:54 -0700] "GET /Datasets%20Description/?C=M;O=A HTTP/1.1" 200 654 "-" "Mozilla/5.0 (compatible; BLEXBot/1.0; +http://webmeup-crawler.com/)"
216.244.66.245 - - [23/Oct/2021:08:30:07 -0700] "GET /robots.txt HTTP/1.1" 200 333 "-" "Mozilla/5.0 (compatible; DotBot/1.2; +https://opensiteexplorer.org/dotbot; help@moz.com)"
157.90.181.151 - - [23/Oct/2021:08:30:22 -0700] "GET /Datasets%20Description/?C=N;O=D HTTP/1.1" 200 673 "-" "Mozilla/5.0 (compatible; BLEXBot/1.0; +http://webmeup-crawler.com/)"
157.90.181.151 - - [23/Oct/2021:08:30:24 -0700] "GET /Datasets%20Description/?C=S;O=A HTTP/1.1" 200 654 "-" "Mozilla/5.0 (compatible; BLEXBot/1.0; +http://webmeup-crawler.com/)"
157.90.181.151 - - [23/Oct/2021:08:30:33 -0700] "GET /Datasets%20Description/HTML_Bro_log_1/ HTTP/1.1" 200 834 "-" "Mozilla/5.0 (compatible; BLEXBot/1.0; +http://webmeup-crawler.com/)"
157.90.181.151 - - [23/Oct/2021:08:30:38 -0700] "GET /Datasets%20Description/HTML_Bro_log_1/?C=D;O=D HTTP/1.1" 200 833 "-" "Mozilla/5.0 (compatible; BLEXBot/1.0; +http://webmeup-crawler.com/)"
157.90.181.151 - - [23/Oct/2021:08:30:44 -0700] "GET /Datasets%20Description/HTML_Bro_log_1/?C=M;O=D HTTP/1.1" 200 833 "-" "Mozilla/5.0 (compatible; BLEXBot/1.0; +http://webmeup-crawler.com/)"
157.90.181.151 - - [23/Oct/2021:08:31:12 -0700] "GET /Datasets%20Description/HTML_Bro_log_1/?C=S;O=D HTTP/1.1" 200 829 "-" "Mozilla/5.0 (compatible; BLEXBot/1.0; +http://webmeup-crawler.com/)"
51.222.253.15 - - [23/Oct/2021:08:31:22 -0700] "GET /self.logs/access.log.2018-08-31.gz HTTP/1.1" 200 23987 "-" "Mozilla/5.0 (compatible; AhrefsBot/7.0; +http://ahrefs.com/robot/)"
157.90.181.151 - - [23/Oct/2021:08:32:23 -0700] "GET /Datasets%20Description/HTML_Bro_log_2/ HTTP/1.1" 200 832 "-" "Mozilla/5.0 (compatible; BLEXBot/1.0; +http://webmeup-crawler.com/)"
157.90.181.151 - - [23/Oct/2021:08:32:32 -0700] "GET /Datasets%20Description/HTML_Bro_log_2/?C=D;O=D HTTP/1.1" 200 832 "-" "Mozilla/5.0 (compatible; BLEXBot/1.0; +http://webmeup-crawler.com/)"
157.90.181.151 - - [23/Oct/2021:08:32:39 -0700] "GET /Datasets%20Description/HTML_Bro_log_2/?C=M;O=D HTTP/1.1" 200 832 "-" "Mozilla/5.0 (compatible; BLEXBot/1.0; +http://webmeup-crawler.com/)"
157.90.181.151 - - [23/Oct/2021:08:32:44 -0700] "GET /Datasets%20Description/HTML_Bro_log_2/?C=N;O=A HTTP/1.1" 200 832 "-" "Mozilla/5.0 (compatible; BLEXBot/1.0; +http://webmeup-crawler.com/)"
157.90.181.151 - - [23/Oct/2021:08:32:57 -0700] "GET /Datasets%20Description/HTML_Bro_log_2/?C=S;O=D HTTP/1.1" 200 827 "-" "Mozilla/5.0 (compatible; BLEXBot/1.0; +http://webmeup-crawler.com/)"
54.244.189.82 - - [23/Oct/2021:08:33:24 -0700] "GET / HTTP/1.1" 301 419 "-" "Mozilla/5.0 (X11; Linux x86_64) AppleWebKit/537.36 (KHTML, like Gecko) Chrome/83.0.4103.97 Safari/537.36"
54.244.189.82 - - [23/Oct/2021:08:33:28 -0700] "GET / HTTP/1.1" 200 13143 "-" "Mozilla/5.0 (X11; Linux x86_64) AppleWebKit/537.36 (KHTML, like Gecko) Chrome/83.0.4103.97 Safari/537.36"
157.90.181.151 - - [23/Oct/2021:08:33:57 -0700] "GET /Datasets%20Description/HTML_Bro_log_3/ HTTP/1.1" 200 823 "-" "Mozilla/5.0 (compatible; BLEXBot/1.0; +http://webmeup-crawler.com/)"
157.90.181.151 - - [23/Oct/2021:08:34:04 -0700] "GET /Datasets%20Description/HTML_Bro_log_3/?C=D;O=D HTTP/1.1" 200 822 "-" "Mozilla/5.0 (compatible; BLEXBot/1.0; +http://webmeup-crawler.com/)"
157.90.181.151 - - [23/Oct/2021:08:34:35 -0700] "GET /Datasets%20Description/HTML_Bro_log_3/?C=M;O=D HTTP/1.1" 200 822 "-" "Mozilla/5.0 (compatible; BLEXBot/1.0; +http://webmeup-crawler.com/)"
157.90.181.151 - - [23/Oct/2021:08:34:40 -0700] "GET /Datasets%20Description/HTML_Bro_log_3/?C=N;O=A HTTP/1.1" 200 823 "-" "Mozilla/5.0 (compatible; BLEXBot/1.0; +http://webmeup-crawler.com/)"
157.90.181.151 - - [23/Oct/2021:08:34:53 -0700] "GET /Datasets%20Description/HTML_Bro_log_3/?C=S;O=D HTTP/1.1" 200 819 "-" "Mozilla/5.0 (compatible; BLEXBot/1.0; +http://webmeup-crawler.com/)"
157.90.181.151 - - [23/Oct/2021:08:35:54 -0700] "GET /Datasets%20Description/Network/ HTTP/1.1" 200 769 "-" "Mozilla/5.0 (compatible; BLEXBot/1.0; +http://webmeup-crawler.com/)"
157.90.181.151 - - [23/Oct/2021:08:36:01 -0700] "GET /Datasets%20Description/PE_malware/ HTTP/1.1" 200 686 "-" "Mozilla/5.0 (compatible; BLEXBot/1.0; +http://webmeup-crawler.com/)"
157.90.181.151 - - [23/Oct/2021:08:36:15 -0700] "GET /self.logs/2015/?C=D;O=A HTTP/1.1" 200 7621 "-" "Mozilla/5.0 (compatible; BLEXBot/1.0; +http://webmeup-crawler.com/)"
157.90.181.151 - - [23/Oct/2021:08:36:19 -0700] "GET /self.logs/2015/?C=M;O=A HTTP/1.1" 200 7706 "-" "Mozilla/5.0 (compatible; BLEXBot/1.0; +http://webmeup-crawler.com/)"
157.90.181.151 - - [23/Oct/2021:08:36:22 -0700] "GET /self.logs/2015/?C=N;O=D HTTP/1.1" 200 7767 "-" "Mozilla/5.0 (compatible; BLEXBot/1.0; +http://webmeup-crawler.com/)"
157.90.181.151 - - [23/Oct/2021:08:36:26 -0700] "GET /self.logs/2015/?C=S;O=A HTTP/1.1" 200 8288 "-" "Mozilla/5.0 (compatible; BLEXBot/1.0; +http://webmeup-crawler.com/)"
157.90.181.151 - - [23/Oct/2021:08:36:33 -0700] "GET /self.logs/2016/?C=D;O=A HTTP/1.1" 200 7860 "-" "Mozilla/5.0 (compatible; BLEXBot/1.0; +http://webmeup-crawler.com/)"
157.90.181.151 - - [23/Oct/2021:08:36:37 -0700] "GET /self.logs/2016/?C=M;O=A HTTP/1.1" 200 8029 "-" "Mozilla/5.0 (compatible; BLEXBot/1.0; +http://webmeup-crawler.com/)"
157.90.181.151 - - [23/Oct/2021:08:37:02 -0700] "GET /self.logs/2016/?C=N;O=D HTTP/1.1" 200 8072 "-" "Mozilla/5.0 (compatible; BLEXBot/1.0; +http://webmeup-crawler.com/)"
157.90.181.151 - - [23/Oct/2021:08:37:08 -0700] "GET /self.logs/2016/?C=S;O=A HTTP/1.1" 200 8583 "-" "Mozilla/5.0 (compatible; BLEXBot/1.0; +http://webmeup-crawler.com/)"
157.90.181.151 - - [23/Oct/2021:08:37:13 -0700] "GET /self.logs/?C=D;O=D HTTP/1.1" 200 33128 "-" "Mozilla/5.0 (compatible; BLEXBot/1.0; +http://webmeup-crawler.com/)"
157.90.181.151 - - [23/Oct/2021:08:37:19 -0700] "GET /self.logs/?C=M;O=D HTTP/1.1" 200 34997 "-" "Mozilla/5.0 (compatible; BLEXBot/1.0; +http://webmeup-crawler.com/)"
157.90.181.151 - - [23/Oct/2021:08:37:22 -0700] "GET /self.logs/?C=N;O=A HTTP/1.1" 200 32397 "-" "Mozilla/5.0 (compatible; BLEXBot/1.0; +http://webmeup-crawler.com/)"
157.90.181.151 - - [23/Oct/2021:08:37:31 -0700] "GET /self.logs/?C=S;O=D HTTP/1.1" 200 38299 "-" "Mozilla/5.0 (compatible; BLEXBot/1.0; +http://webmeup-crawler.com/)"
54.213.207.51 - - [23/Oct/2021:08:41:18 -0700] "GET /favicon.ico HTTP/1.1" 301 441 "-" "Mozilla/5.0 (X11; Linux x86_64) AppleWebKit/537.36 (KHTML, like Gecko) Chrome/83.0.4103.97 Safari/537.36"
54.213.207.51 - - [23/Oct/2021:08:41:19 -0700] "GET /favicon.ico HTTP/1.1" 200 347 "http://secrepo.com/favicon.ico" "Mozilla/5.0 (X11; Linux x86_64) AppleWebKit/537.36 (KHTML, like Gecko) Chrome/83.0.4103.97 Safari/537.36"
216.244.66.245 - - [23/Oct/2021:08:41:28 -0700] "GET /self.logs/access.log.2020-09-04.gz HTTP/1.1" 200 10579 "-" "Mozilla/5.0 (compatible; DotBot/1.2; +https://opensiteexplorer.org/dotbot; help@moz.com)"
216.244.66.245 - - [23/Oct/2021:08:41:33 -0700] "GET /self.logs/access.log.2020-09-16.gz HTTP/1.1" 200 16364 "-" "Mozilla/5.0 (compatible; DotBot/1.2; +https://opensiteexplorer.org/dotbot; help@moz.com)"
216.244.66.245 - - [23/Oct/2021:08:41:37 -0700] "GET /self.logs/access.log.2020-11-03.gz HTTP/1.1" 200 13577 "-" "Mozilla/5.0 (compatible; DotBot/1.2; +https://opensiteexplorer.org/dotbot; help@moz.com)"
216.244.66.245 - - [23/Oct/2021:08:42:02 -0700] "GET /Datasets%20Description/HTML_Bro_log_2/files.html HTTP/1.1" 200 6183 "-" "Mozilla/5.0 (compatible; DotBot/1.2; +https://opensiteexplorer.org/dotbot; help@moz.com)"
157.55.39.34 - - [23/Oct/2021:08:49:01 -0700] "GET /apple-touch-icon-57x57-precomposed.png HTTP/1.1" 301 551 "-" "Mozilla/5.0 (compatible; bingbot/2.0; +http://www.bing.com/bingbot.htm)"
157.55.39.34 - - [23/Oct/2021:08:49:11 -0700] "GET /apple-touch-icon-57x57-precomposed.png HTTP/1.1" 404 328 "-" "Mozilla/5.0 (compatible; bingbot/2.0; +http://www.bing.com/bingbot.htm)"
40.77.167.66 - - [23/Oct/2021:08:49:16 -0700] "GET /apple-touch-icon-57x57.png HTTP/1.1" 301 527 "-" "Mozilla/5.0 (compatible; bingbot/2.0; +http://www.bing.com/bingbot.htm)"
40.77.167.66 - - [23/Oct/2021:08:49:25 -0700] "GET /apple-touch-icon-57x57.png HTTP/1.1" 404 328 "-" "Mozilla/5.0 (compatible; bingbot/2.0; +http://www.bing.com/bingbot.htm)"
51.222.253.2 - - [23/Oct/2021:08:51:56 -0700] "GET /self.logs/2016/?C=M;O=D HTTP/1.1" 200 8251 "-" "Mozilla/5.0 (compatible; AhrefsBot/7.0; +http://ahrefs.com/robot/)"
51.222.253.18 - - [23/Oct/2021:09:04:16 -0700] "GET /self.logs/access.log.2019-08-09.gz HTTP/1.1" 200 11928 "-" "Mozilla/5.0 (compatible; AhrefsBot/7.0; +http://ahrefs.com/robot/)"
51.222.253.15 - - [23/Oct/2021:09:14:54 -0700] "GET /self.logs/access.log.2019-07-23.gz HTTP/1.1" 200 31901 "-" "Mozilla/5.0 (compatible; AhrefsBot/7.0; +http://ahrefs.com/robot/)"
99.238.56.224 - - [23/Oct/2021:09:17:15 -0700] "GET / HTTP/1.1" 301 475 "-" "Mozilla/5.0 (Windows NT 10.0; Win64; x64; rv:93.0) Gecko/20100101 Firefox/93.0"
99.238.56.224 - - [23/Oct/2021:09:17:15 -0700] "GET / HTTP/1.1" 200 13187 "-" "Mozilla/5.0 (Windows NT 10.0; Win64; x64; rv:93.0) Gecko/20100101 Firefox/93.0"
99.238.56.224 - - [23/Oct/2021:09:17:15 -0700] "GET /css/style.css HTTP/1.1" 404 305 "http://www.secrepo.com/" "Mozilla/5.0 (Windows NT 10.0; Win64; x64; rv:93.0) Gecko/20100101 Firefox/93.0"
99.238.56.224 - - [23/Oct/2021:09:17:15 -0700] "GET /GitHub-Mark.png HTTP/1.1" 200 7556 "http://www.secrepo.com/" "Mozilla/5.0 (Windows NT 10.0; Win64; x64; rv:93.0) Gecko/20100101 Firefox/93.0"
99.238.56.224 - - [23/Oct/2021:09:17:15 -0700] "GET /twitter-icon.png HTTP/1.1" 200 27916 "http://www.secrepo.com/" "Mozilla/5.0 (Windows NT 10.0; Win64; x64; rv:93.0) Gecko/20100101 Firefox/93.0"
99.238.56.224 - - [23/Oct/2021:09:17:16 -0700] "GET /bootstrap/img/favicon.ico HTTP/1.1" 200 690 "http://www.secrepo.com/" "Mozilla/5.0 (Windows NT 10.0; Win64; x64; rv:93.0) Gecko/20100101 Firefox/93.0"
40.88.21.235 - - [23/Oct/2021:09:17:31 -0700] "GET / HTTP/1.1" 200 13187 "http://www.secrepo.com/" "Mozilla/5.0 (compatible; DuckDuckGo-Favicons-Bot/1.0; +http://duckduckgo.com)"
40.88.21.235 - - [23/Oct/2021:09:17:31 -0700] "GET /bootstrap/img/favicon.ico HTTP/1.1" 200 690 "http://www.secrepo.com/bootstrap/img/favicon.ico" "Mozilla/5.0 (compatible; DuckDuckGo-Favicons-Bot/1.0; +http://duckduckgo.com)"
216.244.66.245 - - [23/Oct/2021:09:18:18 -0700] "GET /robots.txt HTTP/1.1" 200 333 "-" "Mozilla/5.0 (compatible; DotBot/1.2; +https://opensiteexplorer.org/dotbot; help@moz.com)"
51.222.253.8 - - [23/Oct/2021:09:25:37 -0700] "GET /self.logs/access.log.2019-07-03.gz HTTP/1.1" 200 26956 "-" "Mozilla/5.0 (compatible; AhrefsBot/7.0; +http://ahrefs.com/robot/)"
216.244.66.245 - - [23/Oct/2021:09:29:49 -0700] "GET /self.logs/access.log.2021-04-14.gz HTTP/1.1" 200 33324 "-" "Mozilla/5.0 (compatible; DotBot/1.2; +https://opensiteexplorer.org/dotbot; help@moz.com)"
51.222.253.17 - - [23/Oct/2021:09:36:17 -0700] "GET /self.logs/access.log.2019-11-30.gz HTTP/1.1" 200 21766 "-" "Mozilla/5.0 (compatible; AhrefsBot/7.0; +http://ahrefs.com/robot/)"
51.222.253.7 - - [23/Oct/2021:09:46:21 -0700] "GET /self.logs/error.log.2018-11-23.gz HTTP/1.1" 200 3908 "-" "Mozilla/5.0 (compatible; AhrefsBot/7.0; +http://ahrefs.com/robot/)"
51.222.253.7 - - [23/Oct/2021:09:56:51 -0700] "GET /self.logs/access.log.2019-03-08.gz HTTP/1.1" 200 78840 "-" "Mozilla/5.0 (compatible; AhrefsBot/7.0; +http://ahrefs.com/robot/)"
157.55.39.66 - - [23/Oct/2021:10:04:59 -0700] "GET /robots.txt HTTP/1.1" 200 377 "-" "Mozilla/5.0 (compatible; bingbot/2.0; +http://www.bing.com/bingbot.htm)"
157.55.39.117 - - [23/Oct/2021:10:05:07 -0700] "GET /Datasets%20Description/HTML_Bro_log_1/dns.html HTTP/1.1" 200 1837 "-" "Mozilla/5.0 (compatible; bingbot/2.0; +http://www.bing.com/bingbot.htm)"
51.222.253.13 - - [23/Oct/2021:10:07:19 -0700] "GET /self.logs/access.log.2017-04-07.gz HTTP/1.1" 200 27868 "-" "Mozilla/5.0 (compatible; AhrefsBot/7.0; +http://ahrefs.com/robot/)"
66.249.66.194 - - [23/Oct/2021:10:13:14 -0700] "GET /ads.txt HTTP/1.1" 301 489 "-" "Mozilla/5.0 (compatible; Googlebot/2.1; +http://www.google.com/bot.html)"
51.222.253.1 - - [23/Oct/2021:10:17:41 -0700] "GET /self.logs/error.log.2020-06-19 HTTP/1.1" 200 307 "-" "Mozilla/5.0 (compatible; AhrefsBot/7.0; +http://ahrefs.com/robot/)"
51.222.253.19 - - [23/Oct/2021:10:27:48 -0700] "GET /self.logs/access.log.2020-01-21.gz HTTP/1.1" 200 16145 "-" "Mozilla/5.0 (compatible; AhrefsBot/7.0; +http://ahrefs.com/robot/)"
185.191.171.12 - - [23/Oct/2021:10:34:39 -0700] "GET /robots.txt HTTP/1.1" 200 340 "-" "Mozilla/5.0 (compatible; SemrushBot/7~bl; +http://www.semrush.com/bot.html)"
185.191.171.16 - - [23/Oct/2021:10:34:39 -0700] "GET /Datasets%20Description/PE_malware/Zeus.html HTTP/1.1" 200 1661 "-" "Mozilla/5.0 (compatible; SemrushBot/7~bl; +http://www.semrush.com/bot.html)"
51.222.253.16 - - [23/Oct/2021:10:37:50 -0700] "GET /self.logs/access.log.2020-03-29.gz HTTP/1.1" 200 20327 "-" "Mozilla/5.0 (compatible; AhrefsBot/7.0; +http://ahrefs.com/robot/)"
51.222.253.6 - - [23/Oct/2021:10:47:44 -0700] "GET /Datasets%20Description/HTML_Bro_log_2/ HTTP/1.1" 200 788 "-" "Mozilla/5.0 (compatible; AhrefsBot/7.0; +http://ahrefs.com/robot/)"
51.222.253.16 - - [23/Oct/2021:10:57:47 -0700] "GET /Datasets%20Description/Network/files.html HTTP/1.1" 200 1488 "-" "Mozilla/5.0 (compatible; AhrefsBot/7.0; +http://ahrefs.com/robot/)"
51.222.253.6 - - [23/Oct/2021:11:07:50 -0700] "GET /Datasets%20Description/HTML_Bro_log_1/ HTTP/1.1" 200 790 "-" "Mozilla/5.0 (compatible; AhrefsBot/7.0; +http://ahrefs.com/robot/)"
66.249.88.112 - - [23/Oct/2021:11:11:35 -0700] "GET / HTTP/1.1" 301 475 "-" "Mozilla/5.0 (X11; Linux x86_64) AppleWebKit/537.36 (KHTML, like Gecko) Chrome/49.0.2623.75 Safari/537.36 Google Favicon"
66.249.88.143 - - [23/Oct/2021:11:11:35 -0700] "GET / HTTP/1.1" 200 13186 "-" "Mozilla/5.0 (X11; Linux x86_64) AppleWebKit/537.36 (KHTML, like Gecko) Chrome/49.0.2623.75 Safari/537.36 Google Favicon"
66.249.88.137 - - [23/Oct/2021:11:11:35 -0700] "GET /bootstrap/img/favicon.ico HTTP/1.1" 200 713 "-" "Mozilla/5.0 (X11; Linux x86_64) AppleWebKit/537.36 (KHTML, like Gecko) Chrome/49.0.2623.75 Safari/537.36 Google Favicon"
51.222.253.14 - - [23/Oct/2021:11:17:38 -0700] "GET /Datasets%20Description/HTML_Bro_log_3/ HTTP/1.1" 200 779 "-" "Mozilla/5.0 (compatible; AhrefsBot/7.0; +http://ahrefs.com/robot/)"
85.208.98.18 - - [23/Oct/2021:11:32:42 -0700] "GET /robots.txt HTTP/1.1" 200 333 "-" "Mozilla/5.0 (compatible; SemrushBot; +http://www.semrush.com/bot.html)"
85.208.98.18 - - [23/Oct/2021:11:32:49 -0700] "HEAD / HTTP/1.1" 200 359 "-" "Mozilla/5.0 (compatible; SemrushBot; +http://www.semrush.com/bot.html)"
216.244.66.245 - - [23/Oct/2021:11:41:10 -0700] "GET /robots.txt HTTP/1.1" 200 333 "-" "Mozilla/5.0 (compatible; DotBot/1.2; +https://opensiteexplorer.org/dotbot; help@moz.com)"
51.222.253.16 - - [23/Oct/2021:11:44:44 -0700] "GET / HTTP/1.1" 200 13143 "-" "Mozilla/5.0 (compatible; AhrefsBot/7.0; +http://ahrefs.com/robot/)"
107.127.35.59 - - [23/Oct/2021:11:50:31 -0700] "GET / HTTP/1.1" 200 13187 "-" "Mozilla/5.0 (iPhone; CPU iPhone OS 14_8 like Mac OS X) AppleWebKit/605.1.15 (KHTML, like Gecko) CriOS/94.0.4606.76 Mobile/15E148 Safari/604.1"
107.127.35.59 - - [23/Oct/2021:11:50:31 -0700] "GET /twitter-icon.png HTTP/1.1" 200 27916 "http://www.secrepo.com/" "Mozilla/5.0 (iPhone; CPU iPhone OS 14_8 like Mac OS X) AppleWebKit/605.1.15 (KHTML, like Gecko) CriOS/94.0.4606.76 Mobile/15E148 Safari/604.1"
216.244.66.245 - - [23/Oct/2021:11:50:35 -0700] "GET /self.logs/access.log.2020-10-30.gz HTTP/1.1" 200 55084 "-" "Mozilla/5.0 (compatible; DotBot/1.2; +https://opensiteexplorer.org/dotbot; help@moz.com)"
216.244.66.245 - - [23/Oct/2021:11:50:40 -0700] "GET /self.logs/access.log.2020-12-22.gz HTTP/1.1" 200 18739 "-" "Mozilla/5.0 (compatible; DotBot/1.2; +https://opensiteexplorer.org/dotbot; help@moz.com)"
58.250.125.134 - - [23/Oct/2021:11:56:40 -0700] "GET / HTTP/1.1" 200 13150 "-" "Sogou web spider/4.0(+http://www.sogou.com/docs/help/webmasters.htm#07)"
172.247.34.130 - - [23/Oct/2021:11:57:12 -0700] "GET / HTTP/1.1" 200 13187 "-" "Mozilla/5.0 (Windows NT 10.0; Win64; x64; rv:91.0) Gecko/20100101 Firefox/91.0"
43.250.243.16 - - [23/Oct/2021:12:22:08 -0700] "GET /twitter-icon.png HTTP/1.1" 200 27916 "-" "Mozilla/5.0 (X11; Ubuntu; Linux x86_64; rv:66.0) Gecko/20100101 Firefox/66.0"
43.250.243.16 - - [23/Oct/2021:12:22:08 -0700] "GET /GitHub-Mark.png HTTP/1.1" 200 7556 "-" "Mozilla/5.0 (X11; Ubuntu; Linux x86_64; rv:66.0) Gecko/20100101 Firefox/66.0"
216.244.66.245 - - [23/Oct/2021:12:29:07 -0700] "GET /robots.txt HTTP/1.1" 200 333 "-" "Mozilla/5.0 (compatible; DotBot/1.2; +https://opensiteexplorer.org/dotbot; help@moz.com)"
216.244.66.245 - - [23/Oct/2021:12:38:03 -0700] "GET /self.logs/access.log.2020-06-28.gz HTTP/1.1" 200 12268 "-" "Mozilla/5.0 (compatible; DotBot/1.2; +https://opensiteexplorer.org/dotbot; help@moz.com)"
216.244.66.245 - - [23/Oct/2021:12:38:08 -0700] "GET /self.logs/access.log.2020-10-31.gz HTTP/1.1" 200 11713 "-" "Mozilla/5.0 (compatible; DotBot/1.2; +https://opensiteexplorer.org/dotbot; help@moz.com)"
216.244.66.245 - - [23/Oct/2021:12:38:13 -0700] "GET /self.logs/access.log.2020-11-17.gz HTTP/1.1" 200 11499 "-" "Mozilla/5.0 (compatible; DotBot/1.2; +https://opensiteexplorer.org/dotbot; help@moz.com)"
216.244.66.245 - - [23/Oct/2021:12:38:17 -0700] "GET /self.logs/access.log.2021-01-29.gz HTTP/1.1" 200 17642 "-" "Mozilla/5.0 (compatible; DotBot/1.2; +https://opensiteexplorer.org/dotbot; help@moz.com)"
216.244.66.245 - - [23/Oct/2021:12:38:19 -0700] "GET /self.logs/access.log.2021-06-10.gz HTTP/1.1" 200 21438 "-" "Mozilla/5.0 (compatible; DotBot/1.2; +https://opensiteexplorer.org/dotbot; help@moz.com)"
216.244.66.245 - - [23/Oct/2021:12:38:25 -0700] "GET /self.logs/access.log.2020-06-26.gz HTTP/1.1" 200 37874 "-" "Mozilla/5.0 (compatible; DotBot/1.2; +https://opensiteexplorer.org/dotbot; help@moz.com)"
20.191.45.212 - - [23/Oct/2021:12:41:16 -0700] "GET / HTTP/1.1" 200 13187 "http://www.secrepo.com/" "Mozilla/5.0 (compatible; DuckDuckGo-Favicons-Bot/1.0; +http://duckduckgo.com)"
20.191.45.212 - - [23/Oct/2021:12:41:16 -0700] "GET /bootstrap/img/favicon.ico HTTP/1.1" 200 690 "http://www.secrepo.com/bootstrap/img/favicon.ico" "Mozilla/5.0 (compatible; DuckDuckGo-Favicons-Bot/1.0; +http://duckduckgo.com)"
173.231.60.198 - - [23/Oct/2021:12:45:42 -0700] "GET /robots.txt HTTP/1.1" 200 340 "-" "Mozilla/5.0 (compatible; Adsbot/3.1; +https://seostar.co/robot/)"
173.231.60.198 - - [23/Oct/2021:12:45:48 -0700] "GET /self.logs/error.log.2020-05-22 HTTP/1.1" 200 314 "http://www.secrepo.com/" "Mozilla/5.0 (compatible; Adsbot/3.1; +https://seostar.co/robot/)"
173.231.60.198 - - [23/Oct/2021:12:45:53 -0700] "GET /self.logs/error.log.2020-05-24 HTTP/1.1" 200 314 "http://www.secrepo.com/" "Mozilla/5.0 (compatible; Adsbot/3.1; +https://seostar.co/robot/)"
173.231.60.198 - - [23/Oct/2021:12:45:58 -0700] "GET /self.logs/error.log.2020-05-25 HTTP/1.1" 200 314 "http://www.secrepo.com/" "Mozilla/5.0 (compatible; Adsbot/3.1; +https://seostar.co/robot/)"
173.231.60.198 - - [23/Oct/2021:12:46:04 -0700] "GET /self.logs/error.log.2020-05-26 HTTP/1.1" 200 314 "http://www.secrepo.com/" "Mozilla/5.0 (compatible; Adsbot/3.1; +https://seostar.co/robot/)"
173.231.60.198 - - [23/Oct/2021:12:46:09 -0700] "GET /self.logs/error.log.2020-05-27 HTTP/1.1" 200 314 "http://www.secrepo.com/" "Mozilla/5.0 (compatible; Adsbot/3.1; +https://seostar.co/robot/)"
173.231.60.198 - - [23/Oct/2021:12:46:14 -0700] "GET /self.logs/error.log.2020-05-28 HTTP/1.1" 200 314 "http://www.secrepo.com/" "Mozilla/5.0 (compatible; Adsbot/3.1; +https://seostar.co/robot/)"
173.231.60.198 - - [23/Oct/2021:12:46:19 -0700] "GET /self.logs/error.log.2020-05-29 HTTP/1.1" 200 314 "http://www.secrepo.com/" "Mozilla/5.0 (compatible; Adsbot/3.1; +https://seostar.co/robot/)"
173.231.60.198 - - [23/Oct/2021:12:46:24 -0700] "GET /self.logs/error.log.2020-05-30 HTTP/1.1" 200 314 "http://www.secrepo.com/" "Mozilla/5.0 (compatible; Adsbot/3.1; +https://seostar.co/robot/)"
173.231.60.198 - - [23/Oct/2021:12:46:29 -0700] "GET /self.logs/error.log.2020-05-31 HTTP/1.1" 200 314 "http://www.secrepo.com/" "Mozilla/5.0 (compatible; Adsbot/3.1; +https://seostar.co/robot/)"
173.231.60.198 - - [23/Oct/2021:12:46:35 -0700] "GET /self.logs/error.log.2020-06-01 HTTP/1.1" 200 314 "http://www.secrepo.com/" "Mozilla/5.0 (compatible; Adsbot/3.1; +https://seostar.co/robot/)"
173.231.60.198 - - [23/Oct/2021:12:46:40 -0700] "GET /self.logs/error.log.2020-06-02 HTTP/1.1" 200 314 "http://www.secrepo.com/" "Mozilla/5.0 (compatible; Adsbot/3.1; +https://seostar.co/robot/)"
173.231.60.198 - - [23/Oct/2021:12:46:45 -0700] "GET /self.logs/error.log.2020-06-03 HTTP/1.1" 200 314 "http://www.secrepo.com/" "Mozilla/5.0 (compatible; Adsbot/3.1; +https://seostar.co/robot/)"
173.231.60.198 - - [23/Oct/2021:12:46:50 -0700] "GET /self.logs/error.log.2020-06-04 HTTP/1.1" 200 314 "http://www.secrepo.com/" "Mozilla/5.0 (compatible; Adsbot/3.1; +https://seostar.co/robot/)"
173.231.60.198 - - [23/Oct/2021:12:46:55 -0700] "GET /self.logs/error.log.2020-06-05 HTTP/1.1" 200 314 "http://www.secrepo.com/" "Mozilla/5.0 (compatible; Adsbot/3.1; +https://seostar.co/robot/)"
173.231.60.198 - - [23/Oct/2021:12:47:01 -0700] "GET /self.logs/error.log.2020-06-06 HTTP/1.1" 200 314 "http://www.secrepo.com/" "Mozilla/5.0 (compatible; Adsbot/3.1; +https://seostar.co/robot/)"
173.231.60.198 - - [23/Oct/2021:12:47:06 -0700] "GET /self.logs/error.log.2020-06-07 HTTP/1.1" 200 314 "http://www.secrepo.com/" "Mozilla/5.0 (compatible; Adsbot/3.1; +https://seostar.co/robot/)"
173.231.60.198 - - [23/Oct/2021:12:47:11 -0700] "GET /self.logs/error.log.2020-06-08 HTTP/1.1" 200 314 "http://www.secrepo.com/" "Mozilla/5.0 (compatible; Adsbot/3.1; +https://seostar.co/robot/)"
173.231.60.198 - - [23/Oct/2021:12:47:16 -0700] "GET /self.logs/error.log.2020-06-09 HTTP/1.1" 200 314 "http://www.secrepo.com/" "Mozilla/5.0 (compatible; Adsbot/3.1; +https://seostar.co/robot/)"
173.231.60.198 - - [23/Oct/2021:12:47:21 -0700] "GET /self.logs/error.log.2020-06-10 HTTP/1.1" 200 314 "http://www.secrepo.com/" "Mozilla/5.0 (compatible; Adsbot/3.1; +https://seostar.co/robot/)"
173.231.60.198 - - [23/Oct/2021:12:47:26 -0700] "GET /self.logs/error.log.2020-06-11 HTTP/1.1" 200 314 "http://www.secrepo.com/" "Mozilla/5.0 (compatible; Adsbot/3.1; +https://seostar.co/robot/)"
173.231.60.198 - - [23/Oct/2021:12:47:32 -0700] "GET /self.logs/error.log.2020-06-12 HTTP/1.1" 200 314 "http://www.secrepo.com/" "Mozilla/5.0 (compatible; Adsbot/3.1; +https://seostar.co/robot/)"
173.231.60.198 - - [23/Oct/2021:12:47:37 -0700] "GET /self.logs/error.log.2020-06-13 HTTP/1.1" 200 314 "http://www.secrepo.com/" "Mozilla/5.0 (compatible; Adsbot/3.1; +https://seostar.co/robot/)"
173.231.60.198 - - [23/Oct/2021:12:47:42 -0700] "GET /self.logs/error.log.2020-06-14 HTTP/1.1" 200 314 "http://www.secrepo.com/" "Mozilla/5.0 (compatible; Adsbot/3.1; +https://seostar.co/robot/)"
173.231.60.198 - - [23/Oct/2021:12:47:47 -0700] "GET /self.logs/error.log.2020-06-15 HTTP/1.1" 200 314 "http://www.secrepo.com/" "Mozilla/5.0 (compatible; Adsbot/3.1; +https://seostar.co/robot/)"
173.231.60.198 - - [23/Oct/2021:12:47:52 -0700] "GET /self.logs/error.log.2020-06-16 HTTP/1.1" 200 314 "http://www.secrepo.com/" "Mozilla/5.0 (compatible; Adsbot/3.1; +https://seostar.co/robot/)"
173.231.60.198 - - [23/Oct/2021:12:47:57 -0700] "GET /self.logs/error.log.2020-06-18 HTTP/1.1" 200 314 "http://www.secrepo.com/" "Mozilla/5.0 (compatible; Adsbot/3.1; +https://seostar.co/robot/)"
173.231.60.198 - - [23/Oct/2021:12:48:02 -0700] "GET /self.logs/error.log.2020-06-19 HTTP/1.1" 200 314 "http://www.secrepo.com/" "Mozilla/5.0 (compatible; Adsbot/3.1; +https://seostar.co/robot/)"
173.231.60.198 - - [23/Oct/2021:12:48:08 -0700] "GET /self.logs/error.log.2020-06-20 HTTP/1.1" 200 314 "http://www.secrepo.com/" "Mozilla/5.0 (compatible; Adsbot/3.1; +https://seostar.co/robot/)"
173.231.60.198 - - [23/Oct/2021:12:48:13 -0700] "GET /self.logs/error.log.2020-06-21 HTTP/1.1" 200 314 "http://www.secrepo.com/" "Mozilla/5.0 (compatible; Adsbot/3.1; +https://seostar.co/robot/)"
173.231.60.198 - - [23/Oct/2021:12:48:18 -0700] "GET /self.logs/error.log.2020-06-22 HTTP/1.1" 200 314 "http://www.secrepo.com/" "Mozilla/5.0 (compatible; Adsbot/3.1; +https://seostar.co/robot/)"
173.231.60.198 - - [23/Oct/2021:12:48:23 -0700] "GET /self.logs/error.log.2020-06-23 HTTP/1.1" 200 314 "http://www.secrepo.com/" "Mozilla/5.0 (compatible; Adsbot/3.1; +https://seostar.co/robot/)"
173.231.60.198 - - [23/Oct/2021:12:48:28 -0700] "GET /self.logs/error.log.2020-06-24 HTTP/1.1" 200 314 "http://www.secrepo.com/" "Mozilla/5.0 (compatible; Adsbot/3.1; +https://seostar.co/robot/)"
173.231.60.198 - - [23/Oct/2021:12:48:34 -0700] "GET /self.logs/error.log.2020-06-25 HTTP/1.1" 200 314 "http://www.secrepo.com/" "Mozilla/5.0 (compatible; Adsbot/3.1; +https://seostar.co/robot/)"
173.231.60.198 - - [23/Oct/2021:12:48:39 -0700] "GET /self.logs/error.log.2020-06-27 HTTP/1.1" 200 314 "http://www.secrepo.com/" "Mozilla/5.0 (compatible; Adsbot/3.1; +https://seostar.co/robot/)"
173.231.60.198 - - [23/Oct/2021:12:48:44 -0700] "GET /self.logs/error.log.2020-06-28 HTTP/1.1" 200 314 "http://www.secrepo.com/" "Mozilla/5.0 (compatible; Adsbot/3.1; +https://seostar.co/robot/)"
173.231.60.198 - - [23/Oct/2021:12:48:49 -0700] "GET /self.logs/error.log.2020-06-29 HTTP/1.1" 200 314 "http://www.secrepo.com/" "Mozilla/5.0 (compatible; Adsbot/3.1; +https://seostar.co/robot/)"
173.231.60.198 - - [23/Oct/2021:12:48:55 -0700] "GET /self.logs/error.log.2020-07-01 HTTP/1.1" 200 314 "http://www.secrepo.com/" "Mozilla/5.0 (compatible; Adsbot/3.1; +https://seostar.co/robot/)"
173.231.60.198 - - [23/Oct/2021:12:49:00 -0700] "GET /self.logs/error.log.2020-07-02 HTTP/1.1" 200 314 "http://www.secrepo.com/" "Mozilla/5.0 (compatible; Adsbot/3.1; +https://seostar.co/robot/)"
