164.68.96.84 - - [23/Oct/2021:21:32:50 -0700] "GET /Datasets%20Description/Network/ssl.html HTTP/1.1" 200 5065 "-" "Mozilla/5.0 (compatible; MSIE 9.0; Windows NT 6.1; WOW64; Trident/5.0; chromeframe/12.0.742.112)"
164.68.96.84 - - [23/Oct/2021:21:34:24 -0700] "GET /pe_static/zeus.zip HTTP/1.1" 200 78840 "-" "Mozilla/5.0 (Windows NT 6.1; WOW64; rv:29.0) Gecko/20120101 Firefox/29.0"
164.68.96.84 - - [23/Oct/2021:21:35:31 -0700] "GET /maccdc2012/maccdc2012_fast_alert.7z HTTP/1.1" 200 73000 "-" "Mozilla/5.0 (compatible, MSIE 11, Windows NT 6.3; Trident/7.0; rv:11.0) like Gecko"
164.68.96.84 - - [23/Oct/2021:21:38:49 -0700] "GET /squid/access.log.gz HTTP/1.1" 200 78840 "-" "Mozilla/5.0 (Macintosh; Intel Mac OS X 10_6_8) AppleWebKit/537.13+ (KHTML, like Gecko) Version/5.1.7 Safari/534.57.2"
164.68.96.84 - - [23/Oct/2021:21:38:58 -0700] "GET /Datasets%20Description/HTML_Bro_log_1 HTTP/1.1" 301 563 "-" "Opera/9.80 (Windows NT 6.1; U; es-ES) Presto/2.9.181 Version/12.00"
164.68.96.84 - - [23/Oct/2021:21:38:58 -0700] "GET /Datasets%20Description/HTML_Bro_log_1/ HTTP/1.1" 200 1863 "-" "Opera/9.80 (Windows NT 6.1; U; es-ES) Presto/2.9.181 Version/12.00"
164.68.96.84 - - [23/Oct/2021:21:39:00 -0700] "GET /Datasets%20Description/Network/ssh.html HTTP/1.1" 200 3874 "-" "Mozilla/5.0 (Windows NT 6.1; rv:21.0) Gecko/20100101 Firefox/21.0"
164.68.96.84 - - [23/Oct/2021:21:39:35 -0700] "GET /Datasets%20Description/PE_malware/OPCleaver.html HTTP/1.1" 200 4239 "-" "Mozilla/5.0 (X11; Linux i686; rv:21.0) Gecko/20100101 Firefox/21.0"
164.68.96.84 - - [23/Oct/2021:21:39:52 -0700] "GET /domaindata/domainmovement.zip HTTP/1.1" 200 78840 "-" "Opera/9.80 (Windows NT 6.0; U; pl) Presto/2.10.229 Version/11.62"
164.68.96.84 - - [23/Oct/2021:21:42:51 -0700] "GET /honeypot/honeypot.json.zip HTTP/1.1" 200 78840 "-" "Mozilla/5.0 (Macintosh; Intel Mac OS X 10.8; rv:21.0) Gecko/20100101 Firefox/21.0"
164.68.96.84 - - [23/Oct/2021:21:42:55 -0700] "GET /Datasets%20Description/Network/signatures.html HTTP/1.1" 404 284 "-" "Mozilla/5.0 (Linux; U; Android 4.0.3; ko-kr; LG-L160L Build/IML74K) AppleWebkit/534.30 (KHTML, like Gecko) Version/4.0 Mobile Safari/534.30"
27.147.223.70 - - [23/Oct/2021:21:43:41 -0700] "GET /Security-Data-Analysis/Lab_1/conn.log.zip HTTP/1.1" 200 78840 "-" "Mozilla/5.0 (Windows NT 10.0; Win64; x64) AppleWebKit/537.36 (KHTML, like Gecko) Chrome/94.0.4606.81 Safari/537.36"
27.147.223.70 - - [23/Oct/2021:21:43:44 -0700] "GET /Security-Data-Analysis/Lab_1/conn.log.zip HTTP/1.1" 206 447 "-" "Mozilla/5.0 (Windows NT 10.0; Win64; x64) AppleWebKit/537.36 (KHTML, like Gecko) Chrome/94.0.4606.81 Safari/537.36"
27.147.223.70 - - [23/Oct/2021:21:43:45 -0700] "GET /Security-Data-Analysis/Lab_1/conn.log.zip HTTP/1.1" 206 78840 "-" "Mozilla/5.0 (Windows NT 10.0; Win64; x64) AppleWebKit/537.36 (KHTML, like Gecko) Chrome/94.0.4606.81 Safari/537.36"
164.68.96.84 - - [23/Oct/2021:21:43:49 -0700] "GET /maccdc2012/dhcp.log.gz HTTP/1.1" 200 44933 "-" "Mozilla/5.0 (compatible; MSIE 10.0; Windows NT 6.1; Trident/5.0)"
164.68.96.84 - - [23/Oct/2021:21:44:45 -0700] "GET /maccdc2012/ssl.log.gz HTTP/1.1" 200 78840 "-" "Mozilla/5.0 (compatible; MSIE 9.0; Windows NT 6.1; Trident/5.0; yie8)"
35.188.112.169 - - [23/Oct/2021:21:44:50 -0700] "GET /.env HTTP/1.1" 301 483 "-" "Mozilla/5.0 (X11; Linux x86_64) AppleWebKit/537.36 (KHTML, like Gecko) Chrome/81.0.4044.129 Safari/537.36"
35.188.112.169 - - [23/Oct/2021:21:45:16 -0700] "POST / HTTP/1.1" 301 475 "-" "Mozilla/5.0 (X11; Linux x86_64) AppleWebKit/537.36 (KHTML, like Gecko) Chrome/81.0.4044.129 Safari/537.36"
164.68.96.84 - - [23/Oct/2021:21:46:32 -0700] "GET /Datasets%20Description/Network/weird.html HTTP/1.1" 200 4349 "-" "Mozilla/5.0 (compatible; MSIE 9.0; Windows NT 6.1; Trident/5.0; SLCC2; .NET CLR 2.0.50727; .NET CLR 3.5.30729; .NET CLR 3.0.30729; Media Center PC 6.0; InfoPath.2; .NET CLR 1.1.4322; .NET4.0C; Tablet PC 2.0)"
164.68.96.84 - - [23/Oct/2021:21:46:47 -0700] "GET /tg/b.zip HTTP/1.1" 200 78840 "-" "Mozilla/5.0 (Windows NT 6.1; Win64; x64; rv:25.0) Gecko/20100101 Firefox/25.0"
164.68.96.84 - - [23/Oct/2021:21:50:38 -0700] "GET /Datasets%20Description/Network/smtp.html HTTP/1.1" 200 5829 "-" "Mozilla/5.0 (compatible; MSIE 9.0; Windows NT 6.1; Trident/5.0; chromeframe/13.0.782.215)"
216.244.66.245 - - [23/Oct/2021:21:51:01 -0700] "GET /robots.txt HTTP/1.1" 200 333 "-" "Mozilla/5.0 (compatible; DotBot/1.2; +https://opensiteexplorer.org/dotbot; help@moz.com)"
164.68.96.84 - - [23/Oct/2021:21:51:16 -0700] "GET /maccdc2012/ftp.log.gz HTTP/1.1" 200 78840 "-" "Mozilla/5.0 (compatible, MSIE 11, Windows NT 6.3; Trident/7.0; rv:11.0) like Gecko"
164.68.96.84 - - [23/Oct/2021:21:51:54 -0700] "GET /Datasets%20Description/Network/dns.html HTTP/1.1" 200 5435 "-" "Mozilla/5.0 (compatible; MSIE 9.0; Windows NT 6.1; Trident/5.0; SLCC2; .NET CLR 2.0.50727; .NET CLR 3.5.30729; .NET CLR 3.0.30729; Media Center PC 6.0; InfoPath.2; .NET CLR 1.1.4322; .NET4.0C; Tablet PC 2.0)"
164.68.96.84 - - [23/Oct/2021:21:52:46 -0700] "GET / HTTP/1.1" 301 475 "-" "Mozilla/5.0 (X11; Linux i686; rv:21.0) Gecko/20100101 Firefox/21.0"
164.68.96.84 - - [23/Oct/2021:21:52:47 -0700] "GET / HTTP/1.1" 200 49089 "-" "Mozilla/5.0 (X11; Linux i686; rv:21.0) Gecko/20100101 Firefox/21.0"
164.68.96.84 - - [23/Oct/2021:21:52:57 -0700] "GET /maccdc2012/http.log.gz HTTP/1.1" 200 78840 "-" "Mozilla/5.0 (compatible; MSIE 10.0; Windows NT 6.1; Trident/6.0)"
206.47.249.246 - - [23/Oct/2021:21:53:01 -0700] "GET /self.logs/error.log.2019-04-23.gz HTTP/1.1" 304 280 "-" "Mozilla/4.0 (compatible;)"
65.21.165.219 - - [23/Oct/2021:21:54:00 -0700] "GET / HTTP/1.1" 301 475 "-" "Mozilla/5.0 (Windows NT 10.0; Win64; x64) AppleWebKit/537.36 (KHTML, like Gecko) Chrome/94.0.4606.71 Safari/537.36"
65.21.165.219 - - [23/Oct/2021:21:54:00 -0700] "GET / HTTP/1.1" 200 13187 "-" "Mozilla/5.0 (Windows NT 10.0; Win64; x64) AppleWebKit/537.36 (KHTML, like Gecko) Chrome/94.0.4606.71 Safari/537.36"
65.21.165.219 - - [23/Oct/2021:21:54:01 -0700] "GET /css/style.css HTTP/1.1" 404 305 "http://www.secrepo.com/" "Mozilla/5.0 (Windows NT 10.0; Win64; x64) AppleWebKit/537.36 (KHTML, like Gecko) Chrome/94.0.4606.71 Safari/537.36"
65.21.165.219 - - [23/Oct/2021:21:54:01 -0700] "GET /twitter-icon.png HTTP/1.1" 200 27916 "http://www.secrepo.com/" "Mozilla/5.0 (Windows NT 10.0; Win64; x64) AppleWebKit/537.36 (KHTML, like Gecko) Chrome/94.0.4606.71 Safari/537.36"
65.21.165.219 - - [23/Oct/2021:21:54:01 -0700] "GET /GitHub-Mark.png HTTP/1.1" 200 7556 "http://www.secrepo.com/" "Mozilla/5.0 (Windows NT 10.0; Win64; x64) AppleWebKit/537.36 (KHTML, like Gecko) Chrome/94.0.4606.71 Safari/537.36"
65.21.165.219 - - [23/Oct/2021:21:54:03 -0700] "GET / HTTP/1.1" 200 13187 "http://www.secrepo.com/" "Mozilla/5.0 (X11; Linux x86_64) AppleWebKit/537.36 (KHTML, like Gecko) HeadlessChrome/91.0.4469.0 Safari/537.36"
65.21.165.219 - - [23/Oct/2021:21:54:03 -0700] "GET /css/style.css HTTP/1.1" 404 305 "http://www.secrepo.com/" "Mozilla/5.0 (X11; Linux x86_64) AppleWebKit/537.36 (KHTML, like Gecko) HeadlessChrome/91.0.4469.0 Safari/537.36"
65.21.165.219 - - [23/Oct/2021:21:54:03 -0700] "GET /twitter-icon.png HTTP/1.1" 304 281 "http://www.secrepo.com/" "Mozilla/5.0 (X11; Linux x86_64) AppleWebKit/537.36 (KHTML, like Gecko) HeadlessChrome/91.0.4469.0 Safari/537.36"
65.21.165.219 - - [23/Oct/2021:21:54:03 -0700] "GET /GitHub-Mark.png HTTP/1.1" 304 271 "http://www.secrepo.com/" "Mozilla/5.0 (X11; Linux x86_64) AppleWebKit/537.36 (KHTML, like Gecko) HeadlessChrome/91.0.4469.0 Safari/537.36"
164.68.96.84 - - [23/Oct/2021:21:55:28 -0700] "GET /Datasets%20Description/Network/tunnel.html HTTP/1.1" 200 3824 "-" "Mozilla/5.0 (Macintosh; Intel Mac OS X 10.8; rv:24.0) Gecko/20100101 Firefox/24.0"
164.68.96.84 - - [23/Oct/2021:21:55:42 -0700] "GET /Datasets%20Description/Network/dhcp.html HTTP/1.1" 200 3961 "-" "Opera/9.80 (Windows NT 5.1; U; zh-sg) Presto/2.9.181 Version/12.00"
164.68.96.84 - - [23/Oct/2021:21:56:43 -0700] "GET /tg/tg_snort_full.7z HTTP/1.1" 200 78840 "-" "Mozilla/5.0 (Windows NT 6.1; rv:27.3) Gecko/20130101 Firefox/27.3"
164.68.96.84 - - [23/Oct/2021:21:57:30 -0700] "GET /Datasets%20Description/HTML_Bro_log_3 HTTP/1.1" 301 563 "-" "Mozilla/5.0 (compatible; MSIE 9.0; Windows NT 6.1; Win64; x64; Trident/5.0; .NET CLR 3.5.30729; .NET CLR 3.0.30729; .NET CLR 2.0.50727; Media Center PC 6.0)"
164.68.96.84 - - [23/Oct/2021:21:57:31 -0700] "GET /Datasets%20Description/HTML_Bro_log_3/ HTTP/1.1" 200 1785 "-" "Mozilla/5.0 (compatible; MSIE 9.0; Windows NT 6.1; Win64; x64; Trident/5.0; .NET CLR 3.5.30729; .NET CLR 3.0.30729; .NET CLR 2.0.50727; Media Center PC 6.0)"
216.244.66.245 - - [23/Oct/2021:21:58:18 -0700] "GET /self.logs/access.log.2021-01-25.gz HTTP/1.1" 200 20107 "-" "Mozilla/5.0 (compatible; DotBot/1.2; +https://opensiteexplorer.org/dotbot; help@moz.com)"
216.244.66.245 - - [23/Oct/2021:21:58:23 -0700] "GET /self.logs/access.log.2021-06-16.gz HTTP/1.1" 200 27413 "-" "Mozilla/5.0 (compatible; DotBot/1.2; +https://opensiteexplorer.org/dotbot; help@moz.com)"
216.244.66.245 - - [23/Oct/2021:21:58:37 -0700] "GET /self.logs/access.log.2020-09-07.gz HTTP/1.1" 200 29414 "-" "Mozilla/5.0 (compatible; DotBot/1.2; +https://opensiteexplorer.org/dotbot; help@moz.com)"
164.68.96.84 - - [23/Oct/2021:21:58:41 -0700] "GET /Datasets%20Description/PE_malware/Zeus.html HTTP/1.1" 200 4606 "-" "Mozilla/5.0 (compatible; MSIE 9.0; Windows NT 6.1; WOW64; Trident/5.0; chromeframe/12.0.742.112)"
216.244.66.245 - - [23/Oct/2021:21:58:41 -0700] "GET /self.logs/access.log.2020-12-20.gz HTTP/1.1" 200 23722 "-" "Mozilla/5.0 (compatible; DotBot/1.2; +https://opensiteexplorer.org/dotbot; help@moz.com)"
164.68.96.84 - - [23/Oct/2021:22:00:48 -0700] "GET / HTTP/1.1" 200 49133 "-" "Mozilla/5.0 (compatible; MSIE 10.0; Windows NT 6.1; Trident/4.0; InfoPath.2; SV1; .NET CLR 2.0.50727; WOW64)"
51.83.111.190 - - [23/Oct/2021:22:01:00 -0700] "GET /honeypot/BSidesDFW%20-%202014.ipynb HTTP/1.1" 301 481 "-" "Tornado-Async-Client"
157.55.39.66 - - [23/Oct/2021:22:02:27 -0700] "GET /robots.txt HTTP/1.1" 200 377 "-" "Mozilla/5.0 (compatible; bingbot/2.0; +http://www.bing.com/bingbot.htm)"
207.46.13.95 - - [23/Oct/2021:22:02:38 -0700] "GET /maccdc2012/http.log.gz HTTP/1.1" 200 10958400 "-" "Mozilla/5.0 (compatible; bingbot/2.0; +http://www.bing.com/bingbot.htm)"
164.68.96.84 - - [23/Oct/2021:22:04:00 -0700] "GET /pe_static/apt1.zip HTTP/1.1" 200 78840 "-" "Opera/9.80 (Windows NT 6.0) Presto/2.12.388 Version/12.14"
207.46.13.95 - - [23/Oct/2021:22:05:56 -0700] "GET /self.logs/access.log.2017-01-06.gz HTTP/1.1" 200 20623 "-" "Mozilla/5.0 (compatible; bingbot/2.0; +http://www.bing.com/bingbot.htm)"
164.68.96.84 - - [23/Oct/2021:22:06:41 -0700] "GET /Datasets%20Description/Network/ftp.html HTTP/1.1" 200 4947 "-" "Mozilla/5.0 (Windows NT 6.2; rv:22.0) Gecko/20130405 Firefox/22.0"
164.68.96.84 - - [23/Oct/2021:22:08:27 -0700] "GET /tg/c.zip HTTP/1.1" 200 78840 "-" "Mozilla/5.0 (Windows NT 6.1; WOW64; Trident/7.0; AS; rv:11.0) like Gecko"
171.216.91.218 - - [23/Oct/2021:22:09:43 -0700] "POST /admin/index.asp HTTP/1.1" 404 328 "http://misc.yahoo.com.cn/" "Mozilla/5.0+(compatible;+Baispider/2.0;++http://www.bai.com/search/spider.html)"
171.216.91.218 - - [23/Oct/2021:22:09:43 -0700] "POST /admin/index.asp HTTP/1.1" 418 746 "http://misc.yahoo.com.cn/" "Mozilla/5.0+(compatible;+Baispider/2.0;++http://www.bai.com/search/spider.html)"
17.121.113.167 - - [23/Oct/2021:22:10:38 -0700] "GET /Datasets%20Description/Network/weird.html HTTP/1.1" 200 1601 "-" "Mozilla/5.0 (Macintosh; Intel Mac OS X 10_15_5) AppleWebKit/605.1.15 (KHTML, like Gecko) Version/13.1.1 Safari/605.1.15 (Applebot/0.1; +http://www.apple.com/go/applebot)"
164.68.96.84 - - [23/Oct/2021:22:12:06 -0700] "GET /Datasets%20Description/Network/files.html HTTP/1.1" 200 5091 "-" "Mozilla/5.0 (Windows NT 6.2; WOW64; rv:21.0) Gecko/20130514 Firefox/21.0"
164.68.96.84 - - [23/Oct/2021:22:12:25 -0700] "GET /Datasets%20Description/HTML_Bro_log_2 HTTP/1.1" 301 563 "-" "Mozilla/5.0 (Windows NT 5.1; rv:21.0) Gecko/20130331 Firefox/21.0"
164.68.96.84 - - [23/Oct/2021:22:12:26 -0700] "GET /Datasets%20Description/HTML_Bro_log_2/ HTTP/1.1" 200 1863 "-" "Mozilla/5.0 (Windows NT 5.1; rv:21.0) Gecko/20130331 Firefox/21.0"
51.222.253.19 - - [23/Oct/2021:22:12:31 -0700] "GET / HTTP/1.1" 200 13142 "-" "Mozilla/5.0 (compatible; AhrefsBot/7.0; +http://ahrefs.com/robot/)"
164.68.96.84 - - [23/Oct/2021:22:14:52 -0700] "GET /Datasets%20Description/Network/http.html HTTP/1.1" 200 5961 "-" "Mozilla/5.0 (Windows; U; MSIE 9.0; WIndows NT 9.0; en-US))"
164.68.96.84 - - [23/Oct/2021:22:15:43 -0700] "GET /maccdc2012/weird.log.gz HTTP/1.1" 200 78840 "-" "Mozilla/5.0 (Windows NT 6.1; WOW64; rv:21.0) Gecko/20130401 Firefox/21.0"
164.68.96.84 - - [23/Oct/2021:22:15:50 -0700] "GET /scada/scada_logs.zip HTTP/1.1" 200 78840 "-" "Opera/12.80 (Windows NT 5.1; U; en) Presto/2.10.289 Version/12.02"
164.68.96.84 - - [23/Oct/2021:22:19:34 -0700] "GET /Datasets%20Description/Network/notice.html HTTP/1.1" 200 5412 "-" "Mozilla/5.0 (Windows NT 6.1; Win64; x64; rv:25.0) Gecko/20100101 Firefox/29.0"
164.68.96.84 - - [23/Oct/2021:22:20:21 -0700] "GET /maccdc2012/tunnel.log.gz HTTP/1.1" 200 5238 "-" "Mozilla/5.0 (Windows NT 6.1; Win64; x64; rv:22.0) Gecko/20130328 Firefox/22.0"
164.68.96.84 - - [23/Oct/2021:22:21:57 -0700] "GET /maccdc2012/notice.log.gz HTTP/1.1" 200 20753 "-" "Mozilla/5.0 (Windows NT 6.1; Win64; x64; rv:25.0) Gecko/20100101 Firefox/25.0"
164.68.96.84 - - [23/Oct/2021:22:27:15 -0700] "GET /maccdc2012/maccdc2012_full_alert.7z HTTP/1.1" 200 78840 "-" "Mozilla/5.0 (Windows NT 6.1; WOW64; rv:23.0) Gecko/20130406 Firefox/23.0"
164.68.96.84 - - [23/Oct/2021:22:28:16 -0700] "GET /tg/a.zip HTTP/1.1" 200 78840 "-" "Mozilla/5.0 (compatible; MSIE 9.0; Windows NT 6.1; Win64; x64; Trident/5.0"
164.68.96.84 - - [23/Oct/2021:22:30:47 -0700] "GET /self.logs/ HTTP/1.1" 200 325253 "-" "Mozilla/5.0 (Windows NT 6.0; WOW64; rv:24.0) Gecko/20100101 Firefox/24.0"
164.68.96.84 - - [23/Oct/2021:22:32:43 -0700] "GET /maccdc2012/ssh.log.gz HTTP/1.1" 200 78840 "-" "Mozilla/5.0 (X11; Ubuntu; Linux x86_64; rv:24.0) Gecko/20100101 Firefox/24.0"
17.121.115.251 - - [23/Oct/2021:22:35:55 -0700] "GET /self.logs/error.log.2019-10-13 HTTP/1.1" 200 307 "-" "Mozilla/5.0 (Macintosh; Intel Mac OS X 10_15_5) AppleWebKit/605.1.15 (KHTML, like Gecko) Version/13.1.1 Safari/605.1.15 (Applebot/0.1; +http://www.apple.com/go/applebot)"
216.244.66.245 - - [23/Oct/2021:22:35:58 -0700] "GET /robots.txt HTTP/1.1" 200 333 "-" "Mozilla/5.0 (compatible; DotBot/1.2; +https://opensiteexplorer.org/dotbot; help@moz.com)"
116.179.32.29 - - [23/Oct/2021:22:36:29 -0700] "GET / HTTP/1.1" 301 438 "-" "Mozilla/5.0 (Linux;u;Android 4.2.2;zh-cn;) AppleWebKit/534.46 (KHTML,like Gecko) Version/5.1 Mobile Safari/10600.6.3 (compatible; Baiduspider/2.0; +http://www.baidu.com/search/spider.html)"
116.179.32.40 - - [23/Oct/2021:22:36:29 -0700] "GET / HTTP/1.1" 301 438 "-" "Mozilla/5.0 (compatible; Baiduspider/2.0; +http://www.baidu.com/search/spider.html)"
116.179.32.19 - - [23/Oct/2021:22:36:30 -0700] "GET / HTTP/1.1" 200 13150 "-" "Mozilla/5.0 (Linux;u;Android 4.2.2;zh-cn;) AppleWebKit/534.46 (KHTML,like Gecko) Version/5.1 Mobile Safari/10600.6.3 (compatible; Baiduspider/2.0; +http://www.baidu.com/search/spider.html)"
116.179.32.197 - - [23/Oct/2021:22:36:30 -0700] "GET / HTTP/1.1" 200 13150 "-" "Mozilla/5.0 (compatible; Baiduspider/2.0; +http://www.baidu.com/search/spider.html)"
116.179.37.157 - - [23/Oct/2021:22:36:31 -0700] "GET /css/style.css HTTP/1.1" 404 291 "http://www.secrepo.com/" "Mozilla/5.0 (iPhone; CPU iPhone OS 9_1 like Mac OS X) AppleWebKit/601.1.46 (KHTML, like Gecko) Version/9.0 Mobile/13B143 Safari/601.1 (compatible; Baiduspider-render/2.0; +http://www.baidu.com/search/spider.html)"
116.179.37.26 - - [23/Oct/2021:22:36:31 -0700] "GET /css/style.css HTTP/1.1" 404 291 "http://www.secrepo.com/" "Mozilla/5.0 (compatible; Baiduspider-render/2.0; +http://www.baidu.com/search/spider.html)"
220.181.51.92 - - [23/Oct/2021:22:37:00 -0700] "GET /robots.txt HTTP/1.1" 301 458 "-" "Mozilla/5.0 (Windows NT 10.0; WOW64) AppleWebKit/537.36 (KHTML, like Gecko) Chrome/48.0.2564.116 Safari/537.36"
220.181.51.94 - - [23/Oct/2021:22:37:01 -0700] "GET /robots.txt HTTP/1.1" 200 340 "-" "Mozilla/5.0 (Windows NT 10.0; WOW64) AppleWebKit/537.36 (KHTML, like Gecko) Chrome/48.0.2564.116 Safari/537.36"
77.75.78.164 - - [23/Oct/2021:22:41:15 -0700] "GET /robots.txt HTTP/1.1" 200 377 "-" "Mozilla/5.0 (compatible; SeznamBot/3.2; +http://napoveda.seznam.cz/en/seznambot-intro/)"
77.75.78.164 - - [23/Oct/2021:22:41:16 -0700] "GET /Datasets%20Description/PE_malware/OPCleaver.html HTTP/1.1" 304 266 "-" "Mozilla/5.0 (compatible; SeznamBot/3.2; +http://napoveda.seznam.cz/en/seznambot-intro/)"
216.244.66.245 - - [23/Oct/2021:22:43:09 -0700] "GET /self.logs/access.log.2021-02-07.gz HTTP/1.1" 200 27679 "-" "Mozilla/5.0 (compatible; DotBot/1.2; +https://opensiteexplorer.org/dotbot; help@moz.com)"
216.244.66.245 - - [23/Oct/2021:22:43:15 -0700] "GET /self.logs/access.log.2021-05-17.gz HTTP/1.1" 200 27170 "-" "Mozilla/5.0 (compatible; DotBot/1.2; +https://opensiteexplorer.org/dotbot; help@moz.com)"
216.244.66.245 - - [23/Oct/2021:22:43:19 -0700] "GET /self.logs/access.log.2021-06-19.gz HTTP/1.1" 200 18745 "-" "Mozilla/5.0 (compatible; DotBot/1.2; +https://opensiteexplorer.org/dotbot; help@moz.com)"
107.174.59.226 - - [23/Oct/2021:22:43:23 -0700] "GET /bootstrap/img/favicon.ico HTTP/1.1" 200 676 "-" "Mozilla/5.0 (Windows NT 10.0; Win64; x64) AppleWebKit/537.36 (KHTML, like Gecko) Chrome/95.0.4638.54 Safari/537.36 Edg/95.0.1020.30"
216.244.66.245 - - [23/Oct/2021:22:43:24 -0700] "GET /self.logs/access.log.2020-10-10.gz HTTP/1.1" 200 28405 "-" "Mozilla/5.0 (compatible; DotBot/1.2; +https://opensiteexplorer.org/dotbot; help@moz.com)"
216.244.66.245 - - [23/Oct/2021:22:43:27 -0700] "GET /self.logs/access.log.2020-10-24.gz HTTP/1.1" 200 23085 "-" "Mozilla/5.0 (compatible; DotBot/1.2; +https://opensiteexplorer.org/dotbot; help@moz.com)"
216.244.66.245 - - [23/Oct/2021:22:43:30 -0700] "GET /self.logs/access.log.2020-12-08.gz HTTP/1.1" 200 33366 "-" "Mozilla/5.0 (compatible; DotBot/1.2; +https://opensiteexplorer.org/dotbot; help@moz.com)"
144.126.133.141 - - [23/Oct/2021:22:49:11 -0700] "GET / HTTP/1.0" 301 438 "-" "Mozilla/5.0 (iPad; U; CPU OS 3_2 like Mac OS X; en-us) AppleWebKit/531.21.10 (KHTML, like Gecko) Version/4.0.4 Mobile/7B334b Safari/531.21.102011-10-16 20:23:10"
144.126.133.141 - - [23/Oct/2021:22:49:11 -0700] "GET / HTTP/1.0" 200 49096 "-" "Mozilla/5.0 (iPad; U; CPU OS 3_2 like Mac OS X; en-us) AppleWebKit/531.21.10 (KHTML, like Gecko) Version/4.0.4 Mobile/7B334b Safari/531.21.102011-10-16 20:23:10"
51.222.253.3 - - [23/Oct/2021:22:50:35 -0700] "GET /self.logs/error.log.2020-09-27 HTTP/1.1" 200 307 "-" "Mozilla/5.0 (compatible; AhrefsBot/7.0; +http://ahrefs.com/robot/)"
118.184.177.112 - - [23/Oct/2021:22:51:20 -0700] "GET / HTTP/1.1" 200 13150 "-" "Sogou web spider/4.0(+http://www.sogou.com/docs/help/webmasters.htm#07)"
183.207.4.249 - - [23/Oct/2021:22:56:54 -0700] "GET / HTTP/1.1" 301 475 "-" "Mozilla/5.0 (Windows NT 10.0; Win64; x64) AppleWebKit/537.36 (KHTML, like Gecko) Chrome/94.0.4606.54 Safari/537.36"
183.207.4.249 - - [23/Oct/2021:22:56:55 -0700] "GET / HTTP/1.1" 200 13187 "-" "Mozilla/5.0 (Windows NT 10.0; Win64; x64) AppleWebKit/537.36 (KHTML, like Gecko) Chrome/94.0.4606.54 Safari/537.36"
183.207.4.249 - - [23/Oct/2021:22:56:57 -0700] "GET /css/style.css HTTP/1.1" 404 328 "http://www.secrepo.com/" "Mozilla/5.0 (Windows NT 10.0; Win64; x64) AppleWebKit/537.36 (KHTML, like Gecko) Chrome/94.0.4606.54 Safari/537.36"
183.207.4.249 - - [23/Oct/2021:22:56:57 -0700] "GET /twitter-icon.png HTTP/1.1" 200 27893 "http://www.secrepo.com/" "Mozilla/5.0 (Windows NT 10.0; Win64; x64) AppleWebKit/537.36 (KHTML, like Gecko) Chrome/94.0.4606.54 Safari/537.36"
183.207.4.249 - - [23/Oct/2021:22:56:57 -0700] "GET /GitHub-Mark.png HTTP/1.1" 200 7533 "http://www.secrepo.com/" "Mozilla/5.0 (Windows NT 10.0; Win64; x64) AppleWebKit/537.36 (KHTML, like Gecko) Chrome/94.0.4606.54 Safari/537.36"
183.207.4.249 - - [23/Oct/2021:22:57:41 -0700] "GET /bootstrap/img/favicon.ico HTTP/1.1" 200 713 "http://www.secrepo.com/" "Mozilla/5.0 (Windows NT 10.0; Win64; x64) AppleWebKit/537.36 (KHTML, like Gecko) Chrome/94.0.4606.54 Safari/537.36"
17.121.115.162 - - [23/Oct/2021:23:06:18 -0700] "GET /self.logs/error.log.2019-12-08 HTTP/1.1" 200 307 "-" "Mozilla/5.0 (Macintosh; Intel Mac OS X 10_15_5) AppleWebKit/605.1.15 (KHTML, like Gecko) Version/13.1.1 Safari/605.1.15 (Applebot/0.1; +http://www.apple.com/go/applebot)"
103.156.150.244 - - [23/Oct/2021:23:11:30 -0700] "GET / HTTP/1.1" 200 13186 "-" "Mozilla/5.0 (Windows NT 10.0; Win64; x64) AppleWebKit/537.36 (KHTML, like Gecko) Chrome/94.0.4606.81 Safari/537.36"
103.156.150.244 - - [23/Oct/2021:23:11:31 -0700] "GET /css/style.css HTTP/1.1" 404 305 "http://www.secrepo.com/" "Mozilla/5.0 (Windows NT 10.0; Win64; x64) AppleWebKit/537.36 (KHTML, like Gecko) Chrome/94.0.4606.81 Safari/537.36"
103.156.150.244 - - [23/Oct/2021:23:11:31 -0700] "GET /twitter-icon.png HTTP/1.1" 200 27893 "http://www.secrepo.com/" "Mozilla/5.0 (Windows NT 10.0; Win64; x64) AppleWebKit/537.36 (KHTML, like Gecko) Chrome/94.0.4606.81 Safari/537.36"
103.156.150.244 - - [23/Oct/2021:23:11:31 -0700] "GET /GitHub-Mark.png HTTP/1.1" 200 7556 "http://www.secrepo.com/" "Mozilla/5.0 (Windows NT 10.0; Win64; x64) AppleWebKit/537.36 (KHTML, like Gecko) Chrome/94.0.4606.81 Safari/537.36"
103.156.150.244 - - [23/Oct/2021:23:11:32 -0700] "GET /bootstrap/img/favicon.ico HTTP/1.1" 200 690 "http://www.secrepo.com/" "Mozilla/5.0 (Windows NT 10.0; Win64; x64) AppleWebKit/537.36 (KHTML, like Gecko) Chrome/94.0.4606.81 Safari/537.36"
182.138.84.123 - - [23/Oct/2021:23:18:20 -0700] "GET /favicon.ico HTTP/1.1" 200 391 "-" "Mozilla/5.0 (Windows NT 10.0; WOW64) AppleWebKit/537.36 (KHTML, like Gecko) Chrome/79.0.3945.79 Safari/537.36"
216.244.66.245 - - [23/Oct/2021:23:19:44 -0700] "GET /robots.txt HTTP/1.1" 200 333 "-" "Mozilla/5.0 (compatible; DotBot/1.2; +https://opensiteexplorer.org/dotbot; help@moz.com)"
216.244.66.245 - - [23/Oct/2021:23:26:57 -0700] "GET /self.logs/access.log.2020-10-11.gz HTTP/1.1" 200 15693 "-" "Mozilla/5.0 (compatible; DotBot/1.2; +https://opensiteexplorer.org/dotbot; help@moz.com)"
216.244.66.245 - - [23/Oct/2021:23:27:03 -0700] "GET /self.logs/access.log.2020-11-12.gz HTTP/1.1" 200 9953 "-" "Mozilla/5.0 (compatible; DotBot/1.2; +https://opensiteexplorer.org/dotbot; help@moz.com)"
216.244.66.245 - - [23/Oct/2021:23:27:08 -0700] "GET /self.logs/access.log.2021-05-30.gz HTTP/1.1" 200 21667 "-" "Mozilla/5.0 (compatible; DotBot/1.2; +https://opensiteexplorer.org/dotbot; help@moz.com)"
51.222.253.17 - - [23/Oct/2021:23:29:45 -0700] "GET /self.logs/error.log.2018-09-12.gz HTTP/1.1" 200 5216 "-" "Mozilla/5.0 (compatible; AhrefsBot/7.0; +http://ahrefs.com/robot/)"
77.75.77.119 - - [23/Oct/2021:23:30:04 -0700] "GET /robots.txt HTTP/1.1" 200 377 "-" "Mozilla/5.0 (compatible; SeznamBot/3.2; +http://napoveda.seznam.cz/en/seznambot-intro/)"
77.75.77.119 - - [23/Oct/2021:23:30:05 -0700] "GET /Datasets%20Description/Network/dns.html HTTP/1.1" 304 277 "-" "Mozilla/5.0 (compatible; SeznamBot/3.2; +http://napoveda.seznam.cz/en/seznambot-intro/)"
58.250.125.109 - - [23/Oct/2021:23:30:37 -0700] "GET / HTTP/1.1" 301 438 "-" "Sogou web spider/4.0(+http://www.sogou.com/docs/help/webmasters.htm#07)"
58.250.125.113 - - [23/Oct/2021:23:30:54 -0700] "GET / HTTP/1.1" 200 13149 "-" "Sogou web spider/4.0(+http://www.sogou.com/docs/help/webmasters.htm#07)"
123.183.224.2 - - [23/Oct/2021:23:30:57 -0700] "GET /css/style.css HTTP/1.1" 301 464 "http://secrepo.com/" "Mozilla/5.0 (X11; Linux x86_64) AppleWebKit/537.36 (KHTML, like Gecko) Chrome/73.0.3683.86 Safari/537.36"
123.183.224.2 - - [23/Oct/2021:23:30:58 -0700] "GET /css/style.css HTTP/1.1" 404 291 "http://secrepo.com/" "Mozilla/5.0 (X11; Linux x86_64) AppleWebKit/537.36 (KHTML, like Gecko) Chrome/73.0.3683.86 Safari/537.36"
123.183.224.2 - - [23/Oct/2021:23:30:59 -0700] "GET /css/style.css HTTP/1.1" 301 464 "http://secrepo.com/" "Mozilla/5.0 (X11; Linux x86_64) AppleWebKit/537.36 (KHTML, like Gecko) Chrome/73.0.3683.86 Safari/537.36"
123.183.224.2 - - [23/Oct/2021:23:30:59 -0700] "GET /css/style.css HTTP/1.1" 404 291 "http://secrepo.com/" "Mozilla/5.0 (X11; Linux x86_64) AppleWebKit/537.36 (KHTML, like Gecko) Chrome/73.0.3683.86 Safari/537.36"
123.183.224.2 - - [23/Oct/2021:23:31:00 -0700] "GET /css/style.css HTTP/1.1" 301 464 "http://secrepo.com/" "Mozilla/5.0 (X11; Linux x86_64) AppleWebKit/537.36 (KHTML, like Gecko) Chrome/73.0.3683.86 Safari/537.36"
123.183.224.2 - - [23/Oct/2021:23:31:00 -0700] "GET /css/style.css HTTP/1.1" 404 291 "http://secrepo.com/" "Mozilla/5.0 (X11; Linux x86_64) AppleWebKit/537.36 (KHTML, like Gecko) Chrome/73.0.3683.86 Safari/537.36"
185.191.171.18 - - [23/Oct/2021:23:33:33 -0700] "GET /robots.txt HTTP/1.1" 200 340 "-" "Mozilla/5.0 (compatible; SemrushBot/7~bl; +http://www.semrush.com/bot.html)"
185.191.171.36 - - [23/Oct/2021:23:33:33 -0700] "GET /Datasets%20Description/Network/ftp.html HTTP/1.1" 200 1493 "-" "Mozilla/5.0 (compatible; SemrushBot/7~bl; +http://www.semrush.com/bot.html)"
114.119.130.116 - - [23/Oct/2021:23:34:14 -0700] "GET /robots.txt HTTP/1.1" 200 377 "-" "Mozilla/5.0 (compatible;PetalBot;+https://webmaster.petalsearch.com/site/petalbot)"
123.183.224.117 - - [23/Oct/2021:23:44:14 -0700] "GET / HTTP/1.1" 200 13149 "-" "Sogou web spider/4.0(+http://www.sogou.com/docs/help/webmasters.htm#07)"
216.244.66.245 - - [24/Oct/2021:00:04:24 -0700] "GET /robots.txt HTTP/1.1" 200 333 "-" "Mozilla/5.0 (compatible; DotBot/1.2; +https://opensiteexplorer.org/dotbot; help@moz.com)"
51.222.253.5 - - [24/Oct/2021:00:10:03 -0700] "GET /self.logs/error.log.2019-02-24.gz HTTP/1.1" 200 4649 "-" "Mozilla/5.0 (compatible; AhrefsBot/7.0; +http://ahrefs.com/robot/)"
77.75.77.36 - - [24/Oct/2021:00:11:36 -0700] "GET /robots.txt HTTP/1.1" 200 377 "-" "Mozilla/5.0 (compatible; SeznamBot/3.2; +http://napoveda.seznam.cz/en/seznambot-intro/)"
77.75.77.36 - - [24/Oct/2021:00:11:37 -0700] "GET /honeypot/Honeypot%20-%20Howto.pdf HTTP/1.1" 304 266 "-" "Mozilla/5.0 (compatible; SeznamBot/3.2; +http://napoveda.seznam.cz/en/seznambot-intro/)"
216.244.66.245 - - [24/Oct/2021:00:11:44 -0700] "GET /self.logs/access.log.2020-06-22.gz HTTP/1.1" 200 12864 "-" "Mozilla/5.0 (compatible; DotBot/1.2; +https://opensiteexplorer.org/dotbot; help@moz.com)"
216.244.66.245 - - [24/Oct/2021:00:11:50 -0700] "GET /self.logs/access.log.2020-10-21.gz HTTP/1.1" 200 13712 "-" "Mozilla/5.0 (compatible; DotBot/1.2; +https://opensiteexplorer.org/dotbot; help@moz.com)"
216.244.66.245 - - [24/Oct/2021:00:11:54 -0700] "GET /self.logs/access.log.2020-11-05.gz HTTP/1.1" 200 16134 "-" "Mozilla/5.0 (compatible; DotBot/1.2; +https://opensiteexplorer.org/dotbot; help@moz.com)"
216.244.66.245 - - [24/Oct/2021:00:11:59 -0700] "GET /self.logs/access.log.2020-12-27.gz HTTP/1.1" 200 26714 "-" "Mozilla/5.0 (compatible; DotBot/1.2; +https://opensiteexplorer.org/dotbot; help@moz.com)"
216.244.66.245 - - [24/Oct/2021:00:12:02 -0700] "GET /self.logs/access.log.2021-02-02.gz HTTP/1.1" 200 29786 "-" "Mozilla/5.0 (compatible; DotBot/1.2; +https://opensiteexplorer.org/dotbot; help@moz.com)"
216.244.66.245 - - [24/Oct/2021:00:12:05 -0700] "GET /self.logs/access.log.2021-03-10.gz HTTP/1.1" 200 29938 "-" "Mozilla/5.0 (compatible; DotBot/1.2; +https://opensiteexplorer.org/dotbot; help@moz.com)"
216.244.66.245 - - [24/Oct/2021:00:12:08 -0700] "GET /self.logs/access.log.2021-03-30.gz HTTP/1.1" 200 24313 "-" "Mozilla/5.0 (compatible; DotBot/1.2; +https://opensiteexplorer.org/dotbot; help@moz.com)"
216.244.66.245 - - [24/Oct/2021:00:12:12 -0700] "GET /self.logs/access.log.2020-07-24.gz HTTP/1.1" 200 23003 "-" "Mozilla/5.0 (compatible; DotBot/1.2; +https://opensiteexplorer.org/dotbot; help@moz.com)"
207.204.64.140 - - [24/Oct/2021:00:13:00 -0700] "GET /self.logs/ HTTP/1.1" 200 32397 "https://www.google.com/" "Mozilla/5.0 (X11; Linux x86_64) AppleWebKit/537.36 (KHTML, like Gecko) Chrome/94.0.4606.81 Safari/537.36"
207.204.64.140 - - [24/Oct/2021:00:13:01 -0700] "GET /favicon.ico HTTP/1.1" 200 368 "http://www.secrepo.com/self.logs/" "Mozilla/5.0 (X11; Linux x86_64) AppleWebKit/537.36 (KHTML, like Gecko) Chrome/94.0.4606.81 Safari/537.36"
20.114.217.80 - - [24/Oct/2021:00:13:11 -0700] "GET / HTTP/1.1" 200 13141 "-" "awesome_bot"
157.55.39.122 - - [24/Oct/2021:00:19:09 -0700] "GET /Datasets%20Description/?C=S;O=D HTTP/1.1" 200 673 "-" "Mozilla/5.0 (compatible; bingbot/2.0; +http://www.bing.com/bingbot.htm)"
207.46.13.15 - - [24/Oct/2021:00:32:28 -0700] "GET /self.logs/2016/ HTTP/1.1" 200 7860 "-" "Mozilla/5.0 (compatible; bingbot/2.0; +http://www.bing.com/bingbot.htm)"
110.16.13.24 - - [24/Oct/2021:00:37:49 -0700] "GET /favicon.ico HTTP/1.1" 304 261 "-" "Mozilla/5.0 (Windows NT 10.0; WOW64) AppleWebKit/537.36 (KHTML, like Gecko) Chrome/86.0.4240.198 Safari/537.36"
52.158.175.173 - - [24/Oct/2021:00:42:46 -0700] "GET /Datasets%20Description/PE_malware/OPCleaver.html HTTP/1.1" 200 1458 "-" "python-requests/2.25.1"
92.184.116.66 - - [24/Oct/2021:00:43:48 -0700] "GET / HTTP/1.1" 200 13186 "-" "Mozilla/5.0 (Windows NT 10.0; Win64; x64) AppleWebKit/537.36 (KHTML, like Gecko) Chrome/94.0.4606.81 Safari/537.36"
92.184.116.66 - - [24/Oct/2021:00:43:48 -0700] "GET /css/style.css HTTP/1.1" 404 305 "http://www.secrepo.com/" "Mozilla/5.0 (Windows NT 10.0; Win64; x64) AppleWebKit/537.36 (KHTML, like Gecko) Chrome/94.0.4606.81 Safari/537.36"
92.184.116.66 - - [24/Oct/2021:00:43:48 -0700] "GET /twitter-icon.png HTTP/1.1" 200 27893 "http://www.secrepo.com/" "Mozilla/5.0 (Windows NT 10.0; Win64; x64) AppleWebKit/537.36 (KHTML, like Gecko) Chrome/94.0.4606.81 Safari/537.36"
92.184.116.66 - - [24/Oct/2021:00:43:49 -0700] "GET /GitHub-Mark.png HTTP/1.1" 200 7556 "http://www.secrepo.com/" "Mozilla/5.0 (Windows NT 10.0; Win64; x64) AppleWebKit/537.36 (KHTML, like Gecko) Chrome/94.0.4606.81 Safari/537.36"
92.184.116.66 - - [24/Oct/2021:00:43:49 -0700] "GET /bootstrap/img/favicon.ico HTTP/1.1" 200 690 "http://www.secrepo.com/" "Mozilla/5.0 (Windows NT 10.0; Win64; x64) AppleWebKit/537.36 (KHTML, like Gecko) Chrome/94.0.4606.81 Safari/537.36"
123.183.224.117 - - [24/Oct/2021:00:45:17 -0700] "GET / HTTP/1.1" 200 13149 "-" "Sogou web spider/4.0(+http://www.sogou.com/docs/help/webmasters.htm#07)"
157.55.39.117 - - [24/Oct/2021:00:48:52 -0700] "GET /self.logs/access.log.2017-01-01.gz HTTP/1.1" 200 17678 "-" "Mozilla/5.0 (compatible; bingbot/2.0; +http://www.bing.com/bingbot.htm)"
216.244.66.245 - - [24/Oct/2021:00:48:52 -0700] "GET /robots.txt HTTP/1.1" 200 333 "-" "Mozilla/5.0 (compatible; DotBot/1.2; +https://opensiteexplorer.org/dotbot; help@moz.com)"
182.150.165.246 - - [24/Oct/2021:00:51:21 -0700] "GET / HTTP/1.1" 200 13186 "-" "Mozilla/5.0 (Macintosh; Intel Mac OS X 10_15_7) AppleWebKit/605.1.15 (KHTML, like Gecko)"
216.244.66.245 - - [24/Oct/2021:00:56:01 -0700] "GET /self.logs/access.log.2020-08-02.gz HTTP/1.1" 200 10864 "-" "Mozilla/5.0 (compatible; DotBot/1.2; +https://opensiteexplorer.org/dotbot; help@moz.com)"
216.244.66.245 - - [24/Oct/2021:00:56:18 -0700] "GET /self.logs/access.log.2020-11-21.gz HTTP/1.1" 200 22961 "-" "Mozilla/5.0 (compatible; DotBot/1.2; +https://opensiteexplorer.org/dotbot; help@moz.com)"
51.222.253.4 - - [24/Oct/2021:01:02:19 -0700] "GET /self.logs/2015/ HTTP/1.1" 200 7577 "-" "Mozilla/5.0 (compatible; AhrefsBot/7.0; +http://ahrefs.com/robot/)"
17.121.115.17 - - [24/Oct/2021:01:17:28 -0700] "GET /self.logs/error.log.2019-12-24 HTTP/1.1" 200 307 "-" "Mozilla/5.0 (Macintosh; Intel Mac OS X 10_15_5) AppleWebKit/605.1.15 (KHTML, like Gecko) Version/13.1.1 Safari/605.1.15 (Applebot/0.1; +http://www.apple.com/go/applebot)"
51.222.253.8 - - [24/Oct/2021:01:23:56 -0700] "GET /self.logs/access.log.2017-04-12.gz HTTP/1.1" 200 28131 "-" "Mozilla/5.0 (compatible; AhrefsBot/7.0; +http://ahrefs.com/robot/)"
216.244.66.245 - - [24/Oct/2021:01:32:54 -0700] "GET /robots.txt HTTP/1.1" 200 333 "-" "Mozilla/5.0 (compatible; DotBot/1.2; +https://opensiteexplorer.org/dotbot; help@moz.com)"
216.244.66.245 - - [24/Oct/2021:01:40:09 -0700] "GET /self.logs/access.log.2020-07-21.gz HTTP/1.1" 200 15868 "-" "Mozilla/5.0 (compatible; DotBot/1.2; +https://opensiteexplorer.org/dotbot; help@moz.com)"
216.244.66.245 - - [24/Oct/2021:01:40:13 -0700] "GET /self.logs/access.log.2020-12-05.gz HTTP/1.1" 200 11531 "-" "Mozilla/5.0 (compatible; DotBot/1.2; +https://opensiteexplorer.org/dotbot; help@moz.com)"
216.244.66.245 - - [24/Oct/2021:01:40:18 -0700] "GET /self.logs/access.log.2021-05-26.gz HTTP/1.1" 200 36595 "-" "Mozilla/5.0 (compatible; DotBot/1.2; +https://opensiteexplorer.org/dotbot; help@moz.com)"
51.222.253.18 - - [24/Oct/2021:01:46:51 -0700] "GET /self.logs/error.log.2017-07-24.gz HTTP/1.1" 200 1045 "-" "Mozilla/5.0 (compatible; AhrefsBot/7.0; +http://ahrefs.com/robot/)"
207.46.13.26 - - [24/Oct/2021:01:51:08 -0700] "GET / HTTP/1.1" 301 475 "-" "Mozilla/5.0 (compatible; bingbot/2.0; +http://www.bing.com/bingbot.htm)"
100.26.55.71 - - [24/Oct/2021:02:07:55 -0700] "GET / HTTP/1.1" 206 13235 "-" "Slackbot-LinkExpanding 1.0 (+https://api.slack.com/robots)"
3.93.232.77 - - [24/Oct/2021:02:07:55 -0700] "GET /bootstrap/img/favicon.ico HTTP/1.1" 200 713 "-" "Slackbot 1.0 (+https://api.slack.com/robots)"
51.222.253.9 - - [24/Oct/2021:02:10:07 -0700] "GET /self.logs/access.log.2019-08-18.gz HTTP/1.1" 200 25533 "-" "Mozilla/5.0 (compatible; AhrefsBot/7.0; +http://ahrefs.com/robot/)"
216.244.66.245 - - [24/Oct/2021:02:16:51 -0700] "GET /robots.txt HTTP/1.1" 200 333 "-" "Mozilla/5.0 (compatible; DotBot/1.2; +https://opensiteexplorer.org/dotbot; help@moz.com)"
108.59.8.70 - - [24/Oct/2021:02:21:09 -0700] "GET /robots.txt HTTP/1.1" 200 377 "-" "Mozilla/5.0 (compatible; MJ12bot/v1.4.8; http://mj12bot.com/)"
108.59.8.70 - - [24/Oct/2021:02:21:19 -0700] "GET / HTTP/1.1" 200 13142 "-" "Mozilla/5.0 (compatible; MJ12bot/v1.4.8; http://mj12bot.com/)"
216.244.66.245 - - [24/Oct/2021:02:24:05 -0700] "GET /self.logs/access.log.2021-01-01.gz HTTP/1.1" 200 18928 "-" "Mozilla/5.0 (compatible; DotBot/1.2; +https://opensiteexplorer.org/dotbot; help@moz.com)"
216.244.66.245 - - [24/Oct/2021:02:24:11 -0700] "GET /self.logs/access.log.2021-02-14.gz HTTP/1.1" 200 25500 "-" "Mozilla/5.0 (compatible; DotBot/1.2; +https://opensiteexplorer.org/dotbot; help@moz.com)"
216.244.66.245 - - [24/Oct/2021:02:24:14 -0700] "GET /self.logs/access.log.2021-02-17.gz HTTP/1.1" 200 40883 "-" "Mozilla/5.0 (compatible; DotBot/1.2; +https://opensiteexplorer.org/dotbot; help@moz.com)"
216.244.66.245 - - [24/Oct/2021:02:24:20 -0700] "GET /self.logs/access.log.2020-09-15.gz HTTP/1.1" 200 27258 "-" "Mozilla/5.0 (compatible; DotBot/1.2; +https://opensiteexplorer.org/dotbot; help@moz.com)"
157.55.39.66 - - [24/Oct/2021:02:25:47 -0700] "GET /robots.txt HTTP/1.1" 200 377 "-" "Mozilla/5.0 (compatible; bingbot/2.0; +http://www.bing.com/bingbot.htm)"
207.46.13.15 - - [24/Oct/2021:02:25:59 -0700] "GET /Datasets%20Description/PE_malware/VirusShare.html HTTP/1.1" 200 1651 "-" "Mozilla/5.0 (compatible; bingbot/2.0; +http://www.bing.com/bingbot.htm)"
128.199.13.166 - - [24/Oct/2021:02:39:08 -0700] "GET / HTTP/1.0" 301 438 "-" "Mozilla/5.0 (iPad; U; CPU OS 3_2 like Mac OS X; en-us) AppleWebKit/531.21.10 (KHTML, like Gecko) Version/4.0.4 Mobile/7B334b Safari/531.21.102011-10-16 20:23:10"
128.199.13.166 - - [24/Oct/2021:02:39:09 -0700] "GET / HTTP/1.0" 200 49096 "-" "Mozilla/5.0 (iPad; U; CPU OS 3_2 like Mac OS X; en-us) AppleWebKit/531.21.10 (KHTML, like Gecko) Version/4.0.4 Mobile/7B334b Safari/531.21.102011-10-16 20:23:10"
182.138.84.123 - - [24/Oct/2021:02:47:02 -0700] "GET /favicon.ico HTTP/1.1" 200 391 "-" "Mozilla/5.0 (Windows NT 10.0; WOW64) AppleWebKit/537.36 (KHTML, like Gecko) Chrome/79.0.3945.79 Safari/537.36"
182.138.84.123 - - [24/Oct/2021:02:52:30 -0700] "GET /favicon.ico HTTP/1.1" 200 391 "-" "Mozilla/5.0 (Windows NT 10.0; WOW64) AppleWebKit/537.36 (KHTML, like Gecko) Chrome/79.0.3945.79 Safari/537.36"
51.222.253.2 - - [24/Oct/2021:02:58:58 -0700] "GET / HTTP/1.1" 200 13142 "-" "Mozilla/5.0 (compatible; AhrefsBot/7.0; +http://ahrefs.com/robot/)"
216.244.66.245 - - [24/Oct/2021:03:01:08 -0700] "GET /robots.txt HTTP/1.1" 200 333 "-" "Mozilla/5.0 (compatible; DotBot/1.2; +https://opensiteexplorer.org/dotbot; help@moz.com)"
54.36.148.13 - - [24/Oct/2021:03:03:51 -0700] "GET /robots.txt HTTP/1.1" 301 439 "-" "Mozilla/5.0 (compatible; AhrefsBot/7.0; +http://ahrefs.com/robot/)"
54.36.148.13 - - [24/Oct/2021:03:03:51 -0700] "GET /robots.txt HTTP/1.1" 200 333 "-" "Mozilla/5.0 (compatible; AhrefsBot/7.0; +http://ahrefs.com/robot/)"
51.222.253.14 - - [24/Oct/2021:03:03:52 -0700] "GET / HTTP/1.1" 301 419 "-" "Mozilla/5.0 (compatible; AhrefsBot/7.0; +http://ahrefs.com/robot/)"
216.244.66.245 - - [24/Oct/2021:03:08:24 -0700] "GET /self.logs/access.log.2020-07-06.gz HTTP/1.1" 200 16162 "-" "Mozilla/5.0 (compatible; DotBot/1.2; +https://opensiteexplorer.org/dotbot; help@moz.com)"
216.244.66.245 - - [24/Oct/2021:03:08:31 -0700] "GET /self.logs/access.log.2020-12-26.gz HTTP/1.1" 200 20731 "-" "Mozilla/5.0 (compatible; DotBot/1.2; +https://opensiteexplorer.org/dotbot; help@moz.com)"
216.244.66.245 - - [24/Oct/2021:03:08:36 -0700] "GET /self.logs/access.log.2021-02-16.gz HTTP/1.1" 200 24296 "-" "Mozilla/5.0 (compatible; DotBot/1.2; +https://opensiteexplorer.org/dotbot; help@moz.com)"
216.244.66.245 - - [24/Oct/2021:03:08:39 -0700] "GET /self.logs/access.log.2021-03-15.gz HTTP/1.1" 200 52058 "-" "Mozilla/5.0 (compatible; DotBot/1.2; +https://opensiteexplorer.org/dotbot; help@moz.com)"
51.222.253.3 - - [24/Oct/2021:03:08:41 -0700] "GET /self.logs/access.log.2019-08-24.gz HTTP/1.1" 200 13924 "-" "Mozilla/5.0 (compatible; AhrefsBot/7.0; +http://ahrefs.com/robot/)"
216.244.66.245 - - [24/Oct/2021:03:08:43 -0700] "GET /self.logs/access.log.2021-03-29.gz HTTP/1.1" 200 26418 "-" "Mozilla/5.0 (compatible; DotBot/1.2; +https://opensiteexplorer.org/dotbot; help@moz.com)"
216.244.66.245 - - [24/Oct/2021:03:08:46 -0700] "GET /self.logs/access.log.2021-04-05.gz HTTP/1.1" 200 22285 "-" "Mozilla/5.0 (compatible; DotBot/1.2; +https://opensiteexplorer.org/dotbot; help@moz.com)"
51.222.253.9 - - [24/Oct/2021:03:18:48 -0700] "GET /self.logs/error.log.2020-01-16.gz HTTP/1.1" 200 891 "-" "Mozilla/5.0 (compatible; AhrefsBot/7.0; +http://ahrefs.com/robot/)"
123.20.50.80 - - [24/Oct/2021:03:19:47 -0700] "GET / HTTP/1.1" 301 475 "-" "Mozilla/5.0 (Windows NT 10.0; Win64; x64) AppleWebKit/537.36 (KHTML, like Gecko) Chrome/85.0.4183.121 Safari/537.36"
123.20.50.80 - - [24/Oct/2021:03:19:49 -0700] "GET / HTTP/1.1" 200 13186 "-" "Mozilla/5.0 (Windows NT 10.0; Win64; x64) AppleWebKit/537.36 (KHTML, like Gecko) Chrome/85.0.4183.121 Safari/537.36"
123.20.50.80 - - [24/Oct/2021:03:20:22 -0700] "GET / HTTP/1.1" 200 13186 "-" "Mozilla/5.0 (Windows NT 10.0; Win64; x64) AppleWebKit/537.36 (KHTML, like Gecko) Chrome/85.0.4183.121 Safari/537.36"
123.20.50.80 - - [24/Oct/2021:03:20:37 -0700] "GET /maccdc2012/smtp.log.gz HTTP/1.1" 200 6956 "-" "Mozilla/5.0 (Windows NT 10.0; Win64; x64) AppleWebKit/537.36 (KHTML, like Gecko) Chrome/85.0.4183.121 Safari/537.36"
123.20.50.80 - - [24/Oct/2021:03:21:12 -0700] "GET /maccdc2012/ssh.log.gz HTTP/1.1" 200 182567 "-" "Mozilla/5.0 (Windows NT 10.0; Win64; x64) AppleWebKit/537.36 (KHTML, like Gecko) Chrome/85.0.4183.121 Safari/537.36"
123.20.50.80 - - [24/Oct/2021:03:21:43 -0700] "GET /maccdc2012/ssl.log.gz HTTP/1.1" 200 1311486 "-" "Mozilla/5.0 (Windows NT 10.0; Win64; x64) AppleWebKit/537.36 (KHTML, like Gecko) Chrome/85.0.4183.121 Safari/537.36"
123.20.50.80 - - [24/Oct/2021:03:22:32 -0700] "GET /maccdc2012/tunnel.log.gz HTTP/1.1" 200 5282 "-" "Mozilla/5.0 (Windows NT 10.0; Win64; x64) AppleWebKit/537.36 (KHTML, like Gecko) Chrome/85.0.4183.121 Safari/537.36"
51.222.253.18 - - [24/Oct/2021:03:23:50 -0700] "GET /self.logs/access.log.2021-08-04.gz HTTP/1.1" 200 26820 "-" "Mozilla/5.0 (compatible; AhrefsBot/7.0; +http://ahrefs.com/robot/)"
123.20.50.80 - - [24/Oct/2021:03:22:48 -0700] "GET /maccdc2012/conn.log.gz HTTP/1.1" 200 15554592 "-" "Mozilla/5.0 (Windows NT 10.0; Win64; x64) AppleWebKit/537.36 (KHTML, like Gecko) Chrome/85.0.4183.121 Safari/537.36"
51.222.253.1 - - [24/Oct/2021:03:29:05 -0700] "GET /self.logs/access.log.2021-08-05.gz HTTP/1.1" 200 19036 "-" "Mozilla/5.0 (compatible; AhrefsBot/7.0; +http://ahrefs.com/robot/)"
110.235.246.83 - - [24/Oct/2021:03:34:01 -0700] "GET /maccdc2012/dhcp.log.gz HTTP/1.1" 200 44977 "-" "Mozilla/5.0 (Windows NT 10.0; Win64; x64) AppleWebKit/537.36 (KHTML, like Gecko) Chrome/85.0.4183.121 Safari/537.36"
51.222.253.17 - - [24/Oct/2021:03:34:21 -0700] "GET /self.logs/access.log.2021-08-06.gz HTTP/1.1" 200 20485 "-" "Mozilla/5.0 (compatible; AhrefsBot/7.0; +http://ahrefs.com/robot/)"
110.235.246.83 - - [24/Oct/2021:03:34:14 -0700] "GET /maccdc2012/dns.log.gz HTTP/1.1" 200 6607379 "-" "Mozilla/5.0 (Windows NT 10.0; Win64; x64) AppleWebKit/537.36 (KHTML, like Gecko) Chrome/85.0.4183.121 Safari/537.36"
110.235.246.83 - - [24/Oct/2021:03:38:34 -0700] "GET /maccdc2012/files.log.gz HTTP/1.1" 200 51233469 "-" "Mozilla/5.0 (Windows NT 10.0; Win64; x64) AppleWebKit/537.36 (KHTML, like Gecko) Chrome/85.0.4183.121 Safari/537.36"
51.222.253.11 - - [24/Oct/2021:03:39:47 -0700] "GET /self.logs/error.log.2019-05-21.gz HTTP/1.1" 200 7625 "-" "Mozilla/5.0 (compatible; AhrefsBot/7.0; +http://ahrefs.com/robot/)"
157.55.39.66 - - [24/Oct/2021:03:43:33 -0700] "GET /robots.txt HTTP/1.1" 200 377 "-" "Mozilla/5.0 (compatible; bingbot/2.0; +http://www.bing.com/bingbot.htm)"
207.46.13.181 - - [24/Oct/2021:03:43:44 -0700] "GET /honeypot/Honeypot%20-%20Howto.pdf HTTP/1.1" 200 1279529 "-" "Mozilla/5.0 (iPhone; CPU iPhone OS 7_0 like Mac OS X) AppleWebKit/537.51.1 (KHTML, like Gecko) Version/7.0 Mobile/11A465 Safari/9537.53 (compatible; bingbot/2.0; +http://www.bing.com/bingbot.htm)"
157.55.39.50 - - [24/Oct/2021:03:44:11 -0700] "GET /Datasets%20Description/HTML_Bro_log_2/ssl.html HTTP/1.1" 200 1860 "-" "Mozilla/5.0 (compatible; bingbot/2.0; +http://www.bing.com/bingbot.htm)"
51.222.253.2 - - [24/Oct/2021:03:45:02 -0700] "GET /self.logs/error.log.2020-01-26.gz HTTP/1.1" 200 1035 "-" "Mozilla/5.0 (compatible; AhrefsBot/7.0; +http://ahrefs.com/robot/)"
216.244.66.245 - - [24/Oct/2021:03:45:28 -0700] "GET /robots.txt HTTP/1.1" 200 333 "-" "Mozilla/5.0 (compatible; DotBot/1.2; +https://opensiteexplorer.org/dotbot; help@moz.com)"
51.222.253.3 - - [24/Oct/2021:03:50:28 -0700] "GET /self.logs/access.log.2021-10-05.gz HTTP/1.1" 200 12125 "-" "Mozilla/5.0 (compatible; AhrefsBot/7.0; +http://ahrefs.com/robot/)"
216.244.66.245 - - [24/Oct/2021:03:52:59 -0700] "GET /self.logs/access.log.2021-04-29.gz HTTP/1.1" 200 18567 "-" "Mozilla/5.0 (compatible; DotBot/1.2; +https://opensiteexplorer.org/dotbot; help@moz.com)"
216.244.66.245 - - [24/Oct/2021:03:53:13 -0700] "GET /self.logs/access.log.2020-07-14.gz HTTP/1.1" 200 42037 "-" "Mozilla/5.0 (compatible; DotBot/1.2; +https://opensiteexplorer.org/dotbot; help@moz.com)"
216.244.66.245 - - [24/Oct/2021:03:53:17 -0700] "GET /self.logs/access.log.2020-11-23.gz HTTP/1.1" 200 16894 "-" "Mozilla/5.0 (compatible; DotBot/1.2; +https://opensiteexplorer.org/dotbot; help@moz.com)"
114.119.137.232 - - [24/Oct/2021:03:53:28 -0700] "GET /robots.txt HTTP/1.1" 200 377 "-" "Mozilla/5.0 (compatible;PetalBot;+https://webmaster.petalsearch.com/site/petalbot)"
51.222.253.9 - - [24/Oct/2021:03:55:34 -0700] "GET /self.logs/error.log.2018-12-12.gz HTTP/1.1" 200 4401 "-" "Mozilla/5.0 (compatible; AhrefsBot/7.0; +http://ahrefs.com/robot/)"
51.222.253.3 - - [24/Oct/2021:04:00:37 -0700] "GET /self.logs/error.log.2017-06-11.gz HTTP/1.1" 200 952 "-" "Mozilla/5.0 (compatible; AhrefsBot/7.0; +http://ahrefs.com/robot/)"
51.222.253.15 - - [24/Oct/2021:04:05:41 -0700] "GET /self.logs/error.log.2021-10-05.gz HTTP/1.1" 200 2130 "-" "Mozilla/5.0 (compatible; AhrefsBot/7.0; +http://ahrefs.com/robot/)"
51.222.253.15 - - [24/Oct/2021:04:10:45 -0700] "GET /self.logs/access.log.2017-10-23.gz HTTP/1.1" 200 23752 "-" "Mozilla/5.0 (compatible; AhrefsBot/7.0; +http://ahrefs.com/robot/)"
173.231.60.198 - - [24/Oct/2021:04:13:24 -0700] "GET /self.logs/error.log.2021-05-28 HTTP/1.1" 200 314 "http://www.secrepo.com/" "Mozilla/5.0 (compatible; Adsbot/3.1; +https://seostar.co/robot/)"
173.231.60.198 - - [24/Oct/2021:04:13:29 -0700] "GET /self.logs/error.log.2021-05-31 HTTP/1.1" 200 314 "http://www.secrepo.com/" "Mozilla/5.0 (compatible; Adsbot/3.1; +https://seostar.co/robot/)"
173.231.60.198 - - [24/Oct/2021:04:13:34 -0700] "GET /honeypot/BSidesDFW%20-%202014.ipynb HTTP/1.1" 200 73000 "http://www.secrepo.com/" "Mozilla/5.0 (compatible; Adsbot/3.1; +https://seostar.co/robot/)"
173.231.60.198 - - [24/Oct/2021:04:15:15 -0700] "GET /honeypot/Honeypot%20-%20Howto%20-%20BSides%20Austin.pdf HTTP/1.1" 200 75920 "http://www.secrepo.com/" "Mozilla/5.0 (compatible; Adsbot/3.1; +https://seostar.co/robot/)"
173.231.60.198 - - [24/Oct/2021:04:15:20 -0700] "GET /self.logs/error.log.2021-06-05 HTTP/1.1" 200 314 "http://www.secrepo.com/" "Mozilla/5.0 (compatible; Adsbot/3.1; +https://seostar.co/robot/)"
51.222.253.13 - - [24/Oct/2021:04:15:42 -0700] "GET /self.logs/access.log.2017-12-03.gz HTTP/1.1" 200 19272 "-" "Mozilla/5.0 (compatible; AhrefsBot/7.0; +http://ahrefs.com/robot/)"
157.55.39.66 - - [24/Oct/2021:04:19:43 -0700] "GET /robots.txt HTTP/1.1" 200 377 "-" "Mozilla/5.0 (compatible; bingbot/2.0; +http://www.bing.com/bingbot.htm)"
40.77.167.66 - - [24/Oct/2021:04:20:27 -0700] "GET /self.logs/?C=D;O=A HTTP/1.1" 200 32397 "-" "Mozilla/5.0 (compatible; bingbot/2.0; +http://www.bing.com/bingbot.htm)"
51.222.253.3 - - [24/Oct/2021:04:21:06 -0700] "GET /self.logs/error.log.2019-09-21.gz HTTP/1.1" 200 2885 "-" "Mozilla/5.0 (compatible; AhrefsBot/7.0; +http://ahrefs.com/robot/)"
51.222.253.9 - - [24/Oct/2021:04:26:24 -0700] "GET /self.logs/access.log.2017-07-02.gz HTTP/1.1" 200 16675 "-" "Mozilla/5.0 (compatible; AhrefsBot/7.0; +http://ahrefs.com/robot/)"
101.228.235.222 - - [24/Oct/2021:04:27:28 -0700] "GET / HTTP/1.1" 200 13186 "-" "Mozilla/5.0 (X11; Linux x86_64) AppleWebKit/537.36 (KHTML, like Gecko) Chrome/95.0.4638.54 Safari/537.36"
101.228.235.222 - - [24/Oct/2021:04:27:29 -0700] "GET /css/style.css HTTP/1.1" 404 328 "http://www.secrepo.com/" "Mozilla/5.0 (X11; Linux x86_64) AppleWebKit/537.36 (KHTML, like Gecko) Chrome/95.0.4638.54 Safari/537.36"
101.228.235.222 - - [24/Oct/2021:04:27:29 -0700] "GET /twitter-icon.png HTTP/1.1" 200 27893 "http://www.secrepo.com/" "Mozilla/5.0 (X11; Linux x86_64) AppleWebKit/537.36 (KHTML, like Gecko) Chrome/95.0.4638.54 Safari/537.36"
101.228.235.222 - - [24/Oct/2021:04:27:30 -0700] "GET /GitHub-Mark.png HTTP/1.1" 200 7533 "http://www.secrepo.com/" "Mozilla/5.0 (X11; Linux x86_64) AppleWebKit/537.36 (KHTML, like Gecko) Chrome/95.0.4638.54 Safari/537.36"
101.228.235.222 - - [24/Oct/2021:04:27:33 -0700] "GET /bootstrap/img/favicon.ico HTTP/1.1" 200 713 "http://www.secrepo.com/" "Mozilla/5.0 (X11; Linux x86_64) AppleWebKit/537.36 (KHTML, like Gecko) Chrome/95.0.4638.54 Safari/537.36"
212.26.44.101 - - [24/Oct/2021:04:29:11 -0700] "GET / HTTP/1.1" 200 13186 "-" "Mozilla/5.0 (Windows NT 10.0; Win64; x64) AppleWebKit/537.36 (KHTML, like Gecko) Chrome/94.0.4606.81 Safari/537.36"
212.26.44.101 - - [24/Oct/2021:04:29:11 -0700] "GET /css/style.css HTTP/1.1" 404 305 "http://www.secrepo.com/" "Mozilla/5.0 (Windows NT 10.0; Win64; x64) AppleWebKit/537.36 (KHTML, like Gecko) Chrome/94.0.4606.81 Safari/537.36"
212.26.44.101 - - [24/Oct/2021:04:29:11 -0700] "GET /twitter-icon.png HTTP/1.1" 200 27916 "http://www.secrepo.com/" "Mozilla/5.0 (Windows NT 10.0; Win64; x64) AppleWebKit/537.36 (KHTML, like Gecko) Chrome/94.0.4606.81 Safari/537.36"
212.26.44.101 - - [24/Oct/2021:04:29:11 -0700] "GET /GitHub-Mark.png HTTP/1.1" 200 7556 "http://www.secrepo.com/" "Mozilla/5.0 (Windows NT 10.0; Win64; x64) AppleWebKit/537.36 (KHTML, like Gecko) Chrome/94.0.4606.81 Safari/537.36"
212.26.44.101 - - [24/Oct/2021:04:29:13 -0700] "GET /bootstrap/img/favicon.ico HTTP/1.1" 200 676 "http://www.secrepo.com/" "Mozilla/5.0 (Windows NT 10.0; Win64; x64) AppleWebKit/537.36 (KHTML, like Gecko) Chrome/94.0.4606.81 Safari/537.36"
216.244.66.245 - - [24/Oct/2021:04:30:08 -0700] "GET /robots.txt HTTP/1.1" 200 333 "-" "Mozilla/5.0 (compatible; DotBot/1.2; +https://opensiteexplorer.org/dotbot; help@moz.com)"
51.222.253.13 - - [24/Oct/2021:04:31:24 -0700] "GET /self.logs/error.log.2019-11-12.gz HTTP/1.1" 200 1003 "-" "Mozilla/5.0 (compatible; AhrefsBot/7.0; +http://ahrefs.com/robot/)"
106.53.108.93 - - [24/Oct/2021:04:32:04 -0700] "GET / HTTP/1.1" 200 13149 "-" "Mozilla/4.0 (compatible; MSIE 7.0; Windows NT 5.1; TencentTraveler ; EmbeddedWB 14.52 from: http://www.bsalsa.com/ EmbeddedWB 14.52; .NET CLR 2.0.50727; InfoPath.2; .NET CLR 3.0.04506.30; .NET CLR 3.0.04506.590; .NET CLR 3.0.04506.648; .NET CLR 3.5.21022)"
106.53.108.93 - - [24/Oct/2021:04:32:04 -0700] "GET / HTTP/1.1" 200 13142 "-" "Mozilla/5.0 (Windows NT 6.1; WOW64) AppleWebKit/537.36 (KHTML, like Gecko) Chrome/50.0.2661.102 Safari/537.36"
51.222.253.5 - - [24/Oct/2021:04:36:22 -0700] "GET /self.logs/access.log.2019-01-15.gz HTTP/1.1" 200 22172 "-" "Mozilla/5.0 (compatible; AhrefsBot/7.0; +http://ahrefs.com/robot/)"
216.244.66.245 - - [24/Oct/2021:04:37:40 -0700] "GET /self.logs/access.log.2020-06-30.gz HTTP/1.1" 200 15549 "-" "Mozilla/5.0 (compatible; DotBot/1.2; +https://opensiteexplorer.org/dotbot; help@moz.com)"
216.244.66.245 - - [24/Oct/2021:04:37:45 -0700] "GET /self.logs/access.log.2020-11-02.gz HTTP/1.1" 200 15043 "-" "Mozilla/5.0 (compatible; DotBot/1.2; +https://opensiteexplorer.org/dotbot; help@moz.com)"
